Component: ARM Compiler 5.06 update 5 (build 528) Tool: armlink [4d35e2]

==============================================================================

Section Cross References

    startup_stm32f407xx.o(RESET) refers to startup_stm32f407xx.o(STACK) for __initial_sp
    startup_stm32f407xx.o(RESET) refers to startup_stm32f407xx.o(.text) for Reset_Handler
    startup_stm32f407xx.o(RESET) refers to stm32f4xx_it.o(i.NMI_Handler) for NMI_Handler
    startup_stm32f407xx.o(RESET) refers to stm32f4xx_it.o(i.HardFault_Handler) for HardFault_Handler
    startup_stm32f407xx.o(RESET) refers to stm32f4xx_it.o(i.MemManage_Handler) for MemManage_Handler
    startup_stm32f407xx.o(RESET) refers to stm32f4xx_it.o(i.BusFault_Handler) for BusFault_Handler
    startup_stm32f407xx.o(RESET) refers to stm32f4xx_it.o(i.UsageFault_Handler) for UsageFault_Handler
    startup_stm32f407xx.o(RESET) refers to stm32f4xx_it.o(i.SVC_Handler) for SVC_Handler
    startup_stm32f407xx.o(RESET) refers to stm32f4xx_it.o(i.DebugMon_Handler) for DebugMon_Handler
    startup_stm32f407xx.o(RESET) refers to stm32f4xx_it.o(i.PendSV_Handler) for PendSV_Handler
    startup_stm32f407xx.o(RESET) refers to stm32f4xx_it.o(i.SysTick_Handler) for SysTick_Handler
    startup_stm32f407xx.o(RESET) refers to stm32f4xx_it.o(i.DMA1_Stream0_IRQHandler) for DMA1_Stream0_IRQHandler
    startup_stm32f407xx.o(RESET) refers to stm32f4xx_it.o(i.TIM2_IRQHandler) for TIM2_IRQHandler
    startup_stm32f407xx.o(RESET) refers to stm32f4xx_it.o(i.TIM3_IRQHandler) for TIM3_IRQHandler
    startup_stm32f407xx.o(RESET) refers to stm32f4xx_it.o(i.TIM4_IRQHandler) for TIM4_IRQHandler
    startup_stm32f407xx.o(RESET) refers to stm32f4xx_it.o(i.DMA1_Stream7_IRQHandler) for DMA1_Stream7_IRQHandler
    startup_stm32f407xx.o(RESET) refers to stm32f4xx_it.o(i.TIM5_IRQHandler) for TIM5_IRQHandler
    startup_stm32f407xx.o(RESET) refers to stm32f4xx_it.o(i.UART5_IRQHandler) for UART5_IRQHandler
    startup_stm32f407xx.o(.text) refers to system_stm32f4xx.o(i.SystemInit) for SystemInit
    startup_stm32f407xx.o(.text) refers to entry.o(.ARM.Collect$$$$00000000) for __main
    servo.o(i.DWT_Delay_ms) refers to stm32f4xx_hal_rcc.o(i.HAL_RCC_GetHCLKFreq) for HAL_RCC_GetHCLKFreq
    servo.o(i.SERVO_Get_MaxPulse) refers to servo.o(.data) for .data
    servo.o(i.SERVO_Get_MinPulse) refers to servo.o(.data) for .data
    servo.o(i.SERVO_Init) refers to memseta.o(.text) for __aeabi_memclr4
    servo.o(i.SERVO_Init) refers to dwt_delay.o(i.DWT_Delay_Init) for DWT_Delay_Init
    servo.o(i.SERVO_Init) refers to stm32f4xx_hal_gpio.o(i.HAL_GPIO_Init) for HAL_GPIO_Init
    servo.o(i.SERVO_Init) refers to dfltui.o(.text) for __aeabi_ui2d
    servo.o(i.SERVO_Init) refers to ddiv.o(.text) for __aeabi_ddiv
    servo.o(i.SERVO_Init) refers to dfixui.o(.text) for __aeabi_d2uiz
    servo.o(i.SERVO_Init) refers to dadd.o(.text) for __aeabi_dadd
    servo.o(i.SERVO_Init) refers to dmul.o(.text) for __aeabi_dmul
    servo.o(i.SERVO_Init) refers to stm32f4xx_hal_tim.o(i.HAL_TIM_Base_Init) for HAL_TIM_Base_Init
    servo.o(i.SERVO_Init) refers to stm32f4xx_hal_tim.o(i.HAL_TIM_ConfigClockSource) for HAL_TIM_ConfigClockSource
    servo.o(i.SERVO_Init) refers to stm32f4xx_hal_tim.o(i.HAL_TIM_PWM_Init) for HAL_TIM_PWM_Init
    servo.o(i.SERVO_Init) refers to stm32f4xx_hal_tim_ex.o(i.HAL_TIMEx_MasterConfigSynchronization) for HAL_TIMEx_MasterConfigSynchronization
    servo.o(i.SERVO_Init) refers to stm32f4xx_hal_tim.o(i.HAL_TIM_PWM_ConfigChannel) for HAL_TIM_PWM_ConfigChannel
    servo.o(i.SERVO_Init) refers to f2d.o(.text) for __aeabi_f2d
    servo.o(i.SERVO_Init) refers to stm32f4xx_hal_tim.o(i.HAL_TIM_PWM_Start) for HAL_TIM_PWM_Start
    servo.o(i.SERVO_Init) refers to servo_cfg.o(.constdata) for SERVO_CfgParam
    servo.o(i.SERVO_Init) refers to servo.o(.data) for .data
    servo.o(i.SERVO_MoveTo) refers to dfltui.o(.text) for __aeabi_ui2d
    servo.o(i.SERVO_MoveTo) refers to f2d.o(.text) for __aeabi_f2d
    servo.o(i.SERVO_MoveTo) refers to ddiv.o(.text) for __aeabi_ddiv
    servo.o(i.SERVO_MoveTo) refers to dadd.o(.text) for __aeabi_dadd
    servo.o(i.SERVO_MoveTo) refers to dfixui.o(.text) for __aeabi_d2uiz
    servo.o(i.SERVO_MoveTo) refers to servo.o(.data) for .data
    servo.o(i.SERVO_MoveTo) refers to servo_cfg.o(.constdata) for SERVO_CfgParam
    servo.o(i.SERVO_RawMove) refers to servo.o(.data) for .data
    servo.o(i.SERVO_RawMove) refers to servo_cfg.o(.constdata) for SERVO_CfgParam
    servo.o(i.SERVO_Sweep) refers to servo.o(i.SERVO_MoveTo) for SERVO_MoveTo
    servo.o(i.SERVO_Sweep) refers to servo.o(i.DWT_Delay_ms) for DWT_Delay_ms
    timer_delay.o(i.TimerDelay_Init) refers to stm32f4xx_hal_rcc.o(i.HAL_RCC_GetHCLKFreq) for HAL_RCC_GetHCLKFreq
    timer_delay.o(i.TimerDelay_Init) refers to stm32f4xx_hal_tim.o(i.HAL_TIM_Base_Init) for HAL_TIM_Base_Init
    timer_delay.o(i.TimerDelay_Init) refers to main.o(i.Error_Handler) for Error_Handler
[...]
    ../Drivers/STM32F4xx_HAL_Driver/Src/stm32f4xx_hal_dma_ex.c 0x00000000   Number         0  stm32f4xx_hal_dma_ex.o ABSOLUTE
    ../Drivers/STM32F4xx_HAL_Driver/Src/stm32f4xx_hal_exti.c 0x00000000   Number         0  stm32f4xx_hal_exti.o ABSOLUTE
    ../Drivers/STM32F4xx_HAL_Driver/Src/stm32f4xx_hal_flash.c 0x00000000   Number         0  stm32f4xx_hal_flash.o ABSOLUTE
    ../Drivers/STM32F4xx_HAL_Driver/Src/stm32f4xx_hal_flash_ex.c 0x00000000   Number         0  stm32f4xx_hal_flash_ex.o ABSOLUTE
    ../Drivers/STM32F4xx_HAL_Driver/Src/stm32f4xx_hal_flash_ramfunc.c 0x00000000   Number         0  stm32f4xx_hal_flash_ramfunc.o ABSOLUTE
    ../Drivers/STM32F4xx_HAL_Driver/Src/stm32f4xx_hal_gpio.c 0x00000000   Number         0  stm32f4xx_hal_gpio.o ABSOLUTE
    ../Drivers/STM32F4xx_HAL_Driver/Src/stm32f4xx_hal_i2c.c 0x00000000   Number         0  stm32f4xx_hal_i2c.o ABSOLUTE
    ../Drivers/STM32F4xx_HAL_Driver/Src/stm32f4xx_hal_i2c_ex.c 0x00000000   Number         0  stm32f4xx_hal_i2c_ex.o ABSOLUTE
    ../Drivers/STM32F4xx_HAL_Driver/Src/stm32f4xx_hal_pwr.c 0x00000000   Number         0  stm32f4xx_hal_pwr.o ABSOLUTE
    ../Drivers/STM32F4xx_HAL_Driver/Src/stm32f4xx_hal_pwr_ex.c 0x00000000   Number         0  stm32f4xx_hal_pwr_ex.o ABSOLUTE
    ../Drivers/STM32F4xx_HAL_Driver/Src/stm32f4xx_hal_rcc.c 0x00000000   Number         0  stm32f4xx_hal_rcc.o ABSOLUTE
    ../Drivers/STM32F4xx_HAL_Driver/Src/stm32f4xx_hal_rcc_ex.c 0x00000000   Number         0  stm32f4xx_hal_rcc_ex.o ABSOLUTE
    ../Drivers/STM32F4xx_HAL_Driver/Src/stm32f4xx_hal_tim.c 0x00000000   Number         0  stm32f4xx_hal_tim.o ABSOLUTE
    ../Drivers/STM32F4xx_HAL_Driver/Src/stm32f4xx_hal_tim_ex.c 0x00000000   Number         0  stm32f4xx_hal_tim_ex.o ABSOLUTE
    ../Drivers/STM32F4xx_HAL_Driver/Src/stm32f4xx_hal_uart.c 0x00000000   Number         0  stm32f4xx_hal_uart.o ABSOLUTE
    ../Src/main.c                            0x00000000   Number         0  main.o ABSOLUTE
    ../Src/stm32f4xx_hal_msp.c               0x00000000   Number         0  stm32f4xx_hal_msp.o ABSOLUTE
    ../Src/stm32f4xx_it.c                    0x00000000   Number         0  stm32f4xx_it.o ABSOLUTE
    ../Src/system_stm32f4xx.c                0x00000000   Number         0  system_stm32f4xx.o ABSOLUTE
    ../clib/microlib/ctype/ctype.c           0x00000000   Number         0  isspace_c.o ABSOLUTE
    ../clib/microlib/ctype/ctype.c           0x00000000   Number         0  ctype_c.o ABSOLUTE
    ../clib/microlib/division.c              0x00000000   Number         0  uldiv.o ABSOLUTE
    ../clib/microlib/init/entry.s            0x00000000   Number         0  entry10a.o ABSOLUTE
    ../clib/microlib/init/entry.s            0x00000000   Number         0  entry5.o ABSOLUTE
    ../clib/microlib/init/entry.s            0x00000000   Number         0  entry9b.o ABSOLUTE
    ../clib/microlib/init/entry.s            0x00000000   Number         0  entry8b.o ABSOLUTE
    ../clib/microlib/init/entry.s            0x00000000   Number         0  entry8a.o ABSOLUTE
    ../clib/microlib/init/entry.s            0x00000000   Number         0  entry7b.o ABSOLUTE
    ../clib/microlib/init/entry.s            0x00000000   Number         0  entry7a.o ABSOLUTE
    ../clib/microlib/init/entry.s            0x00000000   Number         0  entry9a.o ABSOLUTE
    ../clib/microlib/init/entry.s            0x00000000   Number         0  entry11a.o ABSOLUTE
    ../clib/microlib/init/entry.s            0x00000000   Number         0  entry2.o ABSOLUTE
    ../clib/microlib/init/entry.s            0x00000000   Number         0  entry11b.o ABSOLUTE
    ../clib/microlib/init/entry.s            0x00000000   Number         0  entry.o ABSOLUTE
    ../clib/microlib/init/entry.s            0x00000000   Number         0  entry10b.o ABSOLUTE
    ../clib/microlib/longlong.c              0x00000000   Number         0  llsshr.o ABSOLUTE
    ../clib/microlib/longlong.c              0x00000000   Number         0  llshl.o ABSOLUTE
    ../clib/microlib/longlong.c              0x00000000   Number         0  llushr.o ABSOLUTE
    ../clib/microlib/string/memset.c         0x00000000   Number         0  memseta.o ABSOLUTE
    ../clib/microlib/string/strchr.c         0x00000000   Number         0  strchr.o ABSOLUTE
    ../clib/microlib/string/strtok.c         0x00000000   Number         0  strtok_r.o ABSOLUTE
    ../clib/microlib/string/strtok.c         0x00000000   Number         0  strtok.o ABSOLUTE
    ../clib/microlib/stubs.s                 0x00000000   Number         0  iusefp.o ABSOLUTE
    ../clib/scanf.c                          0x00000000   Number         0  _sgetc.o ABSOLUTE
    ../clib/scanf.c                          0x00000000   Number         0  scanf_fp.o ABSOLUTE
    ../clib/scanf.c                          0x00000000   Number         0  strtod.o ABSOLUTE
    ../fplib/microlib/d2f.c                  0x00000000   Number         0  d2f.o ABSOLUTE
    ../fplib/microlib/f2d.c                  0x00000000   Number         0  f2d.o ABSOLUTE
    ../fplib/microlib/fpadd.c                0x00000000   Number         0  dadd.o ABSOLUTE
    ../fplib/microlib/fpdiv.c                0x00000000   Number         0  ddiv.o ABSOLUTE
    ../fplib/microlib/fpepilogue.c           0x00000000   Number         0  fepilogue.o ABSOLUTE
    ../fplib/microlib/fpepilogue.c           0x00000000   Number         0  depilogue.o ABSOLUTE
    ../fplib/microlib/fpfix.c                0x00000000   Number         0  dfixui.o ABSOLUTE
    ../fplib/microlib/fpflt.c                0x00000000   Number         0  dflti.o ABSOLUTE
    ../fplib/microlib/fpflt.c                0x00000000   Number         0  dfltul.o ABSOLUTE
    ../fplib/microlib/fpflt.c                0x00000000   Number         0  dfltui.o ABSOLUTE
    ../fplib/microlib/fpmul.c                0x00000000   Number         0  dmul.o ABSOLUTE
    ../mathlib/floor.c                       0x00000000   Number         0  floor.o ABSOLUTE
    ../mathlib/strtod.c                      0x00000000   Number         0  strtod.o ABSOLUTE
    ..\Drivers\STM32F4xx_HAL_Driver\Src\stm32f4xx_hal.c 0x00000000   Number         0  stm32f4xx_hal.o ABSOLUTE
    ..\Drivers\STM32F4xx_HAL_Driver\Src\stm32f4xx_hal_cortex.c 0x00000000   Number         0  stm32f4xx_hal_cortex.o ABSOLUTE
    ..\Drivers\STM32F4xx_HAL_Driver\Src\stm32f4xx_hal_dma.c 0x00000000   Number         0  stm32f4xx_hal_dma.o ABSOLUTE
    ..\Drivers\STM32F4xx_HAL_Driver\Src\stm32f4xx_hal_dma_ex.c 0x00000000   Number         0  stm32f4xx_hal_dma_ex.o ABSOLUTE
    ..\Drivers\STM32F4xx_HAL_Driver\Src\stm32f4xx_hal_exti.c 0x00000000   Number         0  stm32f4xx_hal_exti.o ABSOLUTE
    ..\Drivers\STM32F4xx_HAL_Driver\Src\stm32f4xx_hal_flash.c 0x00000000   Number         0  stm32f4xx_hal_flash.o ABSOLUTE
    ..\Drivers\STM32F4xx_HAL_Driver\Src\stm32f4xx_hal_flash_ex.c 0x00000000   Number         0  stm32f4xx_hal_flash_ex.o ABSOLUTE
    ..\Drivers\STM32F4xx_HAL_Driver\Src\stm32f4xx_hal_flash_ramfunc.c 0x00000000   Number         0  stm32f4xx_hal_flash_ramfunc.o ABSOLUTE
    ..\Drivers\STM32F4xx_HAL_Driver\Src\stm32f4xx_hal_gpio.c 0x00000000   Number         0  stm32f4xx_hal_gpio.o ABSOLUTE
    ..\Drivers\STM32F4xx_HAL_Driver\Src\stm32f4xx_hal_i2c.c 0x00000000   Number         0  stm32f4xx_hal_i2c.o ABSOLUTE
    ..\Drivers\STM32F4xx_HAL_Driver\Src\stm32f4xx_hal_i2c_ex.c 0x00000000   Number         0  stm32f4xx_hal_i2c_ex.o ABSOLUTE
    ..\Drivers\STM32F4xx_HAL_Driver\Src\stm32f4xx_hal_pwr.c 0x00000000   Number         0  stm32f4xx_hal_pwr.o ABSOLUTE
    ..\Drivers\STM32F4xx_HAL_Driver\Src\stm32f4xx_hal_pwr_ex.c 0x00000000   Number         0  stm32f4xx_hal_pwr_ex.o ABSOLUTE
    ..\Drivers\STM32F4xx_HAL_Driver\Src\stm32f4xx_hal_rcc.c 0x00000000   Number         0  stm32f4xx_hal_rcc.o ABSOLUTE
    ..\Drivers\STM32F4xx_HAL_Driver\Src\stm32f4xx_hal_rcc_ex.c 0x00000000   Number         0  stm32f4xx_hal_rcc_ex.o ABSOLUTE
    ..\Drivers\STM32F4xx_HAL_Driver\Src\stm32f4xx_hal_tim.c 0x00000000   Number         0  stm32f4xx_hal_tim.o ABSOLUTE
    ..\Drivers\STM32F4xx_HAL_Driver\Src\stm32f4xx_hal_tim_ex.c 0x00000000   Number         0  stm32f4xx_hal_tim_ex.o ABSOLUTE
    ..\Drivers\STM32F4xx_HAL_Driver\Src\stm32f4xx_hal_uart.c 0x00000000   Number         0  stm32f4xx_hal_uart.o ABSOLUTE
    ..\SERVO\SERVO.c                         0x00000000   Number         0  servo.o ABSOLUTE
    ..\SERVO\SERVO_cfg.c                     0x00000000   Number         0  servo_cfg.o ABSOLUTE
    ..\SERVO\util\DWT_Delay.c                0x00000000   Number         0  dwt_delay.o ABSOLUTE
    ..\SERVO\util\Timer_Delay.c              0x00000000   Number         0  timer_delay.o ABSOLUTE
    ..\Src\main.c                            0x00000000   Number         0  main.o ABSOLUTE
    ..\Src\pca9685.c                         0x00000000   Number         0  pca9685.o ABSOLUTE
    ..\Src\pid_controller.c                  0x00000000   Number         0  pid_controller.o ABSOLUTE
    ..\Src\stm32f4xx_hal_msp.c               0x00000000   Number         0  stm32f4xx_hal_msp.o ABSOLUTE
    ..\Src\stm32f4xx_it.c                    0x00000000   Number         0  stm32f4xx_it.o ABSOLUTE
    ..\Src\system_stm32f4xx.c                0x00000000   Number         0  system_stm32f4xx.o ABSOLUTE
    ..\\SERVO\\SERVO.c                       0x00000000   Number         0  servo.o ABSOLUTE
    ..\\SERVO\\SERVO_cfg.c                   0x00000000   Number         0  servo_cfg.o ABSOLUTE
    ..\\SERVO\\util\\DWT_Delay.c             0x00000000   Number         0  dwt_delay.o ABSOLUTE
    ..\\SERVO\\util\\Timer_Delay.c           0x00000000   Number         0  timer_delay.o ABSOLUTE
    ..\\Src\\pca9685.c                       0x00000000   Number         0  pca9685.o ABSOLUTE
    cdrcmple.s                               0x00000000   Number         0  cdrcmple.o ABSOLUTE
    dc.s                                     0x00000000   Number         0  dc.o ABSOLUTE
    handlers.s                               0x00000000   Number         0  handlers.o ABSOLUTE
    init.s                                   0x00000000   Number         0  init.o ABSOLUTE
    startup_stm32f407xx.s                    0x00000000   Number         0  startup_stm32f407xx.o ABSOLUTE
    RESET                                    0x08000000   Section      392  startup_stm32f407xx.o(RESET)
    .ARM.Collect$$$$00000000                 0x08000188   Section        0  entry.o(.ARM.Collect$$$$00000000)
    .ARM.Collect$$$$00000001                 0x08000188   Section        4  entry2.o(.ARM.Collect$$$$00000001)
    .ARM.Collect$$$$00000004                 0x0800018c   Section        4  entry5.o(.ARM.Collect$$$$00000004)
    .ARM.Collect$$$$00000008                 0x08000190   Section        0  entry7b.o(.ARM.Collect$$$$00000008)
    .ARM.Collect$$$$0000000A                 0x08000190   Section        0  entry8b.o(.ARM.Collect$$$$0000000A)
    .ARM.Collect$$$$0000000B                 0x08000190   Section        8  entry9a.o(.ARM.Collect$$$$0000000B)
    .ARM.Collect$$$$0000000D                 0x08000198   Section        0  entry10a.o(.ARM.Collect$$$$0000000D)
    .ARM.Collect$$$$0000000F                 0x08000198   Section        0  entry11a.o(.ARM.Collect$$$$0000000F)
    .ARM.Collect$$$$00002712                 0x08000198   Section        4  entry2.o(.ARM.Collect$$$$00002712)
    __lit__00000000                          0x08000198   Data           4  entry2.o(.ARM.Collect$$$$00002712)
    .text                                    0x0800019c   Section       36  startup_stm32f407xx.o(.text)
    $v0                                      0x0800019c   Number         0  startup_stm32f407xx.o(.text)
    .text                                    0x080001c0   Section        0  uldiv.o(.text)
    .text                                    0x08000222   Section        0  memseta.o(.text)
    .text                                    0x08000246   Section        0  strchr.o(.text)
    .text                                    0x0800025c   Section        0  strtok.o(.text)
    .text                                    0x080002a0   Section        0  dadd.o(.text)
    .text                                    0x080003ee   Section        0  dmul.o(.text)
    .text                                    0x080004d2   Section        0  ddiv.o(.text)
    .text                                    0x080005b0   Section        0  dflti.o(.text)
    .text                                    0x080005d2   Section        0  dfltui.o(.text)
    .text                                    0x080005ec   Section        0  dfixui.o(.text)
    .text                                    0x0800061e   Section        0  f2d.o(.text)
    .text                                    0x08000644   Section        0  d2f.o(.text)
    .text                                    0x0800067c   Section        0  llshl.o(.text)
    .text                                    0x0800069a   Section        0  llushr.o(.text)
    .text                                    0x080006ba   Section        0  llsshr.o(.text)
    .text                                    0x080006e0   Section        0  strtod.o(.text)
    _local_sscanf                            0x080006e1   Thumb Code    54  strtod.o(.text)
    .text                                    0x0800077c   Section        0  iusefp.o(.text)
    .text                                    0x0800077c   Section        0  fepilogue.o(.text)
    .text                                    0x080007ea   Section        0  depilogue.o(.text)
    .text                                    0x080008a4   Section       48  cdrcmple.o(.text)
    .text                                    0x080008d4   Section       36  init.o(.text)
    .text                                    0x080008f8   Section        0  isspace_c.o(.text)
    .text                                    0x08000904   Section        0  scanf_fp.o(.text)
    _fp_value                                0x08000905   Thumb Code   296  scanf_fp.o(.text)
    .text                                    0x08000c64   Section        0  _sgetc.o(.text)
    .text                                    0x08000ca4   Section        0  ctype_c.o(.text)
    .text                                    0x08000ccc   Section        0  dfltul.o(.text)
    i.BusFault_Handler                       0x08000ce4   Section        0  stm32f4xx_it.o(i.BusFault_Handler)
    i.DMA1_Stream0_IRQHandler                0x08000ce8   Section        0  stm32f4xx_it.o(i.DMA1_Stream0_IRQHandler)
    i.DMA1_Stream7_IRQHandler                0x08000cf4   Section        0  stm32f4xx_it.o(i.DMA1_Stream7_IRQHandler)
    i.DMA_CalcBaseAndBitshift                0x08000d00   Section        0  stm32f4xx_hal_dma.o(i.DMA_CalcBaseAndBitshift)
    DMA_CalcBaseAndBitshift                  0x08000d01   Thumb Code    34  stm32f4xx_hal_dma.o(i.DMA_CalcBaseAndBitshift)
    i.DMA_CheckFifoParam                     0x08000d28   Section        0  stm32f4xx_hal_dma.o(i.DMA_CheckFifoParam)
    DMA_CheckFifoParam                       0x08000d29   Thumb Code    84  stm32f4xx_hal_dma.o(i.DMA_CheckFifoParam)
    i.DMA_SetConfig                          0x08000d7c   Section        0  stm32f4xx_hal_dma.o(i.DMA_SetConfig)
    DMA_SetConfig                            0x08000d7d   Thumb Code    40  stm32f4xx_hal_dma.o(i.DMA_SetConfig)
    i.DebugMon_Handler                       0x08000da4   Section        0  stm32f4xx_it.o(i.DebugMon_Handler)
    i.Error_Handler                          0x08000da6   Section        0  main.o(i.Error_Handler)
    i.HAL_DMA_Abort                          0x08000da8   Section        0  stm32f4xx_hal_dma.o(i.HAL_DMA_Abort)
    i.HAL_DMA_Abort_IT                       0x08000e36   Section        0  stm32f4xx_hal_dma.o(i.HAL_DMA_Abort_IT)
    i.HAL_DMA_IRQHandler                     0x08000e5c   Section        0  stm32f4xx_hal_dma.o(i.HAL_DMA_IRQHandler)
    i.HAL_DMA_Init                           0x08000ffc   Section        0  stm32f4xx_hal_dma.o(i.HAL_DMA_Init)
    i.HAL_DMA_Start_IT                       0x080010d0   Section        0  stm32f4xx_hal_dma.o(i.HAL_DMA_Start_IT)
    i.HAL_Delay                              0x08001140   Section        0  stm32f4xx_hal.o(i.HAL_Delay)
    i.HAL_GPIO_Init                          0x08001164   Section        0  stm32f4xx_hal_gpio.o(i.HAL_GPIO_Init)
    i.HAL_GPIO_WritePin                      0x0800131c   Section        0  stm32f4xx_hal_gpio.o(i.HAL_GPIO_WritePin)
    i.HAL_GetTick                            0x08001328   Section        0  stm32f4xx_hal.o(i.HAL_GetTick)
    i.HAL_I2C_Init                           0x08001334   Section        0  stm32f4xx_hal_i2c.o(i.HAL_I2C_Init)
    i.HAL_I2C_Master_Transmit                0x080014bc   Section        0  stm32f4xx_hal_i2c.o(i.HAL_I2C_Master_Transmit)
    i.HAL_I2C_Mem_Read                       0x080015e8   Section        0  stm32f4xx_hal_i2c.o(i.HAL_I2C_Mem_Read)
    i.HAL_I2C_Mem_Write                      0x080017e0   Section        0  stm32f4xx_hal_i2c.o(i.HAL_I2C_Mem_Write)
    i.HAL_I2C_MspInit                        0x08001910   Section        0  stm32f4xx_hal_msp.o(i.HAL_I2C_MspInit)
    i.HAL_IncTick                            0x08001978   Section        0  stm32f4xx_hal.o(i.HAL_IncTick)
    i.HAL_Init                               0x08001988   Section        0  stm32f4xx_hal.o(i.HAL_Init)
    i.HAL_InitTick                           0x080019bc   Section        0  stm32f4xx_hal.o(i.HAL_InitTick)
    i.HAL_MspInit                            0x080019fc   Section        0  stm32f4xx_hal_msp.o(i.HAL_MspInit)
    i.HAL_NVIC_EnableIRQ                     0x08001a2c   Section        0  stm32f4xx_hal_cortex.o(i.HAL_NVIC_EnableIRQ)
    i.HAL_NVIC_SetPriority                   0x08001a48   Section        0  stm32f4xx_hal_cortex.o(i.HAL_NVIC_SetPriority)
    i.HAL_NVIC_SetPriorityGrouping           0x08001a88   Section        0  stm32f4xx_hal_cortex.o(i.HAL_NVIC_SetPriorityGrouping)
    i.HAL_RCC_ClockConfig                    0x08001aac   Section        0  stm32f4xx_hal_rcc.o(i.HAL_RCC_ClockConfig)
    i.HAL_RCC_GetPCLK1Freq                   0x08001be0   Section        0  stm32f4xx_hal_rcc.o(i.HAL_RCC_GetPCLK1Freq)
    i.HAL_RCC_GetPCLK2Freq                   0x08001c00   Section        0  stm32f4xx_hal_rcc.o(i.HAL_RCC_GetPCLK2Freq)
    i.HAL_RCC_GetSysClockFreq                0x08001c20   Section        0  stm32f4xx_hal_rcc.o(i.HAL_RCC_GetSysClockFreq)
    i.HAL_RCC_OscConfig                      0x08001c80   Section        0  stm32f4xx_hal_rcc.o(i.HAL_RCC_OscConfig)
    i.HAL_SYSTICK_Config                     0x08001fdc   Section        0  stm32f4xx_hal_cortex.o(i.HAL_SYSTICK_Config)
    i.HAL_TIMEx_BreakCallback                0x08002004   Section        0  stm32f4xx_hal_tim_ex.o(i.HAL_TIMEx_BreakCallback)
    i.HAL_TIMEx_CommutCallback               0x08002006   Section        0  stm32f4xx_hal_tim_ex.o(i.HAL_TIMEx_CommutCallback)
    i.HAL_TIMEx_MasterConfigSynchronization  0x08002008   Section        0  stm32f4xx_hal_tim_ex.o(i.HAL_TIMEx_MasterConfigSynchronization)
    i.HAL_TIM_Base_Init                      0x08002098   Section        0  stm32f4xx_hal_tim.o(i.HAL_TIM_Base_Init)
    i.HAL_TIM_Base_MspInit                   0x080020d0   Section        0  stm32f4xx_hal_msp.o(i.HAL_TIM_Base_MspInit)
    i.HAL_TIM_ConfigClockSource              0x08002108   Section        0  stm32f4xx_hal_tim.o(i.HAL_TIM_ConfigClockSource)
    i.HAL_TIM_Encoder_Init                   0x080021de   Section        0  stm32f4xx_hal_tim.o(i.HAL_TIM_Encoder_Init)
    i.HAL_TIM_Encoder_MspInit                0x08002278   Section        0  stm32f4xx_hal_msp.o(i.HAL_TIM_Encoder_MspInit)
    i.HAL_TIM_Encoder_Start                  0x080023cc   Section        0  stm32f4xx_hal_tim.o(i.HAL_TIM_Encoder_Start)
    i.HAL_TIM_IC_CaptureCallback             0x08002400   Section        0  stm32f4xx_hal_tim.o(i.HAL_TIM_IC_CaptureCallback)
    i.HAL_TIM_IRQHandler                     0x08002402   Section        0  stm32f4xx_hal_tim.o(i.HAL_TIM_IRQHandler)
    i.HAL_TIM_MspPostInit                    0x08002568   Section        0  stm32f4xx_hal_msp.o(i.HAL_TIM_MspPostInit)
    i.HAL_TIM_OC_DelayElapsedCallback        0x080025dc   Section        0  stm32f4xx_hal_tim.o(i.HAL_TIM_OC_DelayElapsedCallback)
    i.HAL_TIM_PWM_ConfigChannel              0x080025de   Section        0  stm32f4xx_hal_tim.o(i.HAL_TIM_PWM_ConfigChannel)
    i.HAL_TIM_PWM_Init                       0x080026ae   Section        0  stm32f4xx_hal_tim.o(i.HAL_TIM_PWM_Init)
    i.HAL_TIM_PWM_MspInit                    0x080026e4   Section        0  stm32f4xx_hal_tim.o(i.HAL_TIM_PWM_MspInit)
    i.HAL_TIM_PWM_PulseFinishedCallback      0x080026e6   Section        0  stm32f4xx_hal_tim.o(i.HAL_TIM_PWM_PulseFinishedCallback)
    i.HAL_TIM_PWM_Start                      0x080026e8   Section        0  stm32f4xx_hal_tim.o(i.HAL_TIM_PWM_Start)
    i.HAL_TIM_PeriodElapsedCallback          0x0800272c   Section        0  stm32f4xx_hal_tim.o(i.HAL_TIM_PeriodElapsedCallback)
    i.HAL_TIM_TriggerCallback                0x0800272e   Section        0  stm32f4xx_hal_tim.o(i.HAL_TIM_TriggerCallback)
    i.HAL_UART_DMAResume                     0x08002730   Section        0  stm32f4xx_hal_uart.o(i.HAL_UART_DMAResume)
    i.HAL_UART_DMAStop                       0x0800278e   Section        0  stm32f4xx_hal_uart.o(i.HAL_UART_DMAStop)
    i.HAL_UART_ErrorCallback                 0x080027e6   Section        0  stm32f4xx_hal_uart.o(i.HAL_UART_ErrorCallback)
    i.HAL_UART_IRQHandler                    0x080027e8   Section        0  stm32f4xx_hal_uart.o(i.HAL_UART_IRQHandler)
    i.HAL_UART_Init                          0x080028fc   Section        0  stm32f4xx_hal_uart.o(i.HAL_UART_Init)
    i.HAL_UART_MspInit                       0x08002960   Section        0  stm32f4xx_hal_msp.o(i.HAL_UART_MspInit)
    i.HAL_UART_Receive_DMA                   0x08002a6c   Section        0  stm32f4xx_hal_uart.o(i.HAL_UART_Receive_DMA)
    i.HAL_UART_RxCpltCallback                0x08002b04   Section        0  main.o(i.HAL_UART_RxCpltCallback)
    i.HAL_UART_RxHalfCpltCallback            0x08002b6c   Section        0  stm32f4xx_hal_uart.o(i.HAL_UART_RxHalfCpltCallback)
    i.HAL_UART_Transmit                      0x08002b6e   Section        0  stm32f4xx_hal_uart.o(i.HAL_UART_Transmit)
    i.HAL_UART_TxCpltCallback                0x08002c28   Section        0  stm32f4xx_hal_uart.o(i.HAL_UART_TxCpltCallback)
    i.HardFault_Handler                      0x08002c2a   Section        0  stm32f4xx_it.o(i.HardFault_Handler)
    i.I2C_IsAcknowledgeFailed                0x08002c2c   Section        0  stm32f4xx_hal_i2c.o(i.I2C_IsAcknowledgeFailed)
    I2C_IsAcknowledgeFailed                  0x08002c2d   Thumb Code    46  stm32f4xx_hal_i2c.o(i.I2C_IsAcknowledgeFailed)
    i.I2C_MasterRequestWrite                 0x08002c5c   Section        0  stm32f4xx_hal_i2c.o(i.I2C_MasterRequestWrite)
    I2C_MasterRequestWrite                   0x08002c5d   Thumb Code   150  stm32f4xx_hal_i2c.o(i.I2C_MasterRequestWrite)
    i.I2C_RequestMemoryRead                  0x08002cf8   Section        0  stm32f4xx_hal_i2c.o(i.I2C_RequestMemoryRead)
    I2C_RequestMemoryRead                    0x08002cf9   Thumb Code   246  stm32f4xx_hal_i2c.o(i.I2C_RequestMemoryRead)
    i.I2C_RequestMemoryWrite                 0x08002df4   Section        0  stm32f4xx_hal_i2c.o(i.I2C_RequestMemoryWrite)
    I2C_RequestMemoryWrite                   0x08002df5   Thumb Code   162  stm32f4xx_hal_i2c.o(i.I2C_RequestMemoryWrite)
    i.I2C_WaitOnBTFFlagUntilTimeout          0x08002e9c   Section        0  stm32f4xx_hal_i2c.o(i.I2C_WaitOnBTFFlagUntilTimeout)
    I2C_WaitOnBTFFlagUntilTimeout            0x08002e9d   Thumb Code    76  stm32f4xx_hal_i2c.o(i.I2C_WaitOnBTFFlagUntilTimeout)
    i.I2C_WaitOnFlagUntilTimeout             0x08002ee8   Section        0  stm32f4xx_hal_i2c.o(i.I2C_WaitOnFlagUntilTimeout)
    I2C_WaitOnFlagUntilTimeout               0x08002ee9   Thumb Code   104  stm32f4xx_hal_i2c.o(i.I2C_WaitOnFlagUntilTimeout)
    i.I2C_WaitOnMasterAddressFlagUntilTimeout 0x08002f50   Section        0  stm32f4xx_hal_i2c.o(i.I2C_WaitOnMasterAddressFlagUntilTimeout)
    I2C_WaitOnMasterAddressFlagUntilTimeout  0x08002f51   Thumb Code   150  stm32f4xx_hal_i2c.o(i.I2C_WaitOnMasterAddressFlagUntilTimeout)
    i.I2C_WaitOnRXNEFlagUntilTimeout         0x08002fe6   Section        0  stm32f4xx_hal_i2c.o(i.I2C_WaitOnRXNEFlagUntilTimeout)
    I2C_WaitOnRXNEFlagUntilTimeout           0x08002fe7   Thumb Code   102  stm32f4xx_hal_i2c.o(i.I2C_WaitOnRXNEFlagUntilTimeout)
    i.I2C_WaitOnTXEFlagUntilTimeout          0x0800304c   Section        0  stm32f4xx_hal_i2c.o(i.I2C_WaitOnTXEFlagUntilTimeout)
    I2C_WaitOnTXEFlagUntilTimeout            0x0800304d   Thumb Code    76  stm32f4xx_hal_i2c.o(i.I2C_WaitOnTXEFlagUntilTimeout)
    i.MX_GPIO_Init                           0x08003098   Section        0  main.o(i.MX_GPIO_Init)
    MX_GPIO_Init                             0x08003099   Thumb Code   216  main.o(i.MX_GPIO_Init)
    i.MX_TIM1_Init                           0x0800317c   Section        0  main.o(i.MX_TIM1_Init)
    MX_TIM1_Init                             0x0800317d   Thumb Code    88  main.o(i.MX_TIM1_Init)
    i.MX_TIM2_Init                           0x080031dc   Section        0  main.o(i.MX_TIM2_Init)
    MX_TIM2_Init                             0x080031dd   Thumb Code   146  main.o(i.MX_TIM2_Init)
    i.MX_TIM3_Init                           0x08003274   Section        0  main.o(i.MX_TIM3_Init)
    MX_TIM3_Init                             0x08003275   Thumb Code    86  main.o(i.MX_TIM3_Init)
    i.MX_TIM4_Init                           0x080032d4   Section        0  main.o(i.MX_TIM4_Init)
    MX_TIM4_Init                             0x080032d5   Thumb Code    86  main.o(i.MX_TIM4_Init)
    i.MX_TIM5_Init                           0x08003334   Section        0  main.o(i.MX_TIM5_Init)
    MX_TIM5_Init                             0x08003335   Thumb Code    86  main.o(i.MX_TIM5_Init)
    i.MemManage_Handler                      0x08003394   Section        0  stm32f4xx_it.o(i.MemManage_Handler)
    i.NMI_Handler                            0x08003396   Section        0  stm32f4xx_it.o(i.NMI_Handler)
    i.PCA9685_AutoIncrement                  0x08003398   Section        0  pca9685.o(i.PCA9685_AutoIncrement)
    i.PCA9685_Init                           0x080033a4   Section        0  pca9685.o(i.PCA9685_Init)
    i.PCA9685_RestartMode                    0x080033c4   Section        0  pca9685.o(i.PCA9685_RestartMode)
    i.PCA9685_SetBit                         0x080033d0   Section        0  pca9685.o(i.PCA9685_SetBit)
    i.PCA9685_SetPwmFrequency                0x08003440   Section        0  pca9685.o(i.PCA9685_SetPwmFrequency)
    i.PCA9685_SleepMode                      0x08003504   Section        0  pca9685.o(i.PCA9685_SleepMode)
    i.PCA9685_SoftwareReset                  0x08003510   Section        0  pca9685.o(i.PCA9685_SoftwareReset)
    i.PIDCompute                             0x08003538   Section        0  pid_controller.o(i.PIDCompute)
    i.PIDInit                                0x080035cc   Section        0  pid_controller.o(i.PIDInit)
    i.PIDOutputLimitsSet                     0x0800363c   Section        0  pid_controller.o(i.PIDOutputLimitsSet)
    i.PIDTuningsSet                          0x080036a4   Section        0  pid_controller.o(i.PIDTuningsSet)
    i.PendSV_Handler                         0x08003704   Section        0  stm32f4xx_it.o(i.PendSV_Handler)
    i.SVC_Handler                            0x08003706   Section        0  stm32f4xx_it.o(i.SVC_Handler)
    i.SysTick_Handler                        0x08003708   Section        0  stm32f4xx_it.o(i.SysTick_Handler)
    i.SystemClock_Config                     0x08003728   Section        0  main.o(i.SystemClock_Config)
    i.SystemInit                             0x080037a8   Section        0  system_stm32f4xx.o(i.SystemInit)
    i.TIM2_IRQHandler                        0x080037c4   Section        0  stm32f4xx_it.o(i.TIM2_IRQHandler)
    i.TIM3_IRQHandler                        0x080037d0   Section        0  stm32f4xx_it.o(i.TIM3_IRQHandler)
    i.TIM4_IRQHandler                        0x080037dc   Section        0  stm32f4xx_it.o(i.TIM4_IRQHandler)
    i.TIM5_IRQHandler                        0x080037e8   Section        0  stm32f4xx_it.o(i.TIM5_IRQHandler)
    i.TIM_Base_SetConfig                     0x080037f4   Section        0  stm32f4xx_hal_tim.o(i.TIM_Base_SetConfig)
    i.TIM_CCxChannelCmd                      0x080038bc   Section        0  stm32f4xx_hal_tim.o(i.TIM_CCxChannelCmd)
    i.TIM_ETR_SetConfig                      0x080038d6   Section        0  stm32f4xx_hal_tim.o(i.TIM_ETR_SetConfig)
    i.TIM_ITRx_SetConfig                     0x080038ea   Section        0  stm32f4xx_hal_tim.o(i.TIM_ITRx_SetConfig)
    TIM_ITRx_SetConfig                       0x080038eb   Thumb Code    16  stm32f4xx_hal_tim.o(i.TIM_ITRx_SetConfig)
    i.TIM_OC1_SetConfig                      0x080038fc   Section        0  stm32f4xx_hal_tim.o(i.TIM_OC1_SetConfig)
    TIM_OC1_SetConfig                        0x080038fd   Thumb Code    88  stm32f4xx_hal_tim.o(i.TIM_OC1_SetConfig)
    i.TIM_OC2_SetConfig                      0x0800395c   Section        0  stm32f4xx_hal_tim.o(i.TIM_OC2_SetConfig)
    i.TIM_OC3_SetConfig                      0x080039c8   Section        0  stm32f4xx_hal_tim.o(i.TIM_OC3_SetConfig)
    TIM_OC3_SetConfig                        0x080039c9   Thumb Code    96  stm32f4xx_hal_tim.o(i.TIM_OC3_SetConfig)
    i.TIM_OC4_SetConfig                      0x08003a30   Section        0  stm32f4xx_hal_tim.o(i.TIM_OC4_SetConfig)
    TIM_OC4_SetConfig                        0x08003a31   Thumb Code    70  stm32f4xx_hal_tim.o(i.TIM_OC4_SetConfig)
    i.TIM_TI1_ConfigInputStage               0x08003a80   Section        0  stm32f4xx_hal_tim.o(i.TIM_TI1_ConfigInputStage)
    TIM_TI1_ConfigInputStage                 0x08003a81   Thumb Code    34  stm32f4xx_hal_tim.o(i.TIM_TI1_ConfigInputStage)
    i.TIM_TI2_ConfigInputStage               0x08003aa2   Section        0  stm32f4xx_hal_tim.o(i.TIM_TI2_ConfigInputStage)
    TIM_TI2_ConfigInputStage                 0x08003aa3   Thumb Code    36  stm32f4xx_hal_tim.o(i.TIM_TI2_ConfigInputStage)
    i.UART5_IRQHandler                       0x08003ac8   Section        0  stm32f4xx_it.o(i.UART5_IRQHandler)
    i.UART_DMAAbortOnError                   0x08003ad4   Section        0  stm32f4xx_hal_uart.o(i.UART_DMAAbortOnError)
    UART_DMAAbortOnError                     0x08003ad5   Thumb Code    16  stm32f4xx_hal_uart.o(i.UART_DMAAbortOnError)
    i.UART_DMAError                          0x08003ae4   Section        0  stm32f4xx_hal_uart.o(i.UART_DMAError)
    UART_DMAError                            0x08003ae5   Thumb Code    74  stm32f4xx_hal_uart.o(i.UART_DMAError)
    i.UART_DMAReceiveCplt                    0x08003b2e   Section        0  stm32f4xx_hal_uart.o(i.UART_DMAReceiveCplt)
    UART_DMAReceiveCplt                      0x08003b2f   Thumb Code    60  stm32f4xx_hal_uart.o(i.UART_DMAReceiveCplt)
    i.UART_DMARxHalfCplt                     0x08003b6a   Section        0  stm32f4xx_hal_uart.o(i.UART_DMARxHalfCplt)
    UART_DMARxHalfCplt                       0x08003b6b   Thumb Code    10  stm32f4xx_hal_uart.o(i.UART_DMARxHalfCplt)
    i.UART_EndRxTransfer                     0x08003b74   Section        0  stm32f4xx_hal_uart.o(i.UART_EndRxTransfer)
    UART_EndRxTransfer                       0x08003b75   Thumb Code    28  stm32f4xx_hal_uart.o(i.UART_EndRxTransfer)
    i.UART_EndTxTransfer                     0x08003b90   Section        0  stm32f4xx_hal_uart.o(i.UART_EndTxTransfer)
    UART_EndTxTransfer                       0x08003b91   Thumb Code    18  stm32f4xx_hal_uart.o(i.UART_EndTxTransfer)
    i.UART_Receive_IT                        0x08003ba2   Section        0  stm32f4xx_hal_uart.o(i.UART_Receive_IT)
    UART_Receive_IT                          0x08003ba3   Thumb Code   150  stm32f4xx_hal_uart.o(i.UART_Receive_IT)
    i.UART_SetConfig                         0x08003c38   Section        0  stm32f4xx_hal_uart.o(i.UART_SetConfig)
    UART_SetConfig                           0x08003c39   Thumb Code   286  stm32f4xx_hal_uart.o(i.UART_SetConfig)
    i.UART_Transmit_IT                       0x08003d60   Section        0  stm32f4xx_hal_uart.o(i.UART_Transmit_IT)
    UART_Transmit_IT                         0x08003d61   Thumb Code    98  stm32f4xx_hal_uart.o(i.UART_Transmit_IT)
    i.UART_WaitOnFlagUntilTimeout            0x08003dc2   Section        0  stm32f4xx_hal_uart.o(i.UART_WaitOnFlagUntilTimeout)
    UART_WaitOnFlagUntilTimeout              0x08003dc3   Thumb Code   100  stm32f4xx_hal_uart.o(i.UART_WaitOnFlagUntilTimeout)
    i.UsageFault_Handler                     0x08003e26   Section        0  stm32f4xx_it.o(i.UsageFault_Handler)
    i.__NVIC_SetPriority                     0x08003e28   Section        0  stm32f4xx_hal_cortex.o(i.__NVIC_SetPriority)
    __NVIC_SetPriority                       0x08003e29   Thumb Code    32  stm32f4xx_hal_cortex.o(i.__NVIC_SetPriority)
    i.__hardfp_floor                         0x08003e48   Section        0  floor.o(i.__hardfp_floor)
    i.__hardfp_strtod                        0x08003f60   Section        0  strtod.o(i.__hardfp_strtod)
    i.__scatterload_copy                     0x08003f88   Section       14  handlers.o(i.__scatterload_copy)
    i.__scatterload_null                     0x08003f96   Section        2  handlers.o(i.__scatterload_null)
    i.__scatterload_zeroinit                 0x08003f98   Section       14  handlers.o(i.__scatterload_zeroinit)
    i._is_digit                              0x08003fa6   Section        0  scanf_fp.o(i._is_digit)
    i.calspeed                               0x08003fb4   Section        0  main.o(i.calspeed)
    i.checkpul                               0x08004060   Section        0  main.o(i.checkpul)
    i.inversespeed                           0x08004090   Section        0  main.o(i.inversespeed)
    i.main                                   0x08004178   Section        0  main.o(i.main)
    i.split                                  0x08004920   Section        0  main.o(i.split)
    .constdata                               0x08004954   Section        8  stm32f4xx_hal_dma.o(.constdata)
    flagBitshiftOffset                       0x08004954   Data           8  stm32f4xx_hal_dma.o(.constdata)
    .constdata                               0x0800495c   Section       16  system_stm32f4xx.o(.constdata)
    .constdata                               0x0800496c   Section        8  system_stm32f4xx.o(.constdata)
    .constdata                               0x08004974   Section       64  ctype_c.o(.constdata)
    .data                                    0x20000000   Section      196  main.o(.data)
    bset                                     0x20000018   Data           4  main.o(.data)
    set                                      0x2000001c   Data           7  main.o(.data)
    .data                                    0x200000c4   Section        8  stm32f4xx_it.o(.data)
    .data                                    0x200000cc   Section       12  stm32f4xx_hal.o(.data)
    .data                                    0x200000d8   Section        4  system_stm32f4xx.o(.data)
    .data                                    0x200000dc   Section        4  pca9685.o(.data)
    .data                                    0x200000e0   Section        4  strtok.o(.data)
    state                                    0x200000e0   Data           4  strtok.o(.data)
    .bss                                     0x200000e4   Section      768  main.o(.bss)
    .bss                                     0x200003e4   Section       96  main.o(.bss)
    .bss                                     0x20000444   Section       96  main.o(.bss)
    STACK                                    0x200004a8   Section     1024  startup_stm32f407xx.o(STACK)

    Global Symbols

    Symbol Name                              Value     Ov Type        Size  Object(Section)

    BuildAttributes$$THM_ISAv4$E$P$D$K$B$S$7EM$VFPi3$EXTD16$VFPS$VFMA$PE$A:L22UL41UL21$X:L11$S22US41US21$IEEE1$IW$USESV6$~STKCKD$USESV7$~SHL$OTIME$ROPI$IEEEJ$EBA8$MICROLIB$REQ8$PRES8$EABIv2 0x00000000   Number         0  anon$$obj.o ABSOLUTE
    __ARM_use_no_argv                        0x00000000   Number         0  main.o ABSOLUTE
    __cpp_initialize__aeabi_                  - Undefined Weak Reference
    __cxa_finalize                            - Undefined Weak Reference
    __decompress                              - Undefined Weak Reference
    _clock_init                               - Undefined Weak Reference
    _microlib_exit                            - Undefined Weak Reference
    __Vectors_Size                           0x00000188   Number         0  startup_stm32f407xx.o ABSOLUTE
    __Vectors                                0x08000000   Data           4  startup_stm32f407xx.o(RESET)
    __Vectors_End                            0x08000188   Data           0  startup_stm32f407xx.o(RESET)
    __main                                   0x08000189   Thumb Code     0  entry.o(.ARM.Collect$$$$00000000)
    _main_stk                                0x08000189   Thumb Code     0  entry2.o(.ARM.Collect$$$$00000001)
    _main_scatterload                        0x0800018d   Thumb Code     0  entry5.o(.ARM.Collect$$$$00000004)
    __main_after_scatterload                 0x08000191   Thumb Code     0  entry5.o(.ARM.Collect$$$$00000004)
    _main_clock                              0x08000191   Thumb Code     0  entry7b.o(.ARM.Collect$$$$00000008)
    _main_cpp_init                           0x08000191   Thumb Code     0  entry8b.o(.ARM.Collect$$$$0000000A)
    _main_init                               0x08000191   Thumb Code     0  entry9a.o(.ARM.Collect$$$$0000000B)
    __rt_final_cpp                           0x08000199   Thumb Code     0  entry10a.o(.ARM.Collect$$$$0000000D)
    __rt_final_exit                          0x08000199   Thumb Code     0  entry11a.o(.ARM.Collect$$$$0000000F)
    Reset_Handler                            0x0800019d   Thumb Code     8  startup_stm32f407xx.o(.text)
    ADC_IRQHandler                           0x080001b7   Thumb Code     0  startup_stm32f407xx.o(.text)
    CAN1_RX0_IRQHandler                      0x080001b7   Thumb Code     0  startup_stm32f407xx.o(.text)
    CAN1_RX1_IRQHandler                      0x080001b7   Thumb Code     0  startup_stm32f407xx.o(.text)
    CAN1_SCE_IRQHandler                      0x080001b7   Thumb Code     0  startup_stm32f407xx.o(.text)
    CAN1_TX_IRQHandler                       0x080001b7   Thumb Code     0  startup_stm32f407xx.o(.text)
    CAN2_RX0_IRQHandler                      0x080001b7   Thumb Code     0  startup_stm32f407xx.o(.text)
    CAN2_RX1_IRQHandler                      0x080001b7   Thumb Code     0  startup_stm32f407xx.o(.text)
    CAN2_SCE_IRQHandler                      0x080001b7   Thumb Code     0  startup_stm32f407xx.o(.text)
    CAN2_TX_IRQHandler                       0x080001b7   Thumb Code     0  startup_stm32f407xx.o(.text)
    DCMI_IRQHandler                          0x080001b7   Thumb Code     0  startup_stm32f407xx.o(.text)
    DMA1_Stream1_IRQHandler                  0x080001b7   Thumb Code     0  startup_stm32f407xx.o(.text)
    DMA1_Stream2_IRQHandler                  0x080001b7   Thumb Code     0  startup_stm32f407xx.o(.text)
    DMA1_Stream3_IRQHandler                  0x080001b7   Thumb Code     0  startup_stm32f407xx.o(.text)
    DMA1_Stream4_IRQHandler                  0x080001b7   Thumb Code     0  startup_stm32f407xx.o(.text)
    DMA1_Stream5_IRQHandler                  0x080001b7   Thumb Code     0  startup_stm32f407xx.o(.text)
    DMA1_Stream6_IRQHandler                  0x080001b7   Thumb Code     0  startup_stm32f407xx.o(.text)
    DMA2_Stream0_IRQHandler                  0x080001b7   Thumb Code     0  startup_stm32f407xx.o(.text)
    DMA2_Stream1_IRQHandler                  0x080001b7   Thumb Code     0  startup_stm32f407xx.o(.text)
    DMA2_Stream2_IRQHandler                  0x080001b7   Thumb Code     0  startup_stm32f407xx.o(.text)
    DMA2_Stream3_IRQHandler                  0x080001b7   Thumb Code     0  startup_stm32f407xx.o(.text)
    DMA2_Stream4_IRQHandler                  0x080001b7   Thumb Code     0  startup_stm32f407xx.o(.text)
    DMA2_Stream5_IRQHandler                  0x080001b7   Thumb Code     0  startup_stm32f407xx.o(.text)
    DMA2_Stream6_IRQHandler                  0x080001b7   Thumb Code     0  startup_stm32f407xx.o(.text)
    DMA2_Stream7_IRQHandler                  0x080001b7   Thumb Code     0  startup_stm32f407xx.o(.text)
    ETH_IRQHandler                           0x080001b7   Thumb Code     0  startup_stm32f407xx.o(.text)
    ETH_WKUP_IRQHandler                      0x080001b7   Thumb Code     0  startup_stm32f407xx.o(.text)
    EXTI0_IRQHandler                         0x080001b7   Thumb Code     0  startup_stm32f407xx.o(.text)
    EXTI15_10_IRQHandler                     0x080001b7   Thumb Code     0  startup_stm32f407xx.o(.text)
    EXTI1_IRQHandler                         0x080001b7   Thumb Code     0  startup_stm32f407xx.o(.text)
    EXTI2_IRQHandler                         0x080001b7   Thumb Code     0  startup_stm32f407xx.o(.text)
    EXTI3_IRQHandler                         0x080001b7   Thumb Code     0  startup_stm32f407xx.o(.text)
    EXTI4_IRQHandler                         0x080001b7   Thumb Code     0  startup_stm32f407xx.o(.text)
    EXTI9_5_IRQHandler                       0x080001b7   Thumb Code     0  startup_stm32f407xx.o(.text)
    FLASH_IRQHandler                         0x080001b7   Thumb Code     0  startup_stm32f407xx.o(.text)
    FMC_IRQHandler                           0x080001b7   Thumb Code     0  startup_stm32f407xx.o(.text)
    FPU_IRQHandler                           0x080001b7   Thumb Code     0  startup_stm32f407xx.o(.text)
    HASH_RNG_IRQHandler                      0x080001b7   Thumb Code     0  startup_stm32f407xx.o(.text)
    I2C1_ER_IRQHandler                       0x080001b7   Thumb Code     0  startup_stm32f407xx.o(.text)
    I2C1_EV_IRQHandler                       0x080001b7   Thumb Code     0  startup_stm32f407xx.o(.text)
    I2C2_ER_IRQHandler                       0x080001b7   Thumb Code     0  startup_stm32f407xx.o(.text)
    I2C2_EV_IRQHandler                       0x080001b7   Thumb Code     0  startup_stm32f407xx.o(.text)
    I2C3_ER_IRQHandler                       0x080001b7   Thumb Code     0  startup_stm32f407xx.o(.text)
    I2C3_EV_IRQHandler                       0x080001b7   Thumb Code     0  startup_stm32f407xx.o(.text)
    OTG_FS_IRQHandler                        0x080001b7   Thumb Code     0  startup_stm32f407xx.o(.text)
    OTG_FS_WKUP_IRQHandler                   0x080001b7   Thumb Code     0  startup_stm32f407xx.o(.text)
    OTG_HS_EP1_IN_IRQHandler                 0x080001b7   Thumb Code     0  startup_stm32f407xx.o(.text)
    OTG_HS_EP1_OUT_IRQHandler                0x080001b7   Thumb Code     0  startup_stm32f407xx.o(.text)
    OTG_HS_IRQHandler                        0x080001b7   Thumb Code     0  startup_stm32f407xx.o(.text)
    OTG_HS_WKUP_IRQHandler                   0x080001b7   Thumb Code     0  startup_stm32f407xx.o(.text)
    PVD_IRQHandler                           0x080001b7   Thumb Code     0  startup_stm32f407xx.o(.text)
    RCC_IRQHandler                           0x080001b7   Thumb Code     0  startup_stm32f407xx.o(.text)
    RTC_Alarm_IRQHandler                     0x080001b7   Thumb Code     0  startup_stm32f407xx.o(.text)
    RTC_WKUP_IRQHandler                      0x080001b7   Thumb Code     0  startup_stm32f407xx.o(.text)
    SDIO_IRQHandler                          0x080001b7   Thumb Code     0  startup_stm32f407xx.o(.text)
    SPI1_IRQHandler                          0x080001b7   Thumb Code     0  startup_stm32f407xx.o(.text)
    SPI2_IRQHandler                          0x080001b7   Thumb Code     0  startup_stm32f407xx.o(.text)
    SPI3_IRQHandler                          0x080001b7   Thumb Code     0  startup_stm32f407xx.o(.text)
    TAMP_STAMP_IRQHandler                    0x080001b7   Thumb Code     0  startup_stm32f407xx.o(.text)
    TIM1_BRK_TIM9_IRQHandler                 0x080001b7   Thumb Code     0  startup_stm32f407xx.o(.text)
    TIM1_CC_IRQHandler                       0x080001b7   Thumb Code     0  startup_stm32f407xx.o(.text)
    TIM1_TRG_COM_TIM11_IRQHandler            0x080001b7   Thumb Code     0  startup_stm32f407xx.o(.text)
    TIM1_UP_TIM10_IRQHandler                 0x080001b7   Thumb Code     0  startup_stm32f407xx.o(.text)
    TIM6_DAC_IRQHandler                      0x080001b7   Thumb Code     0  startup_stm32f407xx.o(.text)
    TIM7_IRQHandler                          0x080001b7   Thumb Code     0  startup_stm32f407xx.o(.text)
    TIM8_BRK_TIM12_IRQHandler                0x080001b7   Thumb Code     0  startup_stm32f407xx.o(.text)
    TIM8_CC_IRQHandler                       0x080001b7   Thumb Code     0  startup_stm32f407xx.o(.text)
    TIM8_TRG_COM_TIM14_IRQHandler            0x080001b7   Thumb Code     0  startup_stm32f407xx.o(.text)
    TIM8_UP_TIM13_IRQHandler                 0x080001b7   Thumb Code     0  startup_stm32f407xx.o(.text)
    UART4_IRQHandler                         0x080001b7   Thumb Code     0  startup_stm32f407xx.o(.text)
    USART1_IRQHandler                        0x080001b7   Thumb Code     0  startup_stm32f407xx.o(.text)
    USART2_IRQHandler                        0x080001b7   Thumb Code     0  startup_stm32f407xx.o(.text)
    USART3_IRQHandler                        0x080001b7   Thumb Code     0  startup_stm32f407xx.o(.text)
    USART6_IRQHandler                        0x080001b7   Thumb Code     0  startup_stm32f407xx.o(.text)
    WWDG_IRQHandler                          0x080001b7   Thumb Code     0  startup_stm32f407xx.o(.text)
    __aeabi_uldivmod                         0x080001c1   Thumb Code    98  uldiv.o(.text)
    __aeabi_memset                           0x08000223   Thumb Code    14  memseta.o(.text)
    __aeabi_memset4                          0x08000223   Thumb Code     0  memseta.o(.text)
    __aeabi_memset8                          0x08000223   Thumb Code     0  memseta.o(.text)
    __aeabi_memclr                           0x08000231   Thumb Code     4  memseta.o(.text)
    __aeabi_memclr4                          0x08000231   Thumb Code     0  memseta.o(.text)
    __aeabi_memclr8                          0x08000231   Thumb Code     0  memseta.o(.text)
    _memset$wrapper                          0x08000235   Thumb Code    18  memseta.o(.text)
    strchr                                   0x08000247   Thumb Code    20  strchr.o(.text)
    strtok                                   0x0800025d   Thumb Code    62  strtok.o(.text)
    __aeabi_dadd                             0x080002a1   Thumb Code   322  dadd.o(.text)
    __aeabi_dsub                             0x080003e3   Thumb Code     6  dadd.o(.text)
    __aeabi_drsub                            0x080003e9   Thumb Code     6  dadd.o(.text)
    __aeabi_dmul                             0x080003ef   Thumb Code   228  dmul.o(.text)
    __aeabi_ddiv                             0x080004d3   Thumb Code   222  ddiv.o(.text)
    __aeabi_i2d                              0x080005b1   Thumb Code    34  dflti.o(.text)
    __aeabi_ui2d                             0x080005d3   Thumb Code    26  dfltui.o(.text)
    __aeabi_d2uiz                            0x080005ed   Thumb Code    50  dfixui.o(.text)
    __aeabi_f2d                              0x0800061f   Thumb Code    38  f2d.o(.text)
    __aeabi_d2f                              0x08000645   Thumb Code    56  d2f.o(.text)
    __aeabi_llsl                             0x0800067d   Thumb Code    30  llshl.o(.text)
    _ll_shift_l                              0x0800067d   Thumb Code     0  llshl.o(.text)
    __aeabi_llsr                             0x0800069b   Thumb Code    32  llushr.o(.text)
    _ll_ushift_r                             0x0800069b   Thumb Code     0  llushr.o(.text)
    __aeabi_lasr                             0x080006bb   Thumb Code    36  llsshr.o(.text)
    _ll_sshift_r                             0x080006bb   Thumb Code     0  llsshr.o(.text)
    __strtod_int                             0x08000717   Thumb Code    90  strtod.o(.text)
    __I$use$fp                               0x0800077d   Thumb Code     0  iusefp.o(.text)
    _float_round                             0x0800077d   Thumb Code    18  fepilogue.o(.text)
    _float_epilogue                          0x0800078f   Thumb Code    92  fepilogue.o(.text)
    _double_round                            0x080007eb   Thumb Code    30  depilogue.o(.text)
    _double_epilogue                         0x08000809   Thumb Code   156  depilogue.o(.text)
    __aeabi_cdrcmple                         0x080008a5   Thumb Code    48  cdrcmple.o(.text)
    __scatterload                            0x080008d5   Thumb Code    28  init.o(.text)
    __scatterload_rt2                        0x080008d5   Thumb Code     0  init.o(.text)
    isspace                                  0x080008f9   Thumb Code    10  isspace_c.o(.text)
    _scanf_real                              0x08000a2d   Thumb Code     0  scanf_fp.o(.text)
    _scanf_really_real                       0x08000a2d   Thumb Code   556  scanf_fp.o(.text)
    _sgetc                                   0x08000c65   Thumb Code    30  _sgetc.o(.text)
    _sbackspace                              0x08000c83   Thumb Code    34  _sgetc.o(.text)
    __ctype_lookup                           0x08000ca5   Thumb Code    34  ctype_c.o(.text)
    __aeabi_ul2d                             0x08000ccd   Thumb Code    24  dfltul.o(.text)
    BusFault_Handler                         0x08000ce5   Thumb Code     2  stm32f4xx_it.o(i.BusFault_Handler)
    DMA1_Stream0_IRQHandler                  0x08000ce9   Thumb Code     6  stm32f4xx_it.o(i.DMA1_Stream0_IRQHandler)
    DMA1_Stream7_IRQHandler                  0x08000cf5   Thumb Code     6  stm32f4xx_it.o(i.DMA1_Stream7_IRQHandler)
    DebugMon_Handler                         0x08000da5   Thumb Code     2  stm32f4xx_it.o(i.DebugMon_Handler)
    Error_Handler                            0x08000da7   Thumb Code     2  main.o(i.Error_Handler)
    HAL_DMA_Abort                            0x08000da9   Thumb Code   142  stm32f4xx_hal_dma.o(i.HAL_DMA_Abort)
    HAL_DMA_Abort_IT                         0x08000e37   Thumb Code    36  stm32f4xx_hal_dma.o(i.HAL_DMA_Abort_IT)
    HAL_DMA_IRQHandler                       0x08000e5d   Thumb Code   412  stm32f4xx_hal_dma.o(i.HAL_DMA_IRQHandler)
    HAL_DMA_Init                             0x08000ffd   Thumb Code   206  stm32f4xx_hal_dma.o(i.HAL_DMA_Init)
    HAL_DMA_Start_IT                         0x080010d1   Thumb Code   110  stm32f4xx_hal_dma.o(i.HAL_DMA_Start_IT)
    HAL_Delay                                0x08001141   Thumb Code    32  stm32f4xx_hal.o(i.HAL_Delay)
    HAL_GPIO_Init                            0x08001165   Thumb Code   394  stm32f4xx_hal_gpio.o(i.HAL_GPIO_Init)
    HAL_GPIO_WritePin                        0x0800131d   Thumb Code    10  stm32f4xx_hal_gpio.o(i.HAL_GPIO_WritePin)
    HAL_GetTick                              0x08001329   Thumb Code     6  stm32f4xx_hal.o(i.HAL_GetTick)
    HAL_I2C_Init                             0x08001335   Thumb Code   376  stm32f4xx_hal_i2c.o(i.HAL_I2C_Init)
    HAL_I2C_Master_Transmit                  0x080014bd   Thumb Code   290  stm32f4xx_hal_i2c.o(i.HAL_I2C_Master_Transmit)
    HAL_I2C_Mem_Read                         0x080015e9   Thumb Code   490  stm32f4xx_hal_i2c.o(i.HAL_I2C_Mem_Read)
    HAL_I2C_Mem_Write                        0x080017e1   Thumb Code   294  stm32f4xx_hal_i2c.o(i.HAL_I2C_Mem_Write)
    HAL_I2C_MspInit                          0x08001911   Thumb Code    92  stm32f4xx_hal_msp.o(i.HAL_I2C_MspInit)
    HAL_IncTick                              0x08001979   Thumb Code    12  stm32f4xx_hal.o(i.HAL_IncTick)
    HAL_Init                                 0x08001989   Thumb Code    48  stm32f4xx_hal.o(i.HAL_Init)
    HAL_InitTick                             0x080019bd   Thumb Code    54  stm32f4xx_hal.o(i.HAL_InitTick)
    HAL_MspInit                              0x080019fd   Thumb Code    42  stm32f4xx_hal_msp.o(i.HAL_MspInit)
    HAL_NVIC_EnableIRQ                       0x08001a2d   Thumb Code    26  stm32f4xx_hal_cortex.o(i.HAL_NVIC_EnableIRQ)
    HAL_NVIC_SetPriority                     0x08001a49   Thumb Code    60  stm32f4xx_hal_cortex.o(i.HAL_NVIC_SetPriority)
    HAL_NVIC_SetPriorityGrouping             0x08001a89   Thumb Code    26  stm32f4xx_hal_cortex.o(i.HAL_NVIC_SetPriorityGrouping)
    HAL_RCC_ClockConfig                      0x08001aad   Thumb Code   288  stm32f4xx_hal_rcc.o(i.HAL_RCC_ClockConfig)
    HAL_RCC_GetPCLK1Freq                     0x08001be1   Thumb Code    20  stm32f4xx_hal_rcc.o(i.HAL_RCC_GetPCLK1Freq)
    HAL_RCC_GetPCLK2Freq                     0x08001c01   Thumb Code    20  stm32f4xx_hal_rcc.o(i.HAL_RCC_GetPCLK2Freq)
    HAL_RCC_GetSysClockFreq                  0x08001c21   Thumb Code    88  stm32f4xx_hal_rcc.o(i.HAL_RCC_GetSysClockFreq)
    HAL_RCC_OscConfig                        0x08001c81   Thumb Code   840  stm32f4xx_hal_rcc.o(i.HAL_RCC_OscConfig)
    HAL_SYSTICK_Config                       0x08001fdd   Thumb Code    40  stm32f4xx_hal_cortex.o(i.HAL_SYSTICK_Config)
    HAL_TIMEx_BreakCallback                  0x08002005   Thumb Code     2  stm32f4xx_hal_tim_ex.o(i.HAL_TIMEx_BreakCallback)
    HAL_TIMEx_CommutCallback                 0x08002007   Thumb Code     2  stm32f4xx_hal_tim_ex.o(i.HAL_TIMEx_CommutCallback)
    HAL_TIMEx_MasterConfigSynchronization    0x08002009   Thumb Code   116  stm32f4xx_hal_tim_ex.o(i.HAL_TIMEx_MasterConfigSynchronization)
    HAL_TIM_Base_Init                        0x08002099   Thumb Code    54  stm32f4xx_hal_tim.o(i.HAL_TIM_Base_Init)
    HAL_TIM_Base_MspInit                     0x080020d1   Thumb Code    50  stm32f4xx_hal_msp.o(i.HAL_TIM_Base_MspInit)
    HAL_TIM_ConfigClockSource                0x08002109   Thumb Code   214  stm32f4xx_hal_tim.o(i.HAL_TIM_ConfigClockSource)
    HAL_TIM_Encoder_Init                     0x080021df   Thumb Code   152  stm32f4xx_hal_tim.o(i.HAL_TIM_Encoder_Init)
    HAL_TIM_Encoder_MspInit                  0x08002279   Thumb Code   308  stm32f4xx_hal_msp.o(i.HAL_TIM_Encoder_MspInit)
    HAL_TIM_Encoder_Start                    0x080023cd   Thumb Code    52  stm32f4xx_hal_tim.o(i.HAL_TIM_Encoder_Start)
    HAL_TIM_IC_CaptureCallback               0x08002401   Thumb Code     2  stm32f4xx_hal_tim.o(i.HAL_TIM_IC_CaptureCallback)
    HAL_TIM_IRQHandler                       0x08002403   Thumb Code   358  stm32f4xx_hal_tim.o(i.HAL_TIM_IRQHandler)
    HAL_TIM_MspPostInit                      0x08002569   Thumb Code   102  stm32f4xx_hal_msp.o(i.HAL_TIM_MspPostInit)
    HAL_TIM_OC_DelayElapsedCallback          0x080025dd   Thumb Code     2  stm32f4xx_hal_tim.o(i.HAL_TIM_OC_DelayElapsedCallback)
    HAL_TIM_PWM_ConfigChannel                0x080025df   Thumb Code   208  stm32f4xx_hal_tim.o(i.HAL_TIM_PWM_ConfigChannel)
    HAL_TIM_PWM_Init                         0x080026af   Thumb Code    54  stm32f4xx_hal_tim.o(i.HAL_TIM_PWM_Init)
    HAL_TIM_PWM_MspInit                      0x080026e5   Thumb Code     2  stm32f4xx_hal_tim.o(i.HAL_TIM_PWM_MspInit)
    HAL_TIM_PWM_PulseFinishedCallback        0x080026e7   Thumb Code     2  stm32f4xx_hal_tim.o(i.HAL_TIM_PWM_PulseFinishedCallback)
    HAL_TIM_PWM_Start                        0x080026e9   Thumb Code    58  stm32f4xx_hal_tim.o(i.HAL_TIM_PWM_Start)
    HAL_TIM_PeriodElapsedCallback            0x0800272d   Thumb Code     2  stm32f4xx_hal_tim.o(i.HAL_TIM_PeriodElapsedCallback)
    HAL_TIM_TriggerCallback                  0x0800272f   Thumb Code     2  stm32f4xx_hal_tim.o(i.HAL_TIM_TriggerCallback)
    HAL_UART_DMAResume                       0x08002731   Thumb Code    94  stm32f4xx_hal_uart.o(i.HAL_UART_DMAResume)
    HAL_UART_DMAStop                         0x0800278f   Thumb Code    88  stm32f4xx_hal_uart.o(i.HAL_UART_DMAStop)
    HAL_UART_ErrorCallback                   0x080027e7   Thumb Code     2  stm32f4xx_hal_uart.o(i.HAL_UART_ErrorCallback)
    HAL_UART_IRQHandler                      0x080027e9   Thumb Code   270  stm32f4xx_hal_uart.o(i.HAL_UART_IRQHandler)
    HAL_UART_Init                            0x080028fd   Thumb Code    98  stm32f4xx_hal_uart.o(i.HAL_UART_Init)
    HAL_UART_MspInit                         0x08002961   Thumb Code   238  stm32f4xx_hal_msp.o(i.HAL_UART_MspInit)
    HAL_UART_Receive_DMA                     0x08002a6d   Thumb Code   138  stm32f4xx_hal_uart.o(i.HAL_UART_Receive_DMA)
    HAL_UART_RxCpltCallback                  0x08002b05   Thumb Code    96  main.o(i.HAL_UART_RxCpltCallback)
    HAL_UART_RxHalfCpltCallback              0x08002b6d   Thumb Code     2  stm32f4xx_hal_uart.o(i.HAL_UART_RxHalfCpltCallback)
    HAL_UART_Transmit                        0x08002b6f   Thumb Code   186  stm32f4xx_hal_uart.o(i.HAL_UART_Transmit)
    HAL_UART_TxCpltCallback                  0x08002c29   Thumb Code     2  stm32f4xx_hal_uart.o(i.HAL_UART_TxCpltCallback)
    HardFault_Handler                        0x08002c2b   Thumb Code     2  stm32f4xx_it.o(i.HardFault_Handler)
    MemManage_Handler                        0x08003395   Thumb Code     2  stm32f4xx_it.o(i.MemManage_Handler)
    NMI_Handler                              0x08003397   Thumb Code     2  stm32f4xx_it.o(i.NMI_Handler)
    PCA9685_AutoIncrement                    0x08003399   Thumb Code    10  pca9685.o(i.PCA9685_AutoIncrement)
    PCA9685_Init                             0x080033a5   Thumb Code    26  pca9685.o(i.PCA9685_Init)
    PCA9685_RestartMode                      0x080033c5   Thumb Code    10  pca9685.o(i.PCA9685_RestartMode)
    PCA9685_SetBit                           0x080033d1   Thumb Code   108  pca9685.o(i.PCA9685_SetBit)
    PCA9685_SetPwmFrequency                  0x08003441   Thumb Code   158  pca9685.o(i.PCA9685_SetPwmFrequency)
    PCA9685_SleepMode                        0x08003505   Thumb Code    10  pca9685.o(i.PCA9685_SleepMode)
    PCA9685_SoftwareReset                    0x08003511   Thumb Code    34  pca9685.o(i.PCA9685_SoftwareReset)
    PIDCompute                               0x08003539   Thumb Code   148  pid_controller.o(i.PIDCompute)
    PIDInit                                  0x080035cd   Thumb Code   106  pid_controller.o(i.PIDInit)
    PIDOutputLimitsSet                       0x0800363d   Thumb Code   104  pid_controller.o(i.PIDOutputLimitsSet)
    PIDTuningsSet                            0x080036a5   Thumb Code    96  pid_controller.o(i.PIDTuningsSet)
    PendSV_Handler                           0x08003705   Thumb Code     2  stm32f4xx_it.o(i.PendSV_Handler)
    SVC_Handler                              0x08003707   Thumb Code     2  stm32f4xx_it.o(i.SVC_Handler)
    SysTick_Handler                          0x08003709   Thumb Code    28  stm32f4xx_it.o(i.SysTick_Handler)
    SystemClock_Config                       0x08003729   Thumb Code   120  main.o(i.SystemClock_Config)
    SystemInit                               0x080037a9   Thumb Code    22  system_stm32f4xx.o(i.SystemInit)
    TIM2_IRQHandler                          0x080037c5   Thumb Code     6  stm32f4xx_it.o(i.TIM2_IRQHandler)
    TIM3_IRQHandler                          0x080037d1   Thumb Code     6  stm32f4xx_it.o(i.TIM3_IRQHandler)
    TIM4_IRQHandler                          0x080037dd   Thumb Code     6  stm32f4xx_it.o(i.TIM4_IRQHandler)
    TIM5_IRQHandler                          0x080037e9   Thumb Code     6  stm32f4xx_it.o(i.TIM5_IRQHandler)
    TIM_Base_SetConfig                       0x080037f5   Thumb Code   156  stm32f4xx_hal_tim.o(i.TIM_Base_SetConfig)
    TIM_CCxChannelCmd                        0x080038bd   Thumb Code    26  stm32f4xx_hal_tim.o(i.TIM_CCxChannelCmd)
    TIM_ETR_SetConfig                        0x080038d7   Thumb Code    20  stm32f4xx_hal_tim.o(i.TIM_ETR_SetConfig)
    TIM_OC2_SetConfig                        0x0800395d   Thumb Code    98  stm32f4xx_hal_tim.o(i.TIM_OC2_SetConfig)
    UART5_IRQHandler                         0x08003ac9   Thumb Code     6  stm32f4xx_it.o(i.UART5_IRQHandler)
    UsageFault_Handler                       0x08003e27   Thumb Code     2  stm32f4xx_it.o(i.UsageFault_Handler)
    __hardfp_floor                           0x08003e49   Thumb Code   252  floor.o(i.__hardfp_floor)
    __hardfp_strtod                          0x08003f61   Thumb Code    30  strtod.o(i.__hardfp_strtod)
    __scatterload_copy                       0x08003f89   Thumb Code    14  handlers.o(i.__scatterload_copy)
    __scatterload_null                       0x08003f97   Thumb Code     2  handlers.o(i.__scatterload_null)
    __scatterload_zeroinit                   0x08003f99   Thumb Code    14  handlers.o(i.__scatterload_zeroinit)
    _is_digit                                0x08003fa7   Thumb Code    14  scanf_fp.o(i._is_digit)
    calspeed                                 0x08003fb5   Thumb Code   132  main.o(i.calspeed)
    checkpul                                 0x08004061   Thumb Code    32  main.o(i.checkpul)
    inversespeed                             0x08004091   Thumb Code   196  main.o(i.inversespeed)
    main                                     0x08004179   Thumb Code  1936  main.o(i.main)
    split                                    0x08004921   Thumb Code    48  main.o(i.split)
    AHBPrescTable                            0x0800495c   Data          16  system_stm32f4xx.o(.constdata)
    APBPrescTable                            0x0800496c   Data           8  system_stm32f4xx.o(.constdata)
    __ctype_categories                       0x08004974   Data          64  ctype_c.o(.constdata)
    Region$$Table$$Base                      0x080049b4   Number         0  anon$$obj.o(Region$$Table)
    Region$$Table$$Limit                     0x080049d4   Number         0  anon$$obj.o(Region$$Table)
    vvl                                      0x20000000   Data           4  main.o(.data)
    vvr                                      0x20000004   Data           4  main.o(.data)
    pulfl                                    0x20000008   Data           4  main.o(.data)
    pulfr                                    0x2000000c   Data           4  main.o(.data)
    pulbr                                    0x20000010   Data           4  main.o(.data)
    pulbl                                    0x20000014   Data           4  main.o(.data)
    whfl                                     0x20000024   Data          40  main.o(.data)
    whfr                                     0x2000004c   Data          40  main.o(.data)
    whbr                                     0x20000074   Data          40  main.o(.data)
    whbl                                     0x2000009c   Data          40  main.o(.data)
    tick_count                               0x200000c4   Data           4  stm32f4xx_it.o(.data)
    tick_flag                                0x200000c8   Data           4  stm32f4xx_it.o(.data)
    uwTickFreq                               0x200000cc   Data           1  stm32f4xx_hal.o(.data)
    uwTickPrio                               0x200000d0   Data           4  stm32f4xx_hal.o(.data)
    uwTick                                   0x200000d4   Data           4  stm32f4xx_hal.o(.data)
    SystemCoreClock                          0x200000d8   Data           4  system_stm32f4xx.o(.data)
    pca9685_i2c                              0x200000dc   Data           4  pca9685.o(.data)
    hi2c1                                    0x200000e4   Data          84  main.o(.bss)
    htim1                                    0x20000138   Data          64  main.o(.bss)
    htim2                                    0x20000178   Data          64  main.o(.bss)
    htim3                                    0x200001b8   Data          64  main.o(.bss)
    htim4                                    0x200001f8   Data          64  main.o(.bss)
    htim5                                    0x20000238   Data          64  main.o(.bss)
    huart5                                   0x20000278   Data          64  main.o(.bss)
    dma_buffer                               0x200002b8   Data          29  main.o(.bss)
    data_rx                                  0x200002d5   Data          29  main.o(.bss)
    pidfl                                    0x200002f4   Data          60  main.o(.bss)
    pidfr                                    0x20000330   Data          60  main.o(.bss)
    pidbr                                    0x2000036c   Data          60  main.o(.bss)
    pidbl                                    0x200003a8   Data          60  main.o(.bss)
    hdma_uart5_rx                            0x200003e4   Data          96  main.o(.bss)
    hdma_uart5_tx                            0x20000444   Data          96  main.o(.bss)
    __initial_sp                             0x200008a8   Data           0  startup_stm32f407xx.o(STACK)



==============================================================================

Memory Map of the image

  Image Entry point : 0x08000189

  Load Region LR_IROM1 (Base: 0x08000000, Size: 0x00004ab8, Max: 0x00100000, ABSOLUTE)

    Execution Region ER_IROM1 (Exec base: 0x08000000, Load base: 0x08000000, Size: 0x000049d4, Max: 0x00100000, ABSOLUTE)

    Exec Addr    Load Addr    Size         Type   Attr      Idx    E Section Name        Object

    0x08000000   0x08000000   0x00000188   Data   RO            3    RESET               startup_stm32f407xx.o
    0x08000188   0x08000188   0x00000000   Code   RO         3664  * .ARM.Collect$$$$00000000  mc_w.l(entry.o)
    0x08000188   0x08000188   0x00000004   Code   RO         3695    .ARM.Collect$$$$00000001  mc_w.l(entry2.o)
    0x0800018c   0x0800018c   0x00000004   Code   RO         3698    .ARM.Collect$$$$00000004  mc_w.l(entry5.o)
    0x08000190   0x08000190   0x00000000   Code   RO         3700    .ARM.Collect$$$$00000008  mc_w.l(entry7b.o)
    0x08000190   0x08000190   0x00000000   Code   RO         3702    .ARM.Collect$$$$0000000A  mc_w.l(entry8b.o)
    0x08000190   0x08000190   0x00000008   Code   RO         3703    .ARM.Collect$$$$0000000B  mc_w.l(entry9a.o)
    0x08000198   0x08000198   0x00000000   Code   RO         3705    .ARM.Collect$$$$0000000D  mc_w.l(entry10a.o)
    0x08000198   0x08000198   0x00000000   Code   RO         3707    .ARM.Collect$$$$0000000F  mc_w.l(entry11a.o)
    0x08000198   0x08000198   0x00000004   Code   RO         3696    .ARM.Collect$$$$00002712  mc_w.l(entry2.o)
    0x0800019c   0x0800019c   0x00000024   Code   RO            4    .text               startup_stm32f407xx.o
    0x080001c0   0x080001c0   0x00000062   Code   RO         3667    .text               mc_w.l(uldiv.o)
    0x08000222   0x08000222   0x00000024   Code   RO         3669    .text               mc_w.l(memseta.o)
    0x08000246   0x08000246   0x00000014   Code   RO         3671    .text               mc_w.l(strchr.o)
    0x0800025a   0x0800025a   0x00000002   PAD
    0x0800025c   0x0800025c   0x00000044   Code   RO         3673    .text               mc_w.l(strtok.o)
    0x080002a0   0x080002a0   0x0000014e   Code   RO         3679    .text               mf_w.l(dadd.o)
    0x080003ee   0x080003ee   0x000000e4   Code   RO         3681    .text               mf_w.l(dmul.o)
    0x080004d2   0x080004d2   0x000000de   Code   RO         3683    .text               mf_w.l(ddiv.o)
    0x080005b0   0x080005b0   0x00000022   Code   RO         3685    .text               mf_w.l(dflti.o)
    0x080005d2   0x080005d2   0x0000001a   Code   RO         3687    .text               mf_w.l(dfltui.o)
    0x080005ec   0x080005ec   0x00000032   Code   RO         3689    .text               mf_w.l(dfixui.o)
    0x0800061e   0x0800061e   0x00000026   Code   RO         3691    .text               mf_w.l(f2d.o)
    0x08000644   0x08000644   0x00000038   Code   RO         3693    .text               mf_w.l(d2f.o)
    0x0800067c   0x0800067c   0x0000001e   Code   RO         3709    .text               mc_w.l(llshl.o)
    0x0800069a   0x0800069a   0x00000020   Code   RO         3711    .text               mc_w.l(llushr.o)
    0x080006ba   0x080006ba   0x00000024   Code   RO         3713    .text               mc_w.l(llsshr.o)
    0x080006de   0x080006de   0x00000002   PAD
    0x080006e0   0x080006e0   0x0000009c   Code   RO         3715    .text               mc_w.l(strtod.o)
    0x0800077c   0x0800077c   0x00000000   Code   RO         3717    .text               mc_w.l(iusefp.o)
    0x0800077c   0x0800077c   0x0000006e   Code   RO         3718    .text               mf_w.l(fepilogue.o)
    0x080007ea   0x080007ea   0x000000ba   Code   RO         3720    .text               mf_w.l(depilogue.o)
    0x080008a4   0x080008a4   0x00000030   Code   RO         3722    .text               mf_w.l(cdrcmple.o)
    0x080008d4   0x080008d4   0x00000024   Code   RO         3724    .text               mc_w.l(init.o)
    0x080008f8   0x080008f8   0x0000000a   Code   RO         3726    .text               mc_w.l(isspace_c.o)
    0x08000902   0x08000902   0x00000002   PAD
    0x08000904   0x08000904   0x00000360   Code   RO         3728    .text               mc_w.l(scanf_fp.o)
    0x08000c64   0x08000c64   0x00000040   Code   RO         3732    .text               mc_w.l(_sgetc.o)
    0x08000ca4   0x08000ca4   0x00000028   Code   RO         3734    .text               mc_w.l(ctype_c.o)
    0x08000ccc   0x08000ccc   0x00000018   Code   RO         3737    .text               mf_w.l(dfltul.o)
    0x08000ce4   0x08000ce4   0x00000002   Code   RO          492    i.BusFault_Handler  stm32f4xx_it.o
    0x08000ce6   0x08000ce6   0x00000002   PAD
    0x08000ce8   0x08000ce8   0x0000000c   Code   RO          493    i.DMA1_Stream0_IRQHandler  stm32f4xx_it.o
    0x08000cf4   0x08000cf4   0x0000000c   Code   RO          494    i.DMA1_Stream7_IRQHandler  stm32f4xx_it.o
    0x08000d00   0x08000d00   0x00000028   Code   RO         1596    i.DMA_CalcBaseAndBitshift  stm32f4xx_hal_dma.o
    0x08000d28   0x08000d28   0x00000054   Code   RO         1597    i.DMA_CheckFifoParam  stm32f4xx_hal_dma.o
    0x08000d7c   0x08000d7c   0x00000028   Code   RO         1598    i.DMA_SetConfig     stm32f4xx_hal_dma.o
    0x08000da4   0x08000da4   0x00000002   Code   RO          495    i.DebugMon_Handler  stm32f4xx_it.o
    0x08000da6   0x08000da6   0x00000002   Code   RO          347    i.Error_Handler     main.o
    0x08000da8   0x08000da8   0x0000008e   Code   RO         1599    i.HAL_DMA_Abort     stm32f4xx_hal_dma.o
    0x08000e36   0x08000e36   0x00000024   Code   RO         1600    i.HAL_DMA_Abort_IT  stm32f4xx_hal_dma.o
    0x08000e5a   0x08000e5a   0x00000002   PAD
    0x08000e5c   0x08000e5c   0x000001a0   Code   RO         1604    i.HAL_DMA_IRQHandler  stm32f4xx_hal_dma.o
    0x08000ffc   0x08000ffc   0x000000d4   Code   RO         1605    i.HAL_DMA_Init      stm32f4xx_hal_dma.o
    0x080010d0   0x080010d0   0x0000006e   Code   RO         1609    i.HAL_DMA_Start_IT  stm32f4xx_hal_dma.o
    0x0800113e   0x0800113e   0x00000002   PAD
    0x08001140   0x08001140   0x00000024   Code   RO         2018    i.HAL_Delay         stm32f4xx_hal.o
    0x08001164   0x08001164   0x000001b8   Code   RO         1492    i.HAL_GPIO_Init     stm32f4xx_hal_gpio.o
    0x0800131c   0x0800131c   0x0000000a   Code   RO         1496    i.HAL_GPIO_WritePin  stm32f4xx_hal_gpio.o
    0x08001326   0x08001326   0x00000002   PAD
    0x08001328   0x08001328   0x0000000c   Code   RO         2024    i.HAL_GetTick       stm32f4xx_hal.o
    0x08001334   0x08001334   0x00000188   Code   RO          703    i.HAL_I2C_Init      stm32f4xx_hal_i2c.o
    0x080014bc   0x080014bc   0x0000012c   Code   RO          716    i.HAL_I2C_Master_Transmit  stm32f4xx_hal_i2c.o
    0x080015e8   0x080015e8   0x000001f8   Code   RO          721    i.HAL_I2C_Mem_Read  stm32f4xx_hal_i2c.o
    0x080017e0   0x080017e0   0x00000130   Code   RO          724    i.HAL_I2C_Mem_Write  stm32f4xx_hal_i2c.o
    0x08001910   0x08001910   0x00000068   Code   RO          614    i.HAL_I2C_MspInit   stm32f4xx_hal_msp.o
    0x08001978   0x08001978   0x00000010   Code   RO         2030    i.HAL_IncTick       stm32f4xx_hal.o
    0x08001988   0x08001988   0x00000034   Code   RO         2031    i.HAL_Init          stm32f4xx_hal.o
    0x080019bc   0x080019bc   0x00000040   Code   RO         2032    i.HAL_InitTick      stm32f4xx_hal.o
    0x080019fc   0x080019fc   0x00000030   Code   RO          615    i.HAL_MspInit       stm32f4xx_hal_msp.o
    0x08001a2c   0x08001a2c   0x0000001a   Code   RO         1881    i.HAL_NVIC_EnableIRQ  stm32f4xx_hal_cortex.o
    0x08001a46   0x08001a46   0x00000002   PAD
    0x08001a48   0x08001a48   0x00000040   Code   RO         1887    i.HAL_NVIC_SetPriority  stm32f4xx_hal_cortex.o
    0x08001a88   0x08001a88   0x00000024   Code   RO         1888    i.HAL_NVIC_SetPriorityGrouping  stm32f4xx_hal_cortex.o
    0x08001aac   0x08001aac   0x00000134   Code   RO         1138    i.HAL_RCC_ClockConfig  stm32f4xx_hal_rcc.o
    0x08001be0   0x08001be0   0x00000020   Code   RO         1145    i.HAL_RCC_GetPCLK1Freq  stm32f4xx_hal_rcc.o
    0x08001c00   0x08001c00   0x00000020   Code   RO         1146    i.HAL_RCC_GetPCLK2Freq  stm32f4xx_hal_rcc.o
    0x08001c20   0x08001c20   0x00000060   Code   RO         1147    i.HAL_RCC_GetSysClockFreq  stm32f4xx_hal_rcc.o
    0x08001c80   0x08001c80   0x0000035c   Code   RO         1150    i.HAL_RCC_OscConfig  stm32f4xx_hal_rcc.o
    0x08001fdc   0x08001fdc   0x00000028   Code   RO         1892    i.HAL_SYSTICK_Config  stm32f4xx_hal_cortex.o
    0x08002004   0x08002004   0x00000002   Code   RO         2946    i.HAL_TIMEx_BreakCallback  stm32f4xx_hal_tim_ex.o
    0x08002006   0x08002006   0x00000002   Code   RO         2947    i.HAL_TIMEx_CommutCallback  stm32f4xx_hal_tim_ex.o
    0x08002008   0x08002008   0x00000090   Code   RO         2964    i.HAL_TIMEx_MasterConfigSynchronization  stm32f4xx_hal_tim_ex.o
    0x08002098   0x08002098   0x00000036   Code   RO         2271    i.HAL_TIM_Base_Init  stm32f4xx_hal_tim.o
    0x080020ce   0x080020ce   0x00000002   PAD
    0x080020d0   0x080020d0   0x00000038   Code   RO          617    i.HAL_TIM_Base_MspInit  stm32f4xx_hal_msp.o
    0x08002108   0x08002108   0x000000d6   Code   RO         2280    i.HAL_TIM_ConfigClockSource  stm32f4xx_hal_tim.o
    0x080021de   0x080021de   0x00000098   Code   RO         2289    i.HAL_TIM_Encoder_Init  stm32f4xx_hal_tim.o
    0x08002276   0x08002276   0x00000002   PAD
    0x08002278   0x08002278   0x00000154   Code   RO          619    i.HAL_TIM_Encoder_MspInit  stm32f4xx_hal_msp.o
    0x080023cc   0x080023cc   0x00000034   Code   RO         2292    i.HAL_TIM_Encoder_Start  stm32f4xx_hal_tim.o
    0x08002400   0x08002400   0x00000002   Code   RO         2300    i.HAL_TIM_IC_CaptureCallback  stm32f4xx_hal_tim.o
    0x08002402   0x08002402   0x00000166   Code   RO         2314    i.HAL_TIM_IRQHandler  stm32f4xx_hal_tim.o
    0x08002568   0x08002568   0x00000074   Code   RO          620    i.HAL_TIM_MspPostInit  stm32f4xx_hal_msp.o
    0x080025dc   0x080025dc   0x00000002   Code   RO         2317    i.HAL_TIM_OC_DelayElapsedCallback  stm32f4xx_hal_tim.o
    0x080025de   0x080025de   0x000000d0   Code   RO         2338    i.HAL_TIM_PWM_ConfigChannel  stm32f4xx_hal_tim.o
    0x080026ae   0x080026ae   0x00000036   Code   RO         2341    i.HAL_TIM_PWM_Init  stm32f4xx_hal_tim.o
    0x080026e4   0x080026e4   0x00000002   Code   RO         2343    i.HAL_TIM_PWM_MspInit  stm32f4xx_hal_tim.o
    0x080026e6   0x080026e6   0x00000002   Code   RO         2344    i.HAL_TIM_PWM_PulseFinishedCallback  stm32f4xx_hal_tim.o
    0x080026e8   0x080026e8   0x00000044   Code   RO         2346    i.HAL_TIM_PWM_Start  stm32f4xx_hal_tim.o
    0x0800272c   0x0800272c   0x00000002   Code   RO         2352    i.HAL_TIM_PeriodElapsedCallback  stm32f4xx_hal_tim.o
    0x0800272e   0x0800272e   0x00000002   Code   RO         2357    i.HAL_TIM_TriggerCallback  stm32f4xx_hal_tim.o
    0x08002730   0x08002730   0x0000005e   Code   RO         3215    i.HAL_UART_DMAResume  stm32f4xx_hal_uart.o
    0x0800278e   0x0800278e   0x00000058   Code   RO         3216    i.HAL_UART_DMAStop  stm32f4xx_hal_uart.o
    0x080027e6   0x080027e6   0x00000002   Code   RO         3218    i.HAL_UART_ErrorCallback  stm32f4xx_hal_uart.o
    0x080027e8   0x080027e8   0x00000114   Code   RO         3221    i.HAL_UART_IRQHandler  stm32f4xx_hal_uart.o
    0x080028fc   0x080028fc   0x00000062   Code   RO         3222    i.HAL_UART_Init     stm32f4xx_hal_uart.o
    0x0800295e   0x0800295e   0x00000002   PAD
    0x08002960   0x08002960   0x0000010c   Code   RO          622    i.HAL_UART_MspInit  stm32f4xx_hal_msp.o
    0x08002a6c   0x08002a6c   0x00000098   Code   RO         3226    i.HAL_UART_Receive_DMA  stm32f4xx_hal_uart.o
    0x08002b04   0x08002b04   0x00000068   Code   RO          348    i.HAL_UART_RxCpltCallback  main.o
    0x08002b6c   0x08002b6c   0x00000002   Code   RO         3229    i.HAL_UART_RxHalfCpltCallback  stm32f4xx_hal_uart.o
    0x08002b6e   0x08002b6e   0x000000ba   Code   RO         3230    i.HAL_UART_Transmit  stm32f4xx_hal_uart.o
    0x08002c28   0x08002c28   0x00000002   Code   RO         3233    i.HAL_UART_TxCpltCallback  stm32f4xx_hal_uart.o
    0x08002c2a   0x08002c2a   0x00000002   Code   RO          496    i.HardFault_Handler  stm32f4xx_it.o
    0x08002c2c   0x08002c2c   0x0000002e   Code   RO          745    i.I2C_IsAcknowledgeFailed  stm32f4xx_hal_i2c.o
    0x08002c5a   0x08002c5a   0x00000002   PAD
    0x08002c5c   0x08002c5c   0x0000009c   Code   RO          749    i.I2C_MasterRequestWrite  stm32f4xx_hal_i2c.o
    0x08002cf8   0x08002cf8   0x000000fc   Code   RO          755    i.I2C_RequestMemoryRead  stm32f4xx_hal_i2c.o
    0x08002df4   0x08002df4   0x000000a8   Code   RO          756    i.I2C_RequestMemoryWrite  stm32f4xx_hal_i2c.o
    0x08002e9c   0x08002e9c   0x0000004c   Code   RO          759    i.I2C_WaitOnBTFFlagUntilTimeout  stm32f4xx_hal_i2c.o
    0x08002ee8   0x08002ee8   0x00000068   Code   RO          760    i.I2C_WaitOnFlagUntilTimeout  stm32f4xx_hal_i2c.o
    0x08002f50   0x08002f50   0x00000096   Code   RO          761    i.I2C_WaitOnMasterAddressFlagUntilTimeout  stm32f4xx_hal_i2c.o
    0x08002fe6   0x08002fe6   0x00000066   Code   RO          762    i.I2C_WaitOnRXNEFlagUntilTimeout  stm32f4xx_hal_i2c.o
    0x0800304c   0x0800304c   0x0000004c   Code   RO          763    i.I2C_WaitOnTXEFlagUntilTimeout  stm32f4xx_hal_i2c.o
    0x08003098   0x08003098   0x000000e4   Code   RO          349    i.MX_GPIO_Init      main.o
    0x0800317c   0x0800317c   0x00000060   Code   RO          350    i.MX_TIM1_Init      main.o
    0x080031dc   0x080031dc   0x00000098   Code   RO          351    i.MX_TIM2_Init      main.o
    0x08003274   0x08003274   0x00000060   Code   RO          352    i.MX_TIM3_Init      main.o
    0x080032d4   0x080032d4   0x00000060   Code   RO          353    i.MX_TIM4_Init      main.o
    0x08003334   0x08003334   0x00000060   Code   RO          354    i.MX_TIM5_Init      main.o
    0x08003394   0x08003394   0x00000002   Code   RO          497    i.MemManage_Handler  stm32f4xx_it.o
    0x08003396   0x08003396   0x00000002   Code   RO          498    i.NMI_Handler       stm32f4xx_it.o
    0x08003398   0x08003398   0x0000000a   Code   RO         3562    i.PCA9685_AutoIncrement  pca9685.o
    0x080033a2   0x080033a2   0x00000002   PAD
    0x080033a4   0x080033a4   0x00000020   Code   RO         3563    i.PCA9685_Init      pca9685.o
    0x080033c4   0x080033c4   0x0000000a   Code   RO         3564    i.PCA9685_RestartMode  pca9685.o
    0x080033ce   0x080033ce   0x00000002   PAD
    0x080033d0   0x080033d0   0x00000070   Code   RO         3565    i.PCA9685_SetBit    pca9685.o
    0x08003440   0x08003440   0x000000c4   Code   RO         3568    i.PCA9685_SetPwmFrequency  pca9685.o
    0x08003504   0x08003504   0x0000000a   Code   RO         3570    i.PCA9685_SleepMode  pca9685.o
    0x0800350e   0x0800350e   0x00000002   PAD
    0x08003510   0x08003510   0x00000028   Code   RO         3571    i.PCA9685_SoftwareReset  pca9685.o
    0x08003538   0x08003538   0x00000094   Code   RO          271    i.PIDCompute        pid_controller.o
    0x080035cc   0x080035cc   0x00000070   Code   RO          273    i.PIDInit           pid_controller.o
    0x0800363c   0x0800363c   0x00000068   Code   RO          275    i.PIDOutputLimitsSet  pid_controller.o
    0x080036a4   0x080036a4   0x00000060   Code   RO          280    i.PIDTuningsSet     pid_controller.o
    0x08003704   0x08003704   0x00000002   Code   RO          499    i.PendSV_Handler    stm32f4xx_it.o
    0x08003706   0x08003706   0x00000002   Code   RO          500    i.SVC_Handler       stm32f4xx_it.o
    0x08003708   0x08003708   0x00000020   Code   RO          501    i.SysTick_Handler   stm32f4xx_it.o
    0x08003728   0x08003728   0x00000080   Code   RO          356    i.SystemClock_Config  main.o
    0x080037a8   0x080037a8   0x0000001c   Code   RO         3524    i.SystemInit        system_stm32f4xx.o
    0x080037c4   0x080037c4   0x0000000c   Code   RO          502    i.TIM2_IRQHandler   stm32f4xx_it.o
    0x080037d0   0x080037d0   0x0000000c   Code   RO          503    i.TIM3_IRQHandler   stm32f4xx_it.o
    0x080037dc   0x080037dc   0x0000000c   Code   RO          504    i.TIM4_IRQHandler   stm32f4xx_it.o
    0x080037e8   0x080037e8   0x0000000c   Code   RO          505    i.TIM5_IRQHandler   stm32f4xx_it.o
    0x080037f4   0x080037f4   0x000000c8   Code   RO         2359    i.TIM_Base_SetConfig  stm32f4xx_hal_tim.o
    0x080038bc   0x080038bc   0x0000001a   Code   RO         2360    i.TIM_CCxChannelCmd  stm32f4xx_hal_tim.o
    0x080038d6   0x080038d6   0x00000014   Code   RO         2370    i.TIM_ETR_SetConfig  stm32f4xx_hal_tim.o
    0x080038ea   0x080038ea   0x00000010   Code   RO         2371    i.TIM_ITRx_SetConfig  stm32f4xx_hal_tim.o
    0x080038fa   0x080038fa   0x00000002   PAD
    0x080038fc   0x080038fc   0x00000060   Code   RO         2372    i.TIM_OC1_SetConfig  stm32f4xx_hal_tim.o
    0x0800395c   0x0800395c   0x0000006c   Code   RO         2373    i.TIM_OC2_SetConfig  stm32f4xx_hal_tim.o
    0x080039c8   0x080039c8   0x00000068   Code   RO         2374    i.TIM_OC3_SetConfig  stm32f4xx_hal_tim.o
    0x08003a30   0x08003a30   0x00000050   Code   RO         2375    i.TIM_OC4_SetConfig  stm32f4xx_hal_tim.o
    0x08003a80   0x08003a80   0x00000022   Code   RO         2377    i.TIM_TI1_ConfigInputStage  stm32f4xx_hal_tim.o
    0x08003aa2   0x08003aa2   0x00000024   Code   RO         2379    i.TIM_TI2_ConfigInputStage  stm32f4xx_hal_tim.o
    0x08003ac6   0x08003ac6   0x00000002   PAD
    0x08003ac8   0x08003ac8   0x0000000c   Code   RO          506    i.UART5_IRQHandler  stm32f4xx_it.o
    0x08003ad4   0x08003ad4   0x00000010   Code   RO         3235    i.UART_DMAAbortOnError  stm32f4xx_hal_uart.o
    0x08003ae4   0x08003ae4   0x0000004a   Code   RO         3236    i.UART_DMAError     stm32f4xx_hal_uart.o
    0x08003b2e   0x08003b2e   0x0000003c   Code   RO         3237    i.UART_DMAReceiveCplt  stm32f4xx_hal_uart.o
    0x08003b6a   0x08003b6a   0x0000000a   Code   RO         3239    i.UART_DMARxHalfCplt  stm32f4xx_hal_uart.o
    0x08003b74   0x08003b74   0x0000001c   Code   RO         3245    i.UART_EndRxTransfer  stm32f4xx_hal_uart.o
    0x08003b90   0x08003b90   0x00000012   Code   RO         3246    i.UART_EndTxTransfer  stm32f4xx_hal_uart.o
    0x08003ba2   0x08003ba2   0x00000096   Code   RO         3247    i.UART_Receive_IT   stm32f4xx_hal_uart.o
    0x08003c38   0x08003c38   0x00000128   Code   RO         3248    i.UART_SetConfig    stm32f4xx_hal_uart.o
    0x08003d60   0x08003d60   0x00000062   Code   RO         3249    i.UART_Transmit_IT  stm32f4xx_hal_uart.o
    0x08003dc2   0x08003dc2   0x00000064   Code   RO         3250    i.UART_WaitOnFlagUntilTimeout  stm32f4xx_hal_uart.o
    0x08003e26   0x08003e26   0x00000002   Code   RO          507    i.UsageFault_Handler  stm32f4xx_it.o
    0x08003e28   0x08003e28   0x00000020   Code   RO         1894    i.__NVIC_SetPriority  stm32f4xx_hal_cortex.o
    0x08003e48   0x08003e48   0x00000118   Code   RO         3652    i.__hardfp_floor    m_wm.l(floor.o)
    0x08003f60   0x08003f60   0x00000028   Code   RO         3658    i.__hardfp_strtod   m_wm.l(strtod.o)
    0x08003f88   0x08003f88   0x0000000e   Code   RO         3741    i.__scatterload_copy  mc_w.l(handlers.o)
    0x08003f96   0x08003f96   0x00000002   Code   RO         3742    i.__scatterload_null  mc_w.l(handlers.o)
    0x08003f98   0x08003f98   0x0000000e   Code   RO         3743    i.__scatterload_zeroinit  mc_w.l(handlers.o)
    0x08003fa6   0x08003fa6   0x0000000e   Code   RO         3730    i._is_digit         mc_w.l(scanf_fp.o)
    0x08003fb4   0x08003fb4   0x000000ac   Code   RO          357    i.calspeed          main.o
    0x08004060   0x08004060   0x00000030   Code   RO          358    i.checkpul          main.o
    0x08004090   0x08004090   0x000000e8   Code   RO          359    i.inversespeed      main.o
    0x08004178   0x08004178   0x000007a8   Code   RO          360    i.main              main.o
    0x08004920   0x08004920   0x00000034   Code   RO          361    i.split             main.o
    0x08004954   0x08004954   0x00000008   Data   RO         1611    .constdata          stm32f4xx_hal_dma.o
    0x0800495c   0x0800495c   0x00000010   Data   RO         3525    .constdata          system_stm32f4xx.o
    0x0800496c   0x0800496c   0x00000008   Data   RO         3526    .constdata          system_stm32f4xx.o
    0x08004974   0x08004974   0x00000040   Data   RO         3735    .constdata          mc_w.l(ctype_c.o)
    0x080049b4   0x080049b4   0x00000020   Data   RO         3739    Region$$Table       anon$$obj.o


    Execution Region RW_IRAM1 (Exec base: 0x20000000, Load base: 0x080049d4, Size: 0x000008a8, Max: 0x00020000, ABSOLUTE)

    Exec Addr    Load Addr    Size         Type   Attr      Idx    E Section Name        Object

    0x20000000   0x080049d4   0x000000c4   Data   RW          366    .data               main.o
    0x200000c4   0x08004a98   0x00000008   Data   RW          508    .data               stm32f4xx_it.o
    0x200000cc   0x08004aa0   0x0000000c   Data   RW         2038    .data               stm32f4xx_hal.o
    0x200000d8   0x08004aac   0x00000004   Data   RW         3527    .data               system_stm32f4xx.o
    0x200000dc   0x08004ab0   0x00000004   Data   RW         3573    .data               pca9685.o
    0x200000e0   0x08004ab4   0x00000004   Data   RW         3674    .data               mc_w.l(strtok.o)
    0x200000e4        -       0x00000300   Zero   RW          362    .bss                main.o
    0x200003e4        -       0x00000060   Zero   RW          363    .bss                main.o
    0x20000444        -       0x00000060   Zero   RW          364    .bss                main.o
    0x200004a4   0x08004ab8   0x00000004   PAD
    0x200004a8        -       0x00000400   Zero   RW            1    STACK               startup_stm32f407xx.o


==============================================================================

Image component sizes


      Code (inc. data)   RO Data    RW Data    ZI Data      Debug   Object Name

      3462        284          0        196        960      15045   main.o
       410         54          0          4          0       4540   pca9685.o
       460          6          0          0          0       4140   pid_controller.o
         0          0          0          0          0     692268   servo.o
        36          8        392          0       1024        828   startup_stm32f407xx.o
       180         28          0         12          0       9349   stm32f4xx_hal.o
       198         14          0          0          0      33903   stm32f4xx_hal_cortex.o
      1080         16          8          0          0       7286   stm32f4xx_hal_dma.o
       450         46          0          0          0       2372   stm32f4xx_hal_gpio.o
      2630         68          0          0          0      14828   stm32f4xx_hal_i2c.o
       932        100          0          0          0       4912   stm32f4xx_hal_msp.o
      1328         72          0          0          0       5180   stm32f4xx_hal_rcc.o
      1892         90          0          0          0      17869   stm32f4xx_hal_tim.o
       148         28          0          0          0       2425   stm32f4xx_hal_tim_ex.o
      1750         30          0          0          0      14134   stm32f4xx_hal_uart.o
       132         46          0          8          0       7444   stm32f4xx_it.o
        28          6         24          4          0       1107   system_stm32f4xx.o

    ----------------------------------------------------------------------
     15144        896        456        224       1988     837630   Object Totals
         0          0         32          0          0          0   (incl. Generated)
        28          0          0          0          4          0   (incl. Padding)

    ----------------------------------------------------------------------

      Code (inc. data)   RO Data    RW Data    ZI Data      Debug   Library Member Name

       280         28          0          0          0        156   floor.o
        40         10          0          0          0        128   strtod.o
        64          0          0          0          0         84   _sgetc.o
        40          6         64          0          0         68   ctype_c.o
         0          0          0          0          0          0   entry.o
         0          0          0          0          0          0   entry10a.o
         0          0          0          0          0          0   entry11a.o
         8          4          0          0          0          0   entry2.o
         4          0          0          0          0          0   entry5.o
         0          0          0          0          0          0   entry7b.o
         0          0          0          0          0          0   entry8b.o
         8          4          0          0          0          0   entry9a.o
        30          0          0          0          0          0   handlers.o
        36          8          0          0          0         68   init.o
        10          0          0          0          0         68   isspace_c.o
         0          0          0          0          0          0   iusefp.o
        30          0          0          0          0         68   llshl.o
        36          0          0          0          0         68   llsshr.o
        32          0          0          0          0         68   llushr.o
        36          0          0          0          0        108   memseta.o
       878         12          0          0          0        216   scanf_fp.o
        20          0          0          0          0         68   strchr.o
       156         12          0          0          0        120   strtod.o
        68          6          0          4          0         80   strtok.o
        98          0          0          0          0         92   uldiv.o
        48          0          0          0          0         68   cdrcmple.o
        56          0          0          0          0         88   d2f.o
       334          0          0          0          0        148   dadd.o
       222          0          0          0          0        100   ddiv.o
       186          0          0          0          0        176   depilogue.o
        50          0          0          0          0         76   dfixui.o
        34          0          0          0          0         76   dflti.o
        26          0          0          0          0         76   dfltui.o
        24          0          0          0          0         76   dfltul.o
       228          0          0          0          0         96   dmul.o
        38          0          0          0          0         68   f2d.o
       110          0          0          0          0        168   fepilogue.o

    ----------------------------------------------------------------------
      3236         90         64          4          0       2676   Library Totals
         6          0          0          0          0          0   (incl. Padding)

    ----------------------------------------------------------------------

      Code (inc. data)   RO Data    RW Data    ZI Data      Debug   Library Name

       320         38          0          0          0        284   m_wm.l
      1554         52         64          4          0       1176   mc_w.l
      1356          0          0          0          0       1216   mf_w.l

    ----------------------------------------------------------------------
      3236         90         64          4          0       2676   Library Totals

    ----------------------------------------------------------------------

==============================================================================


      Code (inc. data)   RO Data    RW Data    ZI Data      Debug   

     18380        986        520        228       1988     827014   Grand Totals
     18380        986        520        228       1988     827014   ELF Image Totals
     18380        986        520        228          0          0   ROM Totals

==============================================================================

    Total RO  Size (Code + RO Data)                18900 (  18.46kB)
    Total RW  Size (RW Data + ZI Data)              2216 (   2.16kB)
    Total ROM Size (Code + RO Data + RW Data)      19128 (  18.68kB)

==============================================================================

