Component: ARM Compiler 5.06 update 5 (build 528) Tool: armlink [4d35e2]

==============================================================================

Section Cross References

    startup_stm32f407xx.o(RESET) refers to startup_stm32f407xx.o(STACK) for __initial_sp
    startup_stm32f407xx.o(RESET) refers to startup_stm32f407xx.o(.text) for Reset_Handler
    startup_stm32f407xx.o(RESET) refers to stm32f4xx_it.o(i.NMI_Handler) for NMI_Handler
    startup_stm32f407xx.o(RESET) refers to stm32f4xx_it.o(i.HardFault_Handler) for HardFault_Handler
    startup_stm32f407xx.o(RESET) refers to stm32f4xx_it.o(i.MemManage_Handler) for MemManage_Handler
    startup_stm32f407xx.o(RESET) refers to stm32f4xx_it.o(i.BusFault_Handler) for BusFault_Handler
    startup_stm32f407xx.o(RESET) refers to stm32f4xx_it.o(i.UsageFault_Handler) for UsageFault_Handler
    startup_stm32f407xx.o(RESET) refers to stm32f4xx_it.o(i.SVC_Handler) for SVC_Handler
    startup_stm32f407xx.o(RESET) refers to stm32f4xx_it.o(i.DebugMon_Handler) for DebugMon_Handler
    startup_stm32f407xx.o(RESET) refers to stm32f4xx_it.o(i.PendSV_Handler) for PendSV_Handler
    startup_stm32f407xx.o(RESET) refers to stm32f4xx_it.o(i.SysTick_Handler) for SysTick_Handler
    startup_stm32f407xx.o(RESET) refers to stm32f4xx_it.o(i.DMA1_Stream0_IRQHandler) for DMA1_Stream0_IRQHandler
    startup_stm32f407xx.o(RESET) refers to stm32f4xx_it.o(i.TIM2_IRQHandler) for TIM2_IRQHandler
    startup_stm32f407xx.o(RESET) refers to stm32f4xx_it.o(i.TIM3_IRQHandler) for TIM3_IRQHandler
    startup_stm32f407xx.o(RESET) refers to stm32f4xx_it.o(i.TIM4_IRQHandler) for TIM4_IRQHandler
    startup_stm32f407xx.o(RESET) refers to stm32f4xx_it.o(i.DMA1_Stream7_IRQHandler) for DMA1_Stream7_IRQHandler
    startup_stm32f407xx.o(RESET) refers to stm32f4xx_it.o(i.TIM5_IRQHandler) for TIM5_IRQHandler
    startup_stm32f407xx.o(RESET) refers to stm32f4xx_it.o(i.UART5_IRQHandler) for UART5_IRQHandler
    startup_stm32f407xx.o(.text) refers to system_stm32f4xx.o(i.SystemInit) for SystemInit
    startup_stm32f407xx.o(.text) refers to entry.o(.ARM.Collect$$$$00000000) for __main
    servo.o(i.DWT_Delay_ms) refers to stm32f4xx_hal_rcc.o(i.HAL_RCC_GetHCLKFreq) for HAL_RCC_GetHCLKFreq
    servo.o(i.SERVO_Get_MaxPulse) refers to servo.o(.data) for .data
    servo.o(i.SERVO_Get_MinPulse) refers to servo.o(.data) for .data
    servo.o(i.SERVO_Init) refers to memseta.o(.text) for __aeabi_memclr4
    servo.o(i.SERVO_Init) refers to dwt_delay.o(i.DWT_Delay_Init) for DWT_Delay_Init
    servo.o(i.SERVO_Init) refers to stm32f4xx_hal_gpio.o(i.HAL_GPIO_Init) for HAL_GPIO_Init
    servo.o(i.SERVO_Init) refers to dfltui.o(.text) for __aeabi_ui2d
    servo.o(i.SERVO_Init) refers to ddiv.o(.text) for __aeabi_ddiv
    servo.o(i.SERVO_Init) refers to dfixui.o(.text) for __aeabi_d2uiz
    servo.o(i.SERVO_Init) refers to dadd.o(.text) for __aeabi_dadd
    servo.o(i.SERVO_Init) refers to dmul.o(.text) for __aeabi_dmul
    servo.o(i.SERVO_Init) refers to stm32f4xx_hal_tim.o(i.HAL_TIM_Base_Init) for HAL_TIM_Base_Init
    servo.o(i.SERVO_Init) refers to stm32f4xx_hal_tim.o(i.HAL_TIM_ConfigClockSource) for HAL_TIM_ConfigClockSource
    servo.o(i.SERVO_Init) refers to stm32f4xx_hal_tim.o(i.HAL_TIM_PWM_Init) for HAL_TIM_PWM_Init
    servo.o(i.SERVO_Init) refers to stm32f4xx_hal_tim_ex.o(i.HAL_TIMEx_MasterConfigSynchronization) for HAL_TIMEx_MasterConfigSynchronization
    servo.o(i.SERVO_Init) refers to stm32f4xx_hal_tim.o(i.HAL_TIM_PWM_ConfigChannel) for HAL_TIM_PWM_ConfigChannel
    servo.o(i.SERVO_Init) refers to f2d.o(.text) for __aeabi_f2d
    servo.o(i.SERVO_Init) refers to stm32f4xx_hal_tim.o(i.HAL_TIM_PWM_Start) for HAL_TIM_PWM_Start
    servo.o(i.SERVO_Init) refers to servo_cfg.o(.constdata) for SERVO_CfgParam
    servo.o(i.SERVO_Init) refers to servo.o(.data) for .data
    servo.o(i.SERVO_MoveTo) refers to dfltui.o(.text) for __aeabi_ui2d
    servo.o(i.SERVO_MoveTo) refers to f2d.o(.text) for __aeabi_f2d
    servo.o(i.SERVO_MoveTo) refers to ddiv.o(.text) for __aeabi_ddiv
    servo.o(i.SERVO_MoveTo) refers to dadd.o(.text) for __aeabi_dadd
    servo.o(i.SERVO_MoveTo) refers to dfixui.o(.text) for __aeabi_d2uiz
    servo.o(i.SERVO_MoveTo) refers to servo.o(.data) for .data
    servo.o(i.SERVO_MoveTo) refers to servo_cfg.o(.constdata) for SERVO_CfgParam
    servo.o(i.SERVO_RawMove) refers to servo.o(.data) for .data
    servo.o(i.SERVO_RawMove) refers to servo_cfg.o(.constdata) for SERVO_CfgParam
    servo.o(i.SERVO_Sweep) refers to servo.o(i.SERVO_MoveTo) for SERVO_MoveTo
    servo.o(i.SERVO_Sweep) refers to servo.o(i.DWT_Delay_ms) for DWT_Delay_ms
    timer_delay.o(i.TimerDelay_Init) refers to stm32f4xx_hal_rcc.o(i.HAL_RCC_GetHCLKFreq) for HAL_RCC_GetHCLKFreq
    timer_delay.o(i.TimerDelay_Init) refers to stm32f4xx_hal_tim.o(i.HAL_TIM_Base_Init) for HAL_TIM_Base_Init
    timer_delay.o(i.TimerDelay_Init) refers to main.o(i.Error_Handler) for Error_Handler
[...]
    ../Drivers/STM32F4xx_HAL_Driver/Src/stm32f4xx_hal_rcc.c 0x00000000   Number         0  stm32f4xx_hal_rcc.o ABSOLUTE
    ../Drivers/STM32F4xx_HAL_Driver/Src/stm32f4xx_hal_rcc_ex.c 0x00000000   Number         0  stm32f4xx_hal_rcc_ex.o ABSOLUTE
    ../Drivers/STM32F4xx_HAL_Driver/Src/stm32f4xx_hal_tim.c 0x00000000   Number         0  stm32f4xx_hal_tim.o ABSOLUTE
    ../Drivers/STM32F4xx_HAL_Driver/Src/stm32f4xx_hal_tim_ex.c 0x00000000   Number         0  stm32f4xx_hal_tim_ex.o ABSOLUTE
    ../Drivers/STM32F4xx_HAL_Driver/Src/stm32f4xx_hal_uart.c 0x00000000   Number         0  stm32f4xx_hal_uart.o ABSOLUTE
    ../Src/main.c                            0x00000000   Number         0  main.o ABSOLUTE
    ../Src/stm32f4xx_hal_msp.c               0x00000000   Number         0  stm32f4xx_hal_msp.o ABSOLUTE
    ../Src/stm32f4xx_it.c                    0x00000000   Number         0  stm32f4xx_it.o ABSOLUTE
    ../Src/system_stm32f4xx.c                0x00000000   Number         0  system_stm32f4xx.o ABSOLUTE
    ../clib/microlib/ctype/ctype.c           0x00000000   Number         0  ctype_c.o ABSOLUTE
    ../clib/microlib/ctype/ctype.c           0x00000000   Number         0  isspace_c.o ABSOLUTE
    ../clib/microlib/division.c              0x00000000   Number         0  uldiv.o ABSOLUTE
    ../clib/microlib/init/entry.s            0x00000000   Number         0  entry11b.o ABSOLUTE
    ../clib/microlib/init/entry.s            0x00000000   Number         0  entry.o ABSOLUTE
    ../clib/microlib/init/entry.s            0x00000000   Number         0  entry9a.o ABSOLUTE
    ../clib/microlib/init/entry.s            0x00000000   Number         0  entry8a.o ABSOLUTE
    ../clib/microlib/init/entry.s            0x00000000   Number         0  entry2.o ABSOLUTE
    ../clib/microlib/init/entry.s            0x00000000   Number         0  entry5.o ABSOLUTE
    ../clib/microlib/init/entry.s            0x00000000   Number         0  entry10a.o ABSOLUTE
    ../clib/microlib/init/entry.s            0x00000000   Number         0  entry10b.o ABSOLUTE
    ../clib/microlib/init/entry.s            0x00000000   Number         0  entry11a.o ABSOLUTE
    ../clib/microlib/init/entry.s            0x00000000   Number         0  entry7a.o ABSOLUTE
    ../clib/microlib/init/entry.s            0x00000000   Number         0  entry7b.o ABSOLUTE
    ../clib/microlib/init/entry.s            0x00000000   Number         0  entry8b.o ABSOLUTE
    ../clib/microlib/init/entry.s            0x00000000   Number         0  entry9b.o ABSOLUTE
    ../clib/microlib/longlong.c              0x00000000   Number         0  llsshr.o ABSOLUTE
    ../clib/microlib/longlong.c              0x00000000   Number         0  llushr.o ABSOLUTE
    ../clib/microlib/longlong.c              0x00000000   Number         0  llshl.o ABSOLUTE
    ../clib/microlib/malloc/malloc.c         0x00000000   Number         0  malloca.o ABSOLUTE
    ../clib/microlib/malloc/malloc.c         0x00000000   Number         0  mallocra.o ABSOLUTE
    ../clib/microlib/malloc/malloc.c         0x00000000   Number         0  malloc.o ABSOLUTE
    ../clib/microlib/malloc/malloc.c         0x00000000   Number         0  mallocr.o ABSOLUTE
    ../clib/microlib/malloc/mvars.c          0x00000000   Number         0  mvars.o ABSOLUTE
    ../clib/microlib/string/memcmp.c         0x00000000   Number         0  memcmp.o ABSOLUTE
    ../clib/microlib/string/memcpy.c         0x00000000   Number         0  memcpyb.o ABSOLUTE
    ../clib/microlib/string/memcpy.c         0x00000000   Number         0  memcpya.o ABSOLUTE
    ../clib/microlib/string/memset.c         0x00000000   Number         0  memseta.o ABSOLUTE
    ../clib/microlib/string/strtok.c         0x00000000   Number         0  strtok_r.o ABSOLUTE
    ../clib/microlib/string/strtok.c         0x00000000   Number         0  strtok.o ABSOLUTE
    ../clib/microlib/stubs.s                 0x00000000   Number         0  iusefp.o ABSOLUTE
    ../clib/scanf.c                          0x00000000   Number         0  _sgetc.o ABSOLUTE
    ../clib/scanf.c                          0x00000000   Number         0  strtod.o ABSOLUTE
    ../clib/scanf.c                          0x00000000   Number         0  scanf_fp.o ABSOLUTE
    ../fplib/microlib/d2f.c                  0x00000000   Number         0  d2f.o ABSOLUTE
    ../fplib/microlib/f2d.c                  0x00000000   Number         0  f2d.o ABSOLUTE
    ../fplib/microlib/fpadd.c                0x00000000   Number         0  dadd.o ABSOLUTE
    ../fplib/microlib/fpdiv.c                0x00000000   Number         0  ddiv.o ABSOLUTE
    ../fplib/microlib/fpepilogue.c           0x00000000   Number         0  depilogue.o ABSOLUTE
    ../fplib/microlib/fpepilogue.c           0x00000000   Number         0  fepilogue.o ABSOLUTE
    ../fplib/microlib/fpfix.c                0x00000000   Number         0  dfixui.o ABSOLUTE
    ../fplib/microlib/fpflt.c                0x00000000   Number         0  dfltul.o ABSOLUTE
    ../fplib/microlib/fpflt.c                0x00000000   Number         0  dfltui.o ABSOLUTE
    ../fplib/microlib/fpflt.c                0x00000000   Number         0  dflti.o ABSOLUTE
    ../fplib/microlib/fpmul.c                0x00000000   Number         0  dmul.o ABSOLUTE
    ../mathlib/floor.c                       0x00000000   Number         0  floor.o ABSOLUTE
    ../mathlib/strtod.c                      0x00000000   Number         0  strtod.o ABSOLUTE
    ..\Drivers\STM32F4xx_HAL_Driver\Src\stm32f4xx_hal.c 0x00000000   Number         0  stm32f4xx_hal.o ABSOLUTE
    ..\Drivers\STM32F4xx_HAL_Driver\Src\stm32f4xx_hal_cortex.c 0x00000000   Number         0  stm32f4xx_hal_cortex.o ABSOLUTE
    ..\Drivers\STM32F4xx_HAL_Driver\Src\stm32f4xx_hal_dma.c 0x00000000   Number         0  stm32f4xx_hal_dma.o ABSOLUTE
    ..\Drivers\STM32F4xx_HAL_Driver\Src\stm32f4xx_hal_dma_ex.c 0x00000000   Number         0  stm32f4xx_hal_dma_ex.o ABSOLUTE
    ..\Drivers\STM32F4xx_HAL_Driver\Src\stm32f4xx_hal_exti.c 0x00000000   Number         0  stm32f4xx_hal_exti.o ABSOLUTE
    ..\Drivers\STM32F4xx_HAL_Driver\Src\stm32f4xx_hal_flash.c 0x00000000   Number         0  stm32f4xx_hal_flash.o ABSOLUTE
    ..\Drivers\STM32F4xx_HAL_Driver\Src\stm32f4xx_hal_flash_ex.c 0x00000000   Number         0  stm32f4xx_hal_flash_ex.o ABSOLUTE
    ..\Drivers\STM32F4xx_HAL_Driver\Src\stm32f4xx_hal_flash_ramfunc.c 0x00000000   Number         0  stm32f4xx_hal_flash_ramfunc.o ABSOLUTE
    ..\Drivers\STM32F4xx_HAL_Driver\Src\stm32f4xx_hal_gpio.c 0x00000000   Number         0  stm32f4xx_hal_gpio.o ABSOLUTE
    ..\Drivers\STM32F4xx_HAL_Driver\Src\stm32f4xx_hal_i2c.c 0x00000000   Number         0  stm32f4xx_hal_i2c.o ABSOLUTE
    ..\Drivers\STM32F4xx_HAL_Driver\Src\stm32f4xx_hal_i2c_ex.c 0x00000000   Number         0  stm32f4xx_hal_i2c_ex.o ABSOLUTE
    ..\Drivers\STM32F4xx_HAL_Driver\Src\stm32f4xx_hal_pwr.c 0x00000000   Number         0  stm32f4xx_hal_pwr.o ABSOLUTE
    ..\Drivers\STM32F4xx_HAL_Driver\Src\stm32f4xx_hal_pwr_ex.c 0x00000000   Number         0  stm32f4xx_hal_pwr_ex.o ABSOLUTE
    ..\Drivers\STM32F4xx_HAL_Driver\Src\stm32f4xx_hal_rcc.c 0x00000000   Number         0  stm32f4xx_hal_rcc.o ABSOLUTE
    ..\Drivers\STM32F4xx_HAL_Driver\Src\stm32f4xx_hal_rcc_ex.c 0x00000000   Number         0  stm32f4xx_hal_rcc_ex.o ABSOLUTE
    ..\Drivers\STM32F4xx_HAL_Driver\Src\stm32f4xx_hal_tim.c 0x00000000   Number         0  stm32f4xx_hal_tim.o ABSOLUTE
    ..\Drivers\STM32F4xx_HAL_Driver\Src\stm32f4xx_hal_tim_ex.c 0x00000000   Number         0  stm32f4xx_hal_tim_ex.o ABSOLUTE
    ..\Drivers\STM32F4xx_HAL_Driver\Src\stm32f4xx_hal_uart.c 0x00000000   Number         0  stm32f4xx_hal_uart.o ABSOLUTE
    ..\SERVO\SERVO.c                         0x00000000   Number         0  servo.o ABSOLUTE
    ..\SERVO\SERVO_cfg.c                     0x00000000   Number         0  servo_cfg.o ABSOLUTE
    ..\SERVO\util\DWT_Delay.c                0x00000000   Number         0  dwt_delay.o ABSOLUTE
    ..\SERVO\util\Timer_Delay.c              0x00000000   Number         0  timer_delay.o ABSOLUTE
    ..\Src\main.c                            0x00000000   Number         0  main.o ABSOLUTE
    ..\Src\pca9685.c                         0x00000000   Number         0  pca9685.o ABSOLUTE
    ..\Src\pid_controller.c                  0x00000000   Number         0  pid_controller.o ABSOLUTE
    ..\Src\stm32f4xx_hal_msp.c               0x00000000   Number         0  stm32f4xx_hal_msp.o ABSOLUTE
    ..\Src\stm32f4xx_it.c                    0x00000000   Number         0  stm32f4xx_it.o ABSOLUTE
    ..\Src\system_stm32f4xx.c                0x00000000   Number         0  system_stm32f4xx.o ABSOLUTE
    ..\\SERVO\\SERVO.c                       0x00000000   Number         0  servo.o ABSOLUTE
    ..\\SERVO\\SERVO_cfg.c                   0x00000000   Number         0  servo_cfg.o ABSOLUTE
    ..\\SERVO\\util\\DWT_Delay.c             0x00000000   Number         0  dwt_delay.o ABSOLUTE
    ..\\SERVO\\util\\Timer_Delay.c           0x00000000   Number         0  timer_delay.o ABSOLUTE
    ..\\Src\\pca9685.c                       0x00000000   Number         0  pca9685.o ABSOLUTE
    cdrcmple.s                               0x00000000   Number         0  cdrcmple.o ABSOLUTE
    dc.s                                     0x00000000   Number         0  dc.o ABSOLUTE
    handlers.s                               0x00000000   Number         0  handlers.o ABSOLUTE
    init.s                                   0x00000000   Number         0  init.o ABSOLUTE
    startup_stm32f407xx.s                    0x00000000   Number         0  startup_stm32f407xx.o ABSOLUTE
    RESET                                    0x08000000   Section      392  startup_stm32f407xx.o(RESET)
    .ARM.Collect$$$$00000000                 0x08000188   Section        0  entry.o(.ARM.Collect$$$$00000000)
    .ARM.Collect$$$$00000001                 0x08000188   Section        4  entry2.o(.ARM.Collect$$$$00000001)
    .ARM.Collect$$$$00000004                 0x0800018c   Section        4  entry5.o(.ARM.Collect$$$$00000004)
    .ARM.Collect$$$$00000008                 0x08000190   Section        0  entry7b.o(.ARM.Collect$$$$00000008)
    .ARM.Collect$$$$0000000A                 0x08000190   Section        0  entry8b.o(.ARM.Collect$$$$0000000A)
    .ARM.Collect$$$$0000000B                 0x08000190   Section        8  entry9a.o(.ARM.Collect$$$$0000000B)
    .ARM.Collect$$$$0000000D                 0x08000198   Section        0  entry10a.o(.ARM.Collect$$$$0000000D)
    .ARM.Collect$$$$0000000F                 0x08000198   Section        0  entry11a.o(.ARM.Collect$$$$0000000F)
    .ARM.Collect$$$$00002712                 0x08000198   Section        4  entry2.o(.ARM.Collect$$$$00002712)
    __lit__00000000                          0x08000198   Data           4  entry2.o(.ARM.Collect$$$$00002712)
    .text                                    0x0800019c   Section       36  startup_stm32f407xx.o(.text)
    $v0                                      0x0800019c   Number         0  startup_stm32f407xx.o(.text)
    .text                                    0x080001c0   Section        0  uldiv.o(.text)
    .text                                    0x08000222   Section        0  memseta.o(.text)
    .text                                    0x08000246   Section        0  memcmp.o(.text)
    .text                                    0x08000260   Section        0  dadd.o(.text)
    .text                                    0x080003ae   Section        0  dmul.o(.text)
    .text                                    0x08000492   Section        0  ddiv.o(.text)
    .text                                    0x08000570   Section        0  dflti.o(.text)
    .text                                    0x08000592   Section        0  dfltui.o(.text)
    .text                                    0x080005ac   Section        0  dfixui.o(.text)
    .text                                    0x080005de   Section        0  f2d.o(.text)
    .text                                    0x08000604   Section        0  d2f.o(.text)
    .text                                    0x0800063c   Section        0  llshl.o(.text)
    .text                                    0x0800065a   Section        0  llushr.o(.text)
    .text                                    0x0800067a   Section        0  llsshr.o(.text)
    .text                                    0x0800069e   Section        0  fepilogue.o(.text)
    .text                                    0x0800069e   Section        0  iusefp.o(.text)
    .text                                    0x0800070c   Section        0  depilogue.o(.text)
    .text                                    0x080007c8   Section       48  cdrcmple.o(.text)
    .text                                    0x080007f8   Section       36  init.o(.text)
    i.BusFault_Handler                       0x0800081c   Section        0  stm32f4xx_it.o(i.BusFault_Handler)
    i.DMA1_Stream0_IRQHandler                0x08000820   Section        0  stm32f4xx_it.o(i.DMA1_Stream0_IRQHandler)
    i.DMA1_Stream7_IRQHandler                0x0800082c   Section        0  stm32f4xx_it.o(i.DMA1_Stream7_IRQHandler)
    i.DMA_CalcBaseAndBitshift                0x08000838   Section        0  stm32f4xx_hal_dma.o(i.DMA_CalcBaseAndBitshift)
    DMA_CalcBaseAndBitshift                  0x08000839   Thumb Code    34  stm32f4xx_hal_dma.o(i.DMA_CalcBaseAndBitshift)
    i.DMA_CheckFifoParam                     0x08000860   Section        0  stm32f4xx_hal_dma.o(i.DMA_CheckFifoParam)
    DMA_CheckFifoParam                       0x08000861   Thumb Code    84  stm32f4xx_hal_dma.o(i.DMA_CheckFifoParam)
    i.DMA_SetConfig                          0x080008b4   Section        0  stm32f4xx_hal_dma.o(i.DMA_SetConfig)
    DMA_SetConfig                            0x080008b5   Thumb Code    40  stm32f4xx_hal_dma.o(i.DMA_SetConfig)
    i.DebugMon_Handler                       0x080008dc   Section        0  stm32f4xx_it.o(i.DebugMon_Handler)
    i.Error_Handler                          0x080008de   Section        0  main.o(i.Error_Handler)
    i.HAL_DMA_Abort_IT                       0x080008e0   Section        0  stm32f4xx_hal_dma.o(i.HAL_DMA_Abort_IT)
    i.HAL_DMA_IRQHandler                     0x08000904   Section        0  stm32f4xx_hal_dma.o(i.HAL_DMA_IRQHandler)
    i.HAL_DMA_Init                           0x08000aa4   Section        0  stm32f4xx_hal_dma.o(i.HAL_DMA_Init)
    i.HAL_DMA_Start_IT                       0x08000b78   Section        0  stm32f4xx_hal_dma.o(i.HAL_DMA_Start_IT)
    i.HAL_Delay                              0x08000be8   Section        0  stm32f4xx_hal.o(i.HAL_Delay)
    i.HAL_GPIO_Init                          0x08000c0c   Section        0  stm32f4xx_hal_gpio.o(i.HAL_GPIO_Init)
    i.HAL_GPIO_WritePin                      0x08000dc4   Section        0  stm32f4xx_hal_gpio.o(i.HAL_GPIO_WritePin)
    i.HAL_GetTick                            0x08000dd0   Section        0  stm32f4xx_hal.o(i.HAL_GetTick)
    i.HAL_I2C_Init                           0x08000ddc   Section        0  stm32f4xx_hal_i2c.o(i.HAL_I2C_Init)
    i.HAL_I2C_Master_Transmit                0x08000f64   Section        0  stm32f4xx_hal_i2c.o(i.HAL_I2C_Master_Transmit)
    i.HAL_I2C_Mem_Read                       0x08001090   Section        0  stm32f4xx_hal_i2c.o(i.HAL_I2C_Mem_Read)
    i.HAL_I2C_Mem_Write                      0x08001288   Section        0  stm32f4xx_hal_i2c.o(i.HAL_I2C_Mem_Write)
    i.HAL_I2C_MspInit                        0x080013b8   Section        0  stm32f4xx_hal_msp.o(i.HAL_I2C_MspInit)
    i.HAL_IncTick                            0x08001420   Section        0  stm32f4xx_hal.o(i.HAL_IncTick)
    i.HAL_Init                               0x08001430   Section        0  stm32f4xx_hal.o(i.HAL_Init)
    i.HAL_InitTick                           0x08001464   Section        0  stm32f4xx_hal.o(i.HAL_InitTick)
    i.HAL_MspInit                            0x080014a4   Section        0  stm32f4xx_hal_msp.o(i.HAL_MspInit)
    i.HAL_NVIC_EnableIRQ                     0x080014d4   Section        0  stm32f4xx_hal_cortex.o(i.HAL_NVIC_EnableIRQ)
    i.HAL_NVIC_SetPriority                   0x080014f0   Section        0  stm32f4xx_hal_cortex.o(i.HAL_NVIC_SetPriority)
    i.HAL_NVIC_SetPriorityGrouping           0x08001530   Section        0  stm32f4xx_hal_cortex.o(i.HAL_NVIC_SetPriorityGrouping)
    i.HAL_RCC_ClockConfig                    0x08001554   Section        0  stm32f4xx_hal_rcc.o(i.HAL_RCC_ClockConfig)
    i.HAL_RCC_GetPCLK1Freq                   0x08001688   Section        0  stm32f4xx_hal_rcc.o(i.HAL_RCC_GetPCLK1Freq)
    i.HAL_RCC_GetPCLK2Freq                   0x080016a8   Section        0  stm32f4xx_hal_rcc.o(i.HAL_RCC_GetPCLK2Freq)
    i.HAL_RCC_GetSysClockFreq                0x080016c8   Section        0  stm32f4xx_hal_rcc.o(i.HAL_RCC_GetSysClockFreq)
    i.HAL_RCC_OscConfig                      0x08001728   Section        0  stm32f4xx_hal_rcc.o(i.HAL_RCC_OscConfig)
    i.HAL_SYSTICK_Config                     0x08001a84   Section        0  stm32f4xx_hal_cortex.o(i.HAL_SYSTICK_Config)
    i.HAL_TIMEx_BreakCallback                0x08001aac   Section        0  stm32f4xx_hal_tim_ex.o(i.HAL_TIMEx_BreakCallback)
    i.HAL_TIMEx_CommutCallback               0x08001aae   Section        0  stm32f4xx_hal_tim_ex.o(i.HAL_TIMEx_CommutCallback)
    i.HAL_TIMEx_MasterConfigSynchronization  0x08001ab0   Section        0  stm32f4xx_hal_tim_ex.o(i.HAL_TIMEx_MasterConfigSynchronization)
    i.HAL_TIM_Base_Init                      0x08001b40   Section        0  stm32f4xx_hal_tim.o(i.HAL_TIM_Base_Init)
    i.HAL_TIM_Base_MspInit                   0x08001b78   Section        0  stm32f4xx_hal_msp.o(i.HAL_TIM_Base_MspInit)
    i.HAL_TIM_ConfigClockSource              0x08001bcc   Section        0  stm32f4xx_hal_tim.o(i.HAL_TIM_ConfigClockSource)
    i.HAL_TIM_Encoder_Init                   0x08001ca2   Section        0  stm32f4xx_hal_tim.o(i.HAL_TIM_Encoder_Init)
    i.HAL_TIM_Encoder_MspInit                0x08001d3c   Section        0  stm32f4xx_hal_msp.o(i.HAL_TIM_Encoder_MspInit)
    i.HAL_TIM_Encoder_Start                  0x08001e90   Section        0  stm32f4xx_hal_tim.o(i.HAL_TIM_Encoder_Start)
    i.HAL_TIM_IC_CaptureCallback             0x08001ec4   Section        0  stm32f4xx_hal_tim.o(i.HAL_TIM_IC_CaptureCallback)
    i.HAL_TIM_IRQHandler                     0x08001ec6   Section        0  stm32f4xx_hal_tim.o(i.HAL_TIM_IRQHandler)
    i.HAL_TIM_MspPostInit                    0x0800202c   Section        0  stm32f4xx_hal_msp.o(i.HAL_TIM_MspPostInit)
    i.HAL_TIM_OC_DelayElapsedCallback        0x080020a0   Section        0  stm32f4xx_hal_tim.o(i.HAL_TIM_OC_DelayElapsedCallback)
    i.HAL_TIM_PWM_ConfigChannel              0x080020a2   Section        0  stm32f4xx_hal_tim.o(i.HAL_TIM_PWM_ConfigChannel)
    i.HAL_TIM_PWM_Init                       0x08002172   Section        0  stm32f4xx_hal_tim.o(i.HAL_TIM_PWM_Init)
    i.HAL_TIM_PWM_MspInit                    0x080021a8   Section        0  stm32f4xx_hal_tim.o(i.HAL_TIM_PWM_MspInit)
    i.HAL_TIM_PWM_PulseFinishedCallback      0x080021aa   Section        0  stm32f4xx_hal_tim.o(i.HAL_TIM_PWM_PulseFinishedCallback)
    i.HAL_TIM_PWM_Start                      0x080021ac   Section        0  stm32f4xx_hal_tim.o(i.HAL_TIM_PWM_Start)
    i.HAL_TIM_PeriodElapsedCallback          0x080021f0   Section        0  main.o(i.HAL_TIM_PeriodElapsedCallback)
    i.HAL_TIM_TriggerCallback                0x0800227c   Section        0  stm32f4xx_hal_tim.o(i.HAL_TIM_TriggerCallback)
    i.HAL_UART_ErrorCallback                 0x0800227e   Section        0  stm32f4xx_hal_uart.o(i.HAL_UART_ErrorCallback)
    i.HAL_UART_IRQHandler                    0x08002280   Section        0  stm32f4xx_hal_uart.o(i.HAL_UART_IRQHandler)
    i.HAL_UART_Init                          0x08002394   Section        0  stm32f4xx_hal_uart.o(i.HAL_UART_Init)
    i.HAL_UART_MspInit                       0x080023f8   Section        0  stm32f4xx_hal_msp.o(i.HAL_UART_MspInit)
    i.HAL_UART_Receive_DMA                   0x08002504   Section        0  stm32f4xx_hal_uart.o(i.HAL_UART_Receive_DMA)
    i.HAL_UART_RxCpltCallback                0x0800259c   Section        0  main.o(i.HAL_UART_RxCpltCallback)
    i.HAL_UART_RxHalfCpltCallback            0x080025c8   Section        0  stm32f4xx_hal_uart.o(i.HAL_UART_RxHalfCpltCallback)
    i.HAL_UART_Transmit_DMA                  0x080025cc   Section        0  stm32f4xx_hal_uart.o(i.HAL_UART_Transmit_DMA)
    i.HAL_UART_TxCpltCallback                0x0800264c   Section        0  stm32f4xx_hal_uart.o(i.HAL_UART_TxCpltCallback)
    i.HAL_UART_TxHalfCpltCallback            0x0800264e   Section        0  stm32f4xx_hal_uart.o(i.HAL_UART_TxHalfCpltCallback)
    i.HardFault_Handler                      0x08002650   Section        0  stm32f4xx_it.o(i.HardFault_Handler)
    i.I2C_IsAcknowledgeFailed                0x08002652   Section        0  stm32f4xx_hal_i2c.o(i.I2C_IsAcknowledgeFailed)
    I2C_IsAcknowledgeFailed                  0x08002653   Thumb Code    46  stm32f4xx_hal_i2c.o(i.I2C_IsAcknowledgeFailed)
    i.I2C_MasterRequestWrite                 0x08002680   Section        0  stm32f4xx_hal_i2c.o(i.I2C_MasterRequestWrite)
    I2C_MasterRequestWrite                   0x08002681   Thumb Code   150  stm32f4xx_hal_i2c.o(i.I2C_MasterRequestWrite)
    i.I2C_RequestMemoryRead                  0x0800271c   Section        0  stm32f4xx_hal_i2c.o(i.I2C_RequestMemoryRead)
    I2C_RequestMemoryRead                    0x0800271d   Thumb Code   246  stm32f4xx_hal_i2c.o(i.I2C_RequestMemoryRead)
    i.I2C_RequestMemoryWrite                 0x08002818   Section        0  stm32f4xx_hal_i2c.o(i.I2C_RequestMemoryWrite)
    I2C_RequestMemoryWrite                   0x08002819   Thumb Code   162  stm32f4xx_hal_i2c.o(i.I2C_RequestMemoryWrite)
    i.I2C_WaitOnBTFFlagUntilTimeout          0x080028c0   Section        0  stm32f4xx_hal_i2c.o(i.I2C_WaitOnBTFFlagUntilTimeout)
    I2C_WaitOnBTFFlagUntilTimeout            0x080028c1   Thumb Code    76  stm32f4xx_hal_i2c.o(i.I2C_WaitOnBTFFlagUntilTimeout)
    i.I2C_WaitOnFlagUntilTimeout             0x0800290c   Section        0  stm32f4xx_hal_i2c.o(i.I2C_WaitOnFlagUntilTimeout)
    I2C_WaitOnFlagUntilTimeout               0x0800290d   Thumb Code   104  stm32f4xx_hal_i2c.o(i.I2C_WaitOnFlagUntilTimeout)
    i.I2C_WaitOnMasterAddressFlagUntilTimeout 0x08002974   Section        0  stm32f4xx_hal_i2c.o(i.I2C_WaitOnMasterAddressFlagUntilTimeout)
    I2C_WaitOnMasterAddressFlagUntilTimeout  0x08002975   Thumb Code   150  stm32f4xx_hal_i2c.o(i.I2C_WaitOnMasterAddressFlagUntilTimeout)
    i.I2C_WaitOnRXNEFlagUntilTimeout         0x08002a0a   Section        0  stm32f4xx_hal_i2c.o(i.I2C_WaitOnRXNEFlagUntilTimeout)
    I2C_WaitOnRXNEFlagUntilTimeout           0x08002a0b   Thumb Code   102  stm32f4xx_hal_i2c.o(i.I2C_WaitOnRXNEFlagUntilTimeout)
    i.I2C_WaitOnTXEFlagUntilTimeout          0x08002a70   Section        0  stm32f4xx_hal_i2c.o(i.I2C_WaitOnTXEFlagUntilTimeout)
    I2C_WaitOnTXEFlagUntilTimeout            0x08002a71   Thumb Code    76  stm32f4xx_hal_i2c.o(i.I2C_WaitOnTXEFlagUntilTimeout)
    i.MX_GPIO_Init                           0x08002abc   Section        0  main.o(i.MX_GPIO_Init)
    MX_GPIO_Init                             0x08002abd   Thumb Code   216  main.o(i.MX_GPIO_Init)
    i.MX_TIM1_Init                           0x08002ba0   Section        0  main.o(i.MX_TIM1_Init)
    MX_TIM1_Init                             0x08002ba1   Thumb Code    88  main.o(i.MX_TIM1_Init)
    i.MX_TIM2_Init                           0x08002c00   Section        0  main.o(i.MX_TIM2_Init)
    MX_TIM2_Init                             0x08002c01   Thumb Code   146  main.o(i.MX_TIM2_Init)
    i.MX_TIM3_Init                           0x08002c98   Section        0  main.o(i.MX_TIM3_Init)
    MX_TIM3_Init                             0x08002c99   Thumb Code    86  main.o(i.MX_TIM3_Init)
    i.MX_TIM4_Init                           0x08002cf8   Section        0  main.o(i.MX_TIM4_Init)
    MX_TIM4_Init                             0x08002cf9   Thumb Code    86  main.o(i.MX_TIM4_Init)
    i.MX_TIM5_Init                           0x08002d58   Section        0  main.o(i.MX_TIM5_Init)
    MX_TIM5_Init                             0x08002d59   Thumb Code    86  main.o(i.MX_TIM5_Init)
    i.MemManage_Handler                      0x08002db8   Section        0  stm32f4xx_it.o(i.MemManage_Handler)
    i.NMI_Handler                            0x08002dba   Section        0  stm32f4xx_it.o(i.NMI_Handler)
    i.PCA9685_AutoIncrement                  0x08002dbc   Section        0  pca9685.o(i.PCA9685_AutoIncrement)
    i.PCA9685_Init                           0x08002dc8   Section        0  pca9685.o(i.PCA9685_Init)
    i.PCA9685_RestartMode                    0x08002de8   Section        0  pca9685.o(i.PCA9685_RestartMode)
    i.PCA9685_SetBit                         0x08002df4   Section        0  pca9685.o(i.PCA9685_SetBit)
    i.PCA9685_SetPwmFrequency                0x08002e64   Section        0  pca9685.o(i.PCA9685_SetPwmFrequency)
    i.PCA9685_SleepMode                      0x08002f28   Section        0  pca9685.o(i.PCA9685_SleepMode)
    i.PCA9685_SoftwareReset                  0x08002f34   Section        0  pca9685.o(i.PCA9685_SoftwareReset)
    i.PIDCompute                             0x08002f5c   Section        0  pid_controller.o(i.PIDCompute)
    i.PIDInit                                0x08002ff0   Section        0  pid_controller.o(i.PIDInit)
    i.PIDOutputLimitsSet                     0x08003060   Section        0  pid_controller.o(i.PIDOutputLimitsSet)
    i.PIDTuningsSet                          0x080030c8   Section        0  pid_controller.o(i.PIDTuningsSet)
    i.PendSV_Handler                         0x08003128   Section        0  stm32f4xx_it.o(i.PendSV_Handler)
    i.Pre_Ack_Send                           0x0800312c   Section        0  main.o(i.Pre_Ack_Send)
    i.SVC_Handler                            0x080031b4   Section        0  stm32f4xx_it.o(i.SVC_Handler)
    i.SysTick_Handler                        0x080031b8   Section        0  stm32f4xx_it.o(i.SysTick_Handler)
    i.SystemClock_Config                     0x080031d8   Section        0  main.o(i.SystemClock_Config)
    i.SystemInit                             0x08003258   Section        0  system_stm32f4xx.o(i.SystemInit)
    i.TIM2_IRQHandler                        0x08003274   Section        0  stm32f4xx_it.o(i.TIM2_IRQHandler)
    i.TIM3_IRQHandler                        0x08003280   Section        0  stm32f4xx_it.o(i.TIM3_IRQHandler)
    i.TIM4_IRQHandler                        0x0800328c   Section        0  stm32f4xx_it.o(i.TIM4_IRQHandler)
    i.TIM5_IRQHandler                        0x08003298   Section        0  stm32f4xx_it.o(i.TIM5_IRQHandler)
    i.TIM_Base_SetConfig                     0x080032a4   Section        0  stm32f4xx_hal_tim.o(i.TIM_Base_SetConfig)
    i.TIM_CCxChannelCmd                      0x0800336c   Section        0  stm32f4xx_hal_tim.o(i.TIM_CCxChannelCmd)
    i.TIM_ETR_SetConfig                      0x08003386   Section        0  stm32f4xx_hal_tim.o(i.TIM_ETR_SetConfig)
    i.TIM_ITRx_SetConfig                     0x0800339a   Section        0  stm32f4xx_hal_tim.o(i.TIM_ITRx_SetConfig)
    TIM_ITRx_SetConfig                       0x0800339b   Thumb Code    16  stm32f4xx_hal_tim.o(i.TIM_ITRx_SetConfig)
    i.TIM_OC1_SetConfig                      0x080033ac   Section        0  stm32f4xx_hal_tim.o(i.TIM_OC1_SetConfig)
    TIM_OC1_SetConfig                        0x080033ad   Thumb Code    88  stm32f4xx_hal_tim.o(i.TIM_OC1_SetConfig)
    i.TIM_OC2_SetConfig                      0x0800340c   Section        0  stm32f4xx_hal_tim.o(i.TIM_OC2_SetConfig)
    i.TIM_OC3_SetConfig                      0x08003478   Section        0  stm32f4xx_hal_tim.o(i.TIM_OC3_SetConfig)
    TIM_OC3_SetConfig                        0x08003479   Thumb Code    96  stm32f4xx_hal_tim.o(i.TIM_OC3_SetConfig)
    i.TIM_OC4_SetConfig                      0x080034e0   Section        0  stm32f4xx_hal_tim.o(i.TIM_OC4_SetConfig)
    TIM_OC4_SetConfig                        0x080034e1   Thumb Code    70  stm32f4xx_hal_tim.o(i.TIM_OC4_SetConfig)
    i.TIM_TI1_ConfigInputStage               0x08003530   Section        0  stm32f4xx_hal_tim.o(i.TIM_TI1_ConfigInputStage)
    TIM_TI1_ConfigInputStage                 0x08003531   Thumb Code    34  stm32f4xx_hal_tim.o(i.TIM_TI1_ConfigInputStage)
    i.TIM_TI2_ConfigInputStage               0x08003552   Section        0  stm32f4xx_hal_tim.o(i.TIM_TI2_ConfigInputStage)
    TIM_TI2_ConfigInputStage                 0x08003553   Thumb Code    36  stm32f4xx_hal_tim.o(i.TIM_TI2_ConfigInputStage)
    i.UART5_IRQHandler                       0x08003578   Section        0  stm32f4xx_it.o(i.UART5_IRQHandler)
    i.UART_DMAAbortOnError                   0x08003584   Section        0  stm32f4xx_hal_uart.o(i.UART_DMAAbortOnError)
    UART_DMAAbortOnError                     0x08003585   Thumb Code    16  stm32f4xx_hal_uart.o(i.UART_DMAAbortOnError)
    i.UART_DMAError                          0x08003594   Section        0  stm32f4xx_hal_uart.o(i.UART_DMAError)
    UART_DMAError                            0x08003595   Thumb Code    74  stm32f4xx_hal_uart.o(i.UART_DMAError)
    i.UART_DMAReceiveCplt                    0x080035de   Section        0  stm32f4xx_hal_uart.o(i.UART_DMAReceiveCplt)
    UART_DMAReceiveCplt                      0x080035df   Thumb Code    60  stm32f4xx_hal_uart.o(i.UART_DMAReceiveCplt)
    i.UART_DMARxHalfCplt                     0x0800361a   Section        0  stm32f4xx_hal_uart.o(i.UART_DMARxHalfCplt)
    UART_DMARxHalfCplt                       0x0800361b   Thumb Code    10  stm32f4xx_hal_uart.o(i.UART_DMARxHalfCplt)
    i.UART_DMATransmitCplt                   0x08003624   Section        0  stm32f4xx_hal_uart.o(i.UART_DMATransmitCplt)
    UART_DMATransmitCplt                     0x08003625   Thumb Code    46  stm32f4xx_hal_uart.o(i.UART_DMATransmitCplt)
    i.UART_DMATxHalfCplt                     0x08003652   Section        0  stm32f4xx_hal_uart.o(i.UART_DMATxHalfCplt)
    UART_DMATxHalfCplt                       0x08003653   Thumb Code    10  stm32f4xx_hal_uart.o(i.UART_DMATxHalfCplt)
    i.UART_EndRxTransfer                     0x0800365c   Section        0  stm32f4xx_hal_uart.o(i.UART_EndRxTransfer)
    UART_EndRxTransfer                       0x0800365d   Thumb Code    28  stm32f4xx_hal_uart.o(i.UART_EndRxTransfer)
    i.UART_EndTxTransfer                     0x08003678   Section        0  stm32f4xx_hal_uart.o(i.UART_EndTxTransfer)
    UART_EndTxTransfer                       0x08003679   Thumb Code    18  stm32f4xx_hal_uart.o(i.UART_EndTxTransfer)
    i.UART_ReceiveData                       0x0800368c   Section        0  main.o(i.UART_ReceiveData)
    i.UART_Receive_IT                        0x0800381c   Section        0  stm32f4xx_hal_uart.o(i.UART_Receive_IT)
    UART_Receive_IT                          0x0800381d   Thumb Code   150  stm32f4xx_hal_uart.o(i.UART_Receive_IT)
    i.UART_SendAck                           0x080038b4   Section        0  main.o(i.UART_SendAck)
    i.UART_SendData                          0x080038e0   Section        0  main.o(i.UART_SendData)
    i.UART_SetConfig                         0x080039d8   Section        0  stm32f4xx_hal_uart.o(i.UART_SetConfig)
    UART_SetConfig                           0x080039d9   Thumb Code   286  stm32f4xx_hal_uart.o(i.UART_SetConfig)
    i.UART_Transmit_IT                       0x08003b00   Section        0  stm32f4xx_hal_uart.o(i.UART_Transmit_IT)
    UART_Transmit_IT                         0x08003b01   Thumb Code    98  stm32f4xx_hal_uart.o(i.UART_Transmit_IT)
    i.UsageFault_Handler                     0x08003b62   Section        0  stm32f4xx_it.o(i.UsageFault_Handler)
    i.__NVIC_SetPriority                     0x08003b64   Section        0  stm32f4xx_hal_cortex.o(i.__NVIC_SetPriority)
    __NVIC_SetPriority                       0x08003b65   Thumb Code    32  stm32f4xx_hal_cortex.o(i.__NVIC_SetPriority)
    i.__hardfp_floor                         0x08003b88   Section        0  floor.o(i.__hardfp_floor)
    i.__scatterload_copy                     0x08003ca0   Section       14  handlers.o(i.__scatterload_copy)
    i.__scatterload_null                     0x08003cae   Section        2  handlers.o(i.__scatterload_null)
    i.__scatterload_zeroinit                 0x08003cb0   Section       14  handlers.o(i.__scatterload_zeroinit)
    i.calc_pid_position                      0x08003cc0   Section        0  main.o(i.calc_pid_position)
    i.calc_pid_speed                         0x08003efc   Section        0  main.o(i.calc_pid_speed)
    i.calspeed                               0x080042b4   Section        0  main.o(i.calspeed)
    i.check_flag                             0x08004358   Section        0  main.o(i.check_flag)
    i.checkpul                               0x080043dc   Section        0  main.o(i.checkpul)
    i.free                                   0x0800440c   Section        0  malloc.o(i.free)
    i.main                                   0x0800445c   Section        0  main.o(i.main)
    i.malloc                                 0x08004668   Section        0  malloc.o(i.malloc)
    i.set_pwm                                0x080046d4   Section        0  main.o(i.set_pwm)
    i.set_spin                               0x080047e4   Section        0  main.o(i.set_spin)
    i.stop                                   0x0800488c   Section        0  main.o(i.stop)
    .constdata                               0x080048c8   Section        8  stm32f4xx_hal_dma.o(.constdata)
    flagBitshiftOffset                       0x080048c8   Data           8  stm32f4xx_hal_dma.o(.constdata)
    .constdata                               0x080048d0   Section       16  system_stm32f4xx.o(.constdata)
    .constdata                               0x080048e0   Section        8  system_stm32f4xx.o(.constdata)
    .data                                    0x20000000   Section      204  main.o(.data)
    bset                                     0x20000030   Data           4  main.o(.data)
    .data                                    0x200000cc   Section        8  stm32f4xx_it.o(.data)
    .data                                    0x200000d4   Section       12  stm32f4xx_hal.o(.data)
    .data                                    0x200000e0   Section        4  system_stm32f4xx.o(.data)
    .data                                    0x200000e4   Section        4  pca9685.o(.data)
    .data                                    0x200000e8   Section        4  mvars.o(.data)
    .data                                    0x200000ec   Section        4  mvars.o(.data)
    .bss                                     0x200000f0   Section      831  main.o(.bss)
    .bss                                     0x20000430   Section       96  main.o(.bss)
    .bss                                     0x20000490   Section       96  main.o(.bss)
    HEAP                                     0x200004f0   Section      512  startup_stm32f407xx.o(HEAP)
    STACK                                    0x200006f0   Section     1024  startup_stm32f407xx.o(STACK)

    Global Symbols

    Symbol Name                              Value     Ov Type        Size  Object(Section)

    BuildAttributes$$THM_ISAv4$E$P$D$K$B$S$7EM$VFPi3$EXTD16$VFPS$VFMA$PE$A:L22UL41UL21$X:L11$S22US41US21$IEEE1$IW$USESV6$~STKCKD$USESV7$~SHL$OTIME$ROPI$IEEEJ$EBA8$MICROLIB$REQ8$PRES8$EABIv2 0x00000000   Number         0  anon$$obj.o ABSOLUTE
    __ARM_use_no_argv                        0x00000000   Number         0  main.o ABSOLUTE
    __cpp_initialize__aeabi_                  - Undefined Weak Reference
    __cxa_finalize                            - Undefined Weak Reference
    __decompress                              - Undefined Weak Reference
    _clock_init                               - Undefined Weak Reference
    _microlib_exit                            - Undefined Weak Reference
    __Vectors_Size                           0x00000188   Number         0  startup_stm32f407xx.o ABSOLUTE
    __Vectors                                0x08000000   Data           4  startup_stm32f407xx.o(RESET)
    __Vectors_End                            0x08000188   Data           0  startup_stm32f407xx.o(RESET)
    __main                                   0x08000189   Thumb Code     0  entry.o(.ARM.Collect$$$$00000000)
    _main_stk                                0x08000189   Thumb Code     0  entry2.o(.ARM.Collect$$$$00000001)
    _main_scatterload                        0x0800018d   Thumb Code     0  entry5.o(.ARM.Collect$$$$00000004)
    __main_after_scatterload                 0x08000191   Thumb Code     0  entry5.o(.ARM.Collect$$$$00000004)
    _main_clock                              0x08000191   Thumb Code     0  entry7b.o(.ARM.Collect$$$$00000008)
    _main_cpp_init                           0x08000191   Thumb Code     0  entry8b.o(.ARM.Collect$$$$0000000A)
    _main_init                               0x08000191   Thumb Code     0  entry9a.o(.ARM.Collect$$$$0000000B)
    __rt_final_cpp                           0x08000199   Thumb Code     0  entry10a.o(.ARM.Collect$$$$0000000D)
    __rt_final_exit                          0x08000199   Thumb Code     0  entry11a.o(.ARM.Collect$$$$0000000F)
    Reset_Handler                            0x0800019d   Thumb Code     8  startup_stm32f407xx.o(.text)
    ADC_IRQHandler                           0x080001b7   Thumb Code     0  startup_stm32f407xx.o(.text)
    CAN1_RX0_IRQHandler                      0x080001b7   Thumb Code     0  startup_stm32f407xx.o(.text)
    CAN1_RX1_IRQHandler                      0x080001b7   Thumb Code     0  startup_stm32f407xx.o(.text)
    CAN1_SCE_IRQHandler                      0x080001b7   Thumb Code     0  startup_stm32f407xx.o(.text)
    CAN1_TX_IRQHandler                       0x080001b7   Thumb Code     0  startup_stm32f407xx.o(.text)
    CAN2_RX0_IRQHandler                      0x080001b7   Thumb Code     0  startup_stm32f407xx.o(.text)
    CAN2_RX1_IRQHandler                      0x080001b7   Thumb Code     0  startup_stm32f407xx.o(.text)
    CAN2_SCE_IRQHandler                      0x080001b7   Thumb Code     0  startup_stm32f407xx.o(.text)
    CAN2_TX_IRQHandler                       0x080001b7   Thumb Code     0  startup_stm32f407xx.o(.text)
    DCMI_IRQHandler                          0x080001b7   Thumb Code     0  startup_stm32f407xx.o(.text)
    DMA1_Stream1_IRQHandler                  0x080001b7   Thumb Code     0  startup_stm32f407xx.o(.text)
    DMA1_Stream2_IRQHandler                  0x080001b7   Thumb Code     0  startup_stm32f407xx.o(.text)
    DMA1_Stream3_IRQHandler                  0x080001b7   Thumb Code     0  startup_stm32f407xx.o(.text)
    DMA1_Stream4_IRQHandler                  0x080001b7   Thumb Code     0  startup_stm32f407xx.o(.text)
    DMA1_Stream5_IRQHandler                  0x080001b7   Thumb Code     0  startup_stm32f407xx.o(.text)
    DMA1_Stream6_IRQHandler                  0x080001b7   Thumb Code     0  startup_stm32f407xx.o(.text)
    DMA2_Stream0_IRQHandler                  0x080001b7   Thumb Code     0  startup_stm32f407xx.o(.text)
    DMA2_Stream1_IRQHandler                  0x080001b7   Thumb Code     0  startup_stm32f407xx.o(.text)
    DMA2_Stream2_IRQHandler                  0x080001b7   Thumb Code     0  startup_stm32f407xx.o(.text)
    DMA2_Stream3_IRQHandler                  0x080001b7   Thumb Code     0  startup_stm32f407xx.o(.text)
    DMA2_Stream4_IRQHandler                  0x080001b7   Thumb Code     0  startup_stm32f407xx.o(.text)
    DMA2_Stream5_IRQHandler                  0x080001b7   Thumb Code     0  startup_stm32f407xx.o(.text)
    DMA2_Stream6_IRQHandler                  0x080001b7   Thumb Code     0  startup_stm32f407xx.o(.text)
    DMA2_Stream7_IRQHandler                  0x080001b7   Thumb Code     0  startup_stm32f407xx.o(.text)
    ETH_IRQHandler                           0x080001b7   Thumb Code     0  startup_stm32f407xx.o(.text)
    ETH_WKUP_IRQHandler                      0x080001b7   Thumb Code     0  startup_stm32f407xx.o(.text)
    EXTI0_IRQHandler                         0x080001b7   Thumb Code     0  startup_stm32f407xx.o(.text)
    EXTI15_10_IRQHandler                     0x080001b7   Thumb Code     0  startup_stm32f407xx.o(.text)
    EXTI1_IRQHandler                         0x080001b7   Thumb Code     0  startup_stm32f407xx.o(.text)
    EXTI2_IRQHandler                         0x080001b7   Thumb Code     0  startup_stm32f407xx.o(.text)
    EXTI3_IRQHandler                         0x080001b7   Thumb Code     0  startup_stm32f407xx.o(.text)
    EXTI4_IRQHandler                         0x080001b7   Thumb Code     0  startup_stm32f407xx.o(.text)
    EXTI9_5_IRQHandler                       0x080001b7   Thumb Code     0  startup_stm32f407xx.o(.text)
    FLASH_IRQHandler                         0x080001b7   Thumb Code     0  startup_stm32f407xx.o(.text)
    FMC_IRQHandler                           0x080001b7   Thumb Code     0  startup_stm32f407xx.o(.text)
    FPU_IRQHandler                           0x080001b7   Thumb Code     0  startup_stm32f407xx.o(.text)
    HASH_RNG_IRQHandler                      0x080001b7   Thumb Code     0  startup_stm32f407xx.o(.text)
    I2C1_ER_IRQHandler                       0x080001b7   Thumb Code     0  startup_stm32f407xx.o(.text)
    I2C1_EV_IRQHandler                       0x080001b7   Thumb Code     0  startup_stm32f407xx.o(.text)
    I2C2_ER_IRQHandler                       0x080001b7   Thumb Code     0  startup_stm32f407xx.o(.text)
    I2C2_EV_IRQHandler                       0x080001b7   Thumb Code     0  startup_stm32f407xx.o(.text)
    I2C3_ER_IRQHandler                       0x080001b7   Thumb Code     0  startup_stm32f407xx.o(.text)
    I2C3_EV_IRQHandler                       0x080001b7   Thumb Code     0  startup_stm32f407xx.o(.text)
    OTG_FS_IRQHandler                        0x080001b7   Thumb Code     0  startup_stm32f407xx.o(.text)
    OTG_FS_WKUP_IRQHandler                   0x080001b7   Thumb Code     0  startup_stm32f407xx.o(.text)
    OTG_HS_EP1_IN_IRQHandler                 0x080001b7   Thumb Code     0  startup_stm32f407xx.o(.text)
    OTG_HS_EP1_OUT_IRQHandler                0x080001b7   Thumb Code     0  startup_stm32f407xx.o(.text)
    OTG_HS_IRQHandler                        0x080001b7   Thumb Code     0  startup_stm32f407xx.o(.text)
    OTG_HS_WKUP_IRQHandler                   0x080001b7   Thumb Code     0  startup_stm32f407xx.o(.text)
    PVD_IRQHandler                           0x080001b7   Thumb Code     0  startup_stm32f407xx.o(.text)
    RCC_IRQHandler                           0x080001b7   Thumb Code     0  startup_stm32f407xx.o(.text)
    RTC_Alarm_IRQHandler                     0x080001b7   Thumb Code     0  startup_stm32f407xx.o(.text)
    RTC_WKUP_IRQHandler                      0x080001b7   Thumb Code     0  startup_stm32f407xx.o(.text)
    SDIO_IRQHandler                          0x080001b7   Thumb Code     0  startup_stm32f407xx.o(.text)
    SPI1_IRQHandler                          0x080001b7   Thumb Code     0  startup_stm32f407xx.o(.text)
    SPI2_IRQHandler                          0x080001b7   Thumb Code     0  startup_stm32f407xx.o(.text)
    SPI3_IRQHandler                          0x080001b7   Thumb Code     0  startup_stm32f407xx.o(.text)
    TAMP_STAMP_IRQHandler                    0x080001b7   Thumb Code     0  startup_stm32f407xx.o(.text)
    TIM1_BRK_TIM9_IRQHandler                 0x080001b7   Thumb Code     0  startup_stm32f407xx.o(.text)
    TIM1_CC_IRQHandler                       0x080001b7   Thumb Code     0  startup_stm32f407xx.o(.text)
    TIM1_TRG_COM_TIM11_IRQHandler            0x080001b7   Thumb Code     0  startup_stm32f407xx.o(.text)
    TIM1_UP_TIM10_IRQHandler                 0x080001b7   Thumb Code     0  startup_stm32f407xx.o(.text)
    TIM6_DAC_IRQHandler                      0x080001b7   Thumb Code     0  startup_stm32f407xx.o(.text)
    TIM7_IRQHandler                          0x080001b7   Thumb Code     0  startup_stm32f407xx.o(.text)
    TIM8_BRK_TIM12_IRQHandler                0x080001b7   Thumb Code     0  startup_stm32f407xx.o(.text)
    TIM8_CC_IRQHandler                       0x080001b7   Thumb Code     0  startup_stm32f407xx.o(.text)
    TIM8_TRG_COM_TIM14_IRQHandler            0x080001b7   Thumb Code     0  startup_stm32f407xx.o(.text)
    TIM8_UP_TIM13_IRQHandler                 0x080001b7   Thumb Code     0  startup_stm32f407xx.o(.text)
    UART4_IRQHandler                         0x080001b7   Thumb Code     0  startup_stm32f407xx.o(.text)
    USART1_IRQHandler                        0x080001b7   Thumb Code     0  startup_stm32f407xx.o(.text)
    USART2_IRQHandler                        0x080001b7   Thumb Code     0  startup_stm32f407xx.o(.text)
    USART3_IRQHandler                        0x080001b7   Thumb Code     0  startup_stm32f407xx.o(.text)
    USART6_IRQHandler                        0x080001b7   Thumb Code     0  startup_stm32f407xx.o(.text)
    WWDG_IRQHandler                          0x080001b7   Thumb Code     0  startup_stm32f407xx.o(.text)
    __aeabi_uldivmod                         0x080001c1   Thumb Code    98  uldiv.o(.text)
    __aeabi_memset                           0x08000223   Thumb Code    14  memseta.o(.text)
    __aeabi_memset4                          0x08000223   Thumb Code     0  memseta.o(.text)
    __aeabi_memset8                          0x08000223   Thumb Code     0  memseta.o(.text)
    __aeabi_memclr                           0x08000231   Thumb Code     4  memseta.o(.text)
    __aeabi_memclr4                          0x08000231   Thumb Code     0  memseta.o(.text)
    __aeabi_memclr8                          0x08000231   Thumb Code     0  memseta.o(.text)
    _memset$wrapper                          0x08000235   Thumb Code    18  memseta.o(.text)
    memcmp                                   0x08000247   Thumb Code    26  memcmp.o(.text)
    __aeabi_dadd                             0x08000261   Thumb Code   322  dadd.o(.text)
    __aeabi_dsub                             0x080003a3   Thumb Code     6  dadd.o(.text)
    __aeabi_drsub                            0x080003a9   Thumb Code     6  dadd.o(.text)
    __aeabi_dmul                             0x080003af   Thumb Code   228  dmul.o(.text)
    __aeabi_ddiv                             0x08000493   Thumb Code   222  ddiv.o(.text)
    __aeabi_i2d                              0x08000571   Thumb Code    34  dflti.o(.text)
    __aeabi_ui2d                             0x08000593   Thumb Code    26  dfltui.o(.text)
    __aeabi_d2uiz                            0x080005ad   Thumb Code    50  dfixui.o(.text)
    __aeabi_f2d                              0x080005df   Thumb Code    38  f2d.o(.text)
    __aeabi_d2f                              0x08000605   Thumb Code    56  d2f.o(.text)
    __aeabi_llsl                             0x0800063d   Thumb Code    30  llshl.o(.text)
    _ll_shift_l                              0x0800063d   Thumb Code     0  llshl.o(.text)
    __aeabi_llsr                             0x0800065b   Thumb Code    32  llushr.o(.text)
    _ll_ushift_r                             0x0800065b   Thumb Code     0  llushr.o(.text)
    __aeabi_lasr                             0x0800067b   Thumb Code    36  llsshr.o(.text)
    _ll_sshift_r                             0x0800067b   Thumb Code     0  llsshr.o(.text)
    __I$use$fp                               0x0800069f   Thumb Code     0  iusefp.o(.text)
    _float_round                             0x0800069f   Thumb Code    18  fepilogue.o(.text)
    _float_epilogue                          0x080006b1   Thumb Code    92  fepilogue.o(.text)
    _double_round                            0x0800070d   Thumb Code    30  depilogue.o(.text)
    _double_epilogue                         0x0800072b   Thumb Code   156  depilogue.o(.text)
    __aeabi_cdrcmple                         0x080007c9   Thumb Code    48  cdrcmple.o(.text)
    __scatterload                            0x080007f9   Thumb Code    28  init.o(.text)
    __scatterload_rt2                        0x080007f9   Thumb Code     0  init.o(.text)
    BusFault_Handler                         0x0800081d   Thumb Code     2  stm32f4xx_it.o(i.BusFault_Handler)
    DMA1_Stream0_IRQHandler                  0x08000821   Thumb Code     6  stm32f4xx_it.o(i.DMA1_Stream0_IRQHandler)
    DMA1_Stream7_IRQHandler                  0x0800082d   Thumb Code     6  stm32f4xx_it.o(i.DMA1_Stream7_IRQHandler)
    DebugMon_Handler                         0x080008dd   Thumb Code     2  stm32f4xx_it.o(i.DebugMon_Handler)
    Error_Handler                            0x080008df   Thumb Code     2  main.o(i.Error_Handler)
    HAL_DMA_Abort_IT                         0x080008e1   Thumb Code    36  stm32f4xx_hal_dma.o(i.HAL_DMA_Abort_IT)
    HAL_DMA_IRQHandler                       0x08000905   Thumb Code   412  stm32f4xx_hal_dma.o(i.HAL_DMA_IRQHandler)
    HAL_DMA_Init                             0x08000aa5   Thumb Code   206  stm32f4xx_hal_dma.o(i.HAL_DMA_Init)
    HAL_DMA_Start_IT                         0x08000b79   Thumb Code   110  stm32f4xx_hal_dma.o(i.HAL_DMA_Start_IT)
    HAL_Delay                                0x08000be9   Thumb Code    32  stm32f4xx_hal.o(i.HAL_Delay)
    HAL_GPIO_Init                            0x08000c0d   Thumb Code   394  stm32f4xx_hal_gpio.o(i.HAL_GPIO_Init)
    HAL_GPIO_WritePin                        0x08000dc5   Thumb Code    10  stm32f4xx_hal_gpio.o(i.HAL_GPIO_WritePin)
    HAL_GetTick                              0x08000dd1   Thumb Code     6  stm32f4xx_hal.o(i.HAL_GetTick)
    HAL_I2C_Init                             0x08000ddd   Thumb Code   376  stm32f4xx_hal_i2c.o(i.HAL_I2C_Init)
    HAL_I2C_Master_Transmit                  0x08000f65   Thumb Code   290  stm32f4xx_hal_i2c.o(i.HAL_I2C_Master_Transmit)
    HAL_I2C_Mem_Read                         0x08001091   Thumb Code   490  stm32f4xx_hal_i2c.o(i.HAL_I2C_Mem_Read)
    HAL_I2C_Mem_Write                        0x08001289   Thumb Code   294  stm32f4xx_hal_i2c.o(i.HAL_I2C_Mem_Write)
    HAL_I2C_MspInit                          0x080013b9   Thumb Code    92  stm32f4xx_hal_msp.o(i.HAL_I2C_MspInit)
    HAL_IncTick                              0x08001421   Thumb Code    12  stm32f4xx_hal.o(i.HAL_IncTick)
    HAL_Init                                 0x08001431   Thumb Code    48  stm32f4xx_hal.o(i.HAL_Init)
    HAL_InitTick                             0x08001465   Thumb Code    54  stm32f4xx_hal.o(i.HAL_InitTick)
    HAL_MspInit                              0x080014a5   Thumb Code    42  stm32f4xx_hal_msp.o(i.HAL_MspInit)
    HAL_NVIC_EnableIRQ                       0x080014d5   Thumb Code    26  stm32f4xx_hal_cortex.o(i.HAL_NVIC_EnableIRQ)
    HAL_NVIC_SetPriority                     0x080014f1   Thumb Code    60  stm32f4xx_hal_cortex.o(i.HAL_NVIC_SetPriority)
    HAL_NVIC_SetPriorityGrouping             0x08001531   Thumb Code    26  stm32f4xx_hal_cortex.o(i.HAL_NVIC_SetPriorityGrouping)
    HAL_RCC_ClockConfig                      0x08001555   Thumb Code   288  stm32f4xx_hal_rcc.o(i.HAL_RCC_ClockConfig)
    HAL_RCC_GetPCLK1Freq                     0x08001689   Thumb Code    20  stm32f4xx_hal_rcc.o(i.HAL_RCC_GetPCLK1Freq)
    HAL_RCC_GetPCLK2Freq                     0x080016a9   Thumb Code    20  stm32f4xx_hal_rcc.o(i.HAL_RCC_GetPCLK2Freq)
    HAL_RCC_GetSysClockFreq                  0x080016c9   Thumb Code    88  stm32f4xx_hal_rcc.o(i.HAL_RCC_GetSysClockFreq)
    HAL_RCC_OscConfig                        0x08001729   Thumb Code   840  stm32f4xx_hal_rcc.o(i.HAL_RCC_OscConfig)
    HAL_SYSTICK_Config                       0x08001a85   Thumb Code    40  stm32f4xx_hal_cortex.o(i.HAL_SYSTICK_Config)
    HAL_TIMEx_BreakCallback                  0x08001aad   Thumb Code     2  stm32f4xx_hal_tim_ex.o(i.HAL_TIMEx_BreakCallback)
    HAL_TIMEx_CommutCallback                 0x08001aaf   Thumb Code     2  stm32f4xx_hal_tim_ex.o(i.HAL_TIMEx_CommutCallback)
    HAL_TIMEx_MasterConfigSynchronization    0x08001ab1   Thumb Code   116  stm32f4xx_hal_tim_ex.o(i.HAL_TIMEx_MasterConfigSynchronization)
    HAL_TIM_Base_Init                        0x08001b41   Thumb Code    54  stm32f4xx_hal_tim.o(i.HAL_TIM_Base_Init)
    HAL_TIM_Base_MspInit                     0x08001b79   Thumb Code    76  stm32f4xx_hal_msp.o(i.HAL_TIM_Base_MspInit)
    HAL_TIM_ConfigClockSource                0x08001bcd   Thumb Code   214  stm32f4xx_hal_tim.o(i.HAL_TIM_ConfigClockSource)
    HAL_TIM_Encoder_Init                     0x08001ca3   Thumb Code   152  stm32f4xx_hal_tim.o(i.HAL_TIM_Encoder_Init)
    HAL_TIM_Encoder_MspInit                  0x08001d3d   Thumb Code   308  stm32f4xx_hal_msp.o(i.HAL_TIM_Encoder_MspInit)
    HAL_TIM_Encoder_Start                    0x08001e91   Thumb Code    52  stm32f4xx_hal_tim.o(i.HAL_TIM_Encoder_Start)
    HAL_TIM_IC_CaptureCallback               0x08001ec5   Thumb Code     2  stm32f4xx_hal_tim.o(i.HAL_TIM_IC_CaptureCallback)
    HAL_TIM_IRQHandler                       0x08001ec7   Thumb Code   358  stm32f4xx_hal_tim.o(i.HAL_TIM_IRQHandler)
    HAL_TIM_MspPostInit                      0x0800202d   Thumb Code   102  stm32f4xx_hal_msp.o(i.HAL_TIM_MspPostInit)
    HAL_TIM_OC_DelayElapsedCallback          0x080020a1   Thumb Code     2  stm32f4xx_hal_tim.o(i.HAL_TIM_OC_DelayElapsedCallback)
    HAL_TIM_PWM_ConfigChannel                0x080020a3   Thumb Code   208  stm32f4xx_hal_tim.o(i.HAL_TIM_PWM_ConfigChannel)
    HAL_TIM_PWM_Init                         0x08002173   Thumb Code    54  stm32f4xx_hal_tim.o(i.HAL_TIM_PWM_Init)
    HAL_TIM_PWM_MspInit                      0x080021a9   Thumb Code     2  stm32f4xx_hal_tim.o(i.HAL_TIM_PWM_MspInit)
    HAL_TIM_PWM_PulseFinishedCallback        0x080021ab   Thumb Code     2  stm32f4xx_hal_tim.o(i.HAL_TIM_PWM_PulseFinishedCallback)
    HAL_TIM_PWM_Start                        0x080021ad   Thumb Code    58  stm32f4xx_hal_tim.o(i.HAL_TIM_PWM_Start)
    HAL_TIM_PeriodElapsedCallback            0x080021f1   Thumb Code   128  main.o(i.HAL_TIM_PeriodElapsedCallback)
    HAL_TIM_TriggerCallback                  0x0800227d   Thumb Code     2  stm32f4xx_hal_tim.o(i.HAL_TIM_TriggerCallback)
    HAL_UART_ErrorCallback                   0x0800227f   Thumb Code     2  stm32f4xx_hal_uart.o(i.HAL_UART_ErrorCallback)
    HAL_UART_IRQHandler                      0x08002281   Thumb Code   270  stm32f4xx_hal_uart.o(i.HAL_UART_IRQHandler)
    HAL_UART_Init                            0x08002395   Thumb Code    98  stm32f4xx_hal_uart.o(i.HAL_UART_Init)
    HAL_UART_MspInit                         0x080023f9   Thumb Code   238  stm32f4xx_hal_msp.o(i.HAL_UART_MspInit)
    HAL_UART_Receive_DMA                     0x08002505   Thumb Code   138  stm32f4xx_hal_uart.o(i.HAL_UART_Receive_DMA)
    HAL_UART_RxCpltCallback                  0x0800259d   Thumb Code    36  main.o(i.HAL_UART_RxCpltCallback)
    HAL_UART_RxHalfCpltCallback              0x080025c9   Thumb Code     2  stm32f4xx_hal_uart.o(i.HAL_UART_RxHalfCpltCallback)
    HAL_UART_Transmit_DMA                    0x080025cd   Thumb Code   114  stm32f4xx_hal_uart.o(i.HAL_UART_Transmit_DMA)
    HAL_UART_TxCpltCallback                  0x0800264d   Thumb Code     2  stm32f4xx_hal_uart.o(i.HAL_UART_TxCpltCallback)
    HAL_UART_TxHalfCpltCallback              0x0800264f   Thumb Code     2  stm32f4xx_hal_uart.o(i.HAL_UART_TxHalfCpltCallback)
    HardFault_Handler                        0x08002651   Thumb Code     2  stm32f4xx_it.o(i.HardFault_Handler)
    MemManage_Handler                        0x08002db9   Thumb Code     2  stm32f4xx_it.o(i.MemManage_Handler)
    NMI_Handler                              0x08002dbb   Thumb Code     2  stm32f4xx_it.o(i.NMI_Handler)
    PCA9685_AutoIncrement                    0x08002dbd   Thumb Code    10  pca9685.o(i.PCA9685_AutoIncrement)
    PCA9685_Init                             0x08002dc9   Thumb Code    26  pca9685.o(i.PCA9685_Init)
    PCA9685_RestartMode                      0x08002de9   Thumb Code    10  pca9685.o(i.PCA9685_RestartMode)
    PCA9685_SetBit                           0x08002df5   Thumb Code   108  pca9685.o(i.PCA9685_SetBit)
    PCA9685_SetPwmFrequency                  0x08002e65   Thumb Code   158  pca9685.o(i.PCA9685_SetPwmFrequency)
    PCA9685_SleepMode                        0x08002f29   Thumb Code    10  pca9685.o(i.PCA9685_SleepMode)
    PCA9685_SoftwareReset                    0x08002f35   Thumb Code    34  pca9685.o(i.PCA9685_SoftwareReset)
    PIDCompute                               0x08002f5d   Thumb Code   148  pid_controller.o(i.PIDCompute)
    PIDInit                                  0x08002ff1   Thumb Code   106  pid_controller.o(i.PIDInit)
    PIDOutputLimitsSet                       0x08003061   Thumb Code   104  pid_controller.o(i.PIDOutputLimitsSet)
    PIDTuningsSet                            0x080030c9   Thumb Code    96  pid_controller.o(i.PIDTuningsSet)
    PendSV_Handler                           0x08003129   Thumb Code     2  stm32f4xx_it.o(i.PendSV_Handler)
    Pre_Ack_Send                             0x0800312d   Thumb Code   130  main.o(i.Pre_Ack_Send)
    SVC_Handler                              0x080031b5   Thumb Code     2  stm32f4xx_it.o(i.SVC_Handler)
    SysTick_Handler                          0x080031b9   Thumb Code    28  stm32f4xx_it.o(i.SysTick_Handler)
    SystemClock_Config                       0x080031d9   Thumb Code   120  main.o(i.SystemClock_Config)
    SystemInit                               0x08003259   Thumb Code    22  system_stm32f4xx.o(i.SystemInit)
    TIM2_IRQHandler                          0x08003275   Thumb Code     6  stm32f4xx_it.o(i.TIM2_IRQHandler)
    TIM3_IRQHandler                          0x08003281   Thumb Code     6  stm32f4xx_it.o(i.TIM3_IRQHandler)
    TIM4_IRQHandler                          0x0800328d   Thumb Code     6  stm32f4xx_it.o(i.TIM4_IRQHandler)
    TIM5_IRQHandler                          0x08003299   Thumb Code     6  stm32f4xx_it.o(i.TIM5_IRQHandler)
    TIM_Base_SetConfig                       0x080032a5   Thumb Code   156  stm32f4xx_hal_tim.o(i.TIM_Base_SetConfig)
    TIM_CCxChannelCmd                        0x0800336d   Thumb Code    26  stm32f4xx_hal_tim.o(i.TIM_CCxChannelCmd)
    TIM_ETR_SetConfig                        0x08003387   Thumb Code    20  stm32f4xx_hal_tim.o(i.TIM_ETR_SetConfig)
    TIM_OC2_SetConfig                        0x0800340d   Thumb Code    98  stm32f4xx_hal_tim.o(i.TIM_OC2_SetConfig)
    UART5_IRQHandler                         0x08003579   Thumb Code     6  stm32f4xx_it.o(i.UART5_IRQHandler)
    UART_ReceiveData                         0x0800368d   Thumb Code   392  main.o(i.UART_ReceiveData)
    UART_SendAck                             0x080038b5   Thumb Code    38  main.o(i.UART_SendAck)
    UART_SendData                            0x080038e1   Thumb Code   238  main.o(i.UART_SendData)
    UsageFault_Handler                       0x08003b63   Thumb Code     2  stm32f4xx_it.o(i.UsageFault_Handler)
    __hardfp_floor                           0x08003b89   Thumb Code   252  floor.o(i.__hardfp_floor)
    __scatterload_copy                       0x08003ca1   Thumb Code    14  handlers.o(i.__scatterload_copy)
    __scatterload_null                       0x08003caf   Thumb Code     2  handlers.o(i.__scatterload_null)
    __scatterload_zeroinit                   0x08003cb1   Thumb Code    14  handlers.o(i.__scatterload_zeroinit)
    calc_pid_position                        0x08003cc1   Thumb Code   544  main.o(i.calc_pid_position)
    calc_pid_speed                           0x08003efd   Thumb Code   890  main.o(i.calc_pid_speed)
    calspeed                                 0x080042b5   Thumb Code   122  main.o(i.calspeed)
    check_flag                               0x08004359   Thumb Code   122  main.o(i.check_flag)
    checkpul                                 0x080043dd   Thumb Code    32  main.o(i.checkpul)
    free                                     0x0800440d   Thumb Code    76  malloc.o(i.free)
    main                                     0x0800445d   Thumb Code   484  main.o(i.main)
    malloc                                   0x08004669   Thumb Code    92  malloc.o(i.malloc)
    set_pwm                                  0x080046d5   Thumb Code   256  main.o(i.set_pwm)
    set_spin                                 0x080047e5   Thumb Code   142  main.o(i.set_spin)
    stop                                     0x0800488d   Thumb Code    50  main.o(i.stop)
    AHBPrescTable                            0x080048d0   Data          16  system_stm32f4xx.o(.constdata)
    APBPrescTable                            0x080048e0   Data           8  system_stm32f4xx.o(.constdata)
    Region$$Table$$Base                      0x080048e8   Number         0  anon$$obj.o(Region$$Table)
    Region$$Table$$Limit                     0x08004908   Number         0  anon$$obj.o(Region$$Table)
    __base_flag                              0x20000000   Data           1  main.o(.data)
    rxByteCount                              0x20000002   Data           2  main.o(.data)
    spin_angle                               0x20000004   Data           2  main.o(.data)
    vvl_t                                    0x20000006   Data           2  main.o(.data)
    vvr_t                                    0x20000008   Data           2  main.o(.data)
    vvl                                      0x2000000c   Data           4  main.o(.data)
    vvr                                      0x20000010   Data           4  main.o(.data)
    vpl                                      0x20000014   Data           4  main.o(.data)
    vpr                                      0x20000018   Data           4  main.o(.data)
    v_spin                                   0x2000001c   Data           4  main.o(.data)
    pulfl                                    0x20000020   Data           4  main.o(.data)
    pulfr                                    0x20000024   Data           4  main.o(.data)
    pulbr                                    0x20000028   Data           4  main.o(.data)
    pulbl                                    0x2000002c   Data           4  main.o(.data)
    SendAckFrame                             0x20000034   Data           8  main.o(.data)
    whfl                                     0x2000003c   Data          36  main.o(.data)
    whfr                                     0x20000060   Data          36  main.o(.data)
    whbr                                     0x20000084   Data          36  main.o(.data)
    whbl                                     0x200000a8   Data          36  main.o(.data)
    tick_count                               0x200000cc   Data           4  stm32f4xx_it.o(.data)
    tick_flag                                0x200000d0   Data           4  stm32f4xx_it.o(.data)
    uwTickFreq                               0x200000d4   Data           1  stm32f4xx_hal.o(.data)
    uwTickPrio                               0x200000d8   Data           4  stm32f4xx_hal.o(.data)
    uwTick                                   0x200000dc   Data           4  stm32f4xx_hal.o(.data)
    SystemCoreClock                          0x200000e0   Data           4  system_stm32f4xx.o(.data)
    pca9685_i2c                              0x200000e4   Data           4  pca9685.o(.data)
    __microlib_freelist                      0x200000e8   Data           4  mvars.o(.data)
    __microlib_freelist_initialised          0x200000ec   Data           4  mvars.o(.data)
    hi2c1                                    0x200000f0   Data          84  main.o(.bss)
    htim1                                    0x20000144   Data          64  main.o(.bss)
    htim2                                    0x20000184   Data          64  main.o(.bss)
    htim3                                    0x200001c4   Data          64  main.o(.bss)
    htim4                                    0x20000204   Data          64  main.o(.bss)
    htim5                                    0x20000244   Data          64  main.o(.bss)
    htim9                                    0x20000284   Data          64  main.o(.bss)
    huart5                                   0x200002c4   Data          64  main.o(.bss)
    dma_buffer                               0x20000304   Data          29  main.o(.bss)
    Kpid                                     0x20000324   Data          12  main.o(.bss)
    pidfl                                    0x20000330   Data          60  main.o(.bss)
    pidfr                                    0x2000036c   Data          60  main.o(.bss)
    pidbr                                    0x200003a8   Data          60  main.o(.bss)
    pidbl                                    0x200003e4   Data          60  main.o(.bss)
    SendDataFrame                            0x20000420   Data          15  main.o(.bss)
    hdma_uart5_rx                            0x20000430   Data          96  main.o(.bss)
    hdma_uart5_tx                            0x20000490   Data          96  main.o(.bss)
    __heap_base                              0x200004f0   Data           0  startup_stm32f407xx.o(HEAP)
    __heap_limit                             0x200006f0   Data           0  startup_stm32f407xx.o(HEAP)
    __initial_sp                             0x20000af0   Data           0  startup_stm32f407xx.o(STACK)



==============================================================================

Memory Map of the image

  Image Entry point : 0x08000189

  Load Region LR_IROM1 (Base: 0x08000000, Size: 0x000049f8, Max: 0x00100000, ABSOLUTE)

    Execution Region ER_IROM1 (Exec base: 0x08000000, Load base: 0x08000000, Size: 0x00004908, Max: 0x00100000, ABSOLUTE)

    Exec Addr    Load Addr    Size         Type   Attr      Idx    E Section Name        Object

    0x08000000   0x08000000   0x00000188   Data   RO            3    RESET               startup_stm32f407xx.o
    0x08000188   0x08000188   0x00000000   Code   RO         3725  * .ARM.Collect$$$$00000000  mc_w.l(entry.o)
    0x08000188   0x08000188   0x00000004   Code   RO         3784    .ARM.Collect$$$$00000001  mc_w.l(entry2.o)
    0x0800018c   0x0800018c   0x00000004   Code   RO         3787    .ARM.Collect$$$$00000004  mc_w.l(entry5.o)
    0x08000190   0x08000190   0x00000000   Code   RO         3789    .ARM.Collect$$$$00000008  mc_w.l(entry7b.o)
    0x08000190   0x08000190   0x00000000   Code   RO         3791    .ARM.Collect$$$$0000000A  mc_w.l(entry8b.o)
    0x08000190   0x08000190   0x00000008   Code   RO         3792    .ARM.Collect$$$$0000000B  mc_w.l(entry9a.o)
    0x08000198   0x08000198   0x00000000   Code   RO         3794    .ARM.Collect$$$$0000000D  mc_w.l(entry10a.o)
    0x08000198   0x08000198   0x00000000   Code   RO         3796    .ARM.Collect$$$$0000000F  mc_w.l(entry11a.o)
    0x08000198   0x08000198   0x00000004   Code   RO         3785    .ARM.Collect$$$$00002712  mc_w.l(entry2.o)
    0x0800019c   0x0800019c   0x00000024   Code   RO            4    .text               startup_stm32f407xx.o
    0x080001c0   0x080001c0   0x00000062   Code   RO         3728    .text               mc_w.l(uldiv.o)
    0x08000222   0x08000222   0x00000024   Code   RO         3730    .text               mc_w.l(memseta.o)
    0x08000246   0x08000246   0x0000001a   Code   RO         3732    .text               mc_w.l(memcmp.o)
    0x08000260   0x08000260   0x0000014e   Code   RO         3768    .text               mf_w.l(dadd.o)
    0x080003ae   0x080003ae   0x000000e4   Code   RO         3770    .text               mf_w.l(dmul.o)
    0x08000492   0x08000492   0x000000de   Code   RO         3772    .text               mf_w.l(ddiv.o)
    0x08000570   0x08000570   0x00000022   Code   RO         3774    .text               mf_w.l(dflti.o)
    0x08000592   0x08000592   0x0000001a   Code   RO         3776    .text               mf_w.l(dfltui.o)
    0x080005ac   0x080005ac   0x00000032   Code   RO         3778    .text               mf_w.l(dfixui.o)
    0x080005de   0x080005de   0x00000026   Code   RO         3780    .text               mf_w.l(f2d.o)
    0x08000604   0x08000604   0x00000038   Code   RO         3782    .text               mf_w.l(d2f.o)
    0x0800063c   0x0800063c   0x0000001e   Code   RO         3798    .text               mc_w.l(llshl.o)
    0x0800065a   0x0800065a   0x00000020   Code   RO         3800    .text               mc_w.l(llushr.o)
    0x0800067a   0x0800067a   0x00000024   Code   RO         3802    .text               mc_w.l(llsshr.o)
    0x0800069e   0x0800069e   0x00000000   Code   RO         3812    .text               mc_w.l(iusefp.o)
    0x0800069e   0x0800069e   0x0000006e   Code   RO         3813    .text               mf_w.l(fepilogue.o)
    0x0800070c   0x0800070c   0x000000ba   Code   RO         3815    .text               mf_w.l(depilogue.o)
    0x080007c6   0x080007c6   0x00000002   PAD
    0x080007c8   0x080007c8   0x00000030   Code   RO         3817    .text               mf_w.l(cdrcmple.o)
    0x080007f8   0x080007f8   0x00000024   Code   RO         3819    .text               mc_w.l(init.o)
    0x0800081c   0x0800081c   0x00000002   Code   RO          553    i.BusFault_Handler  stm32f4xx_it.o
    0x0800081e   0x0800081e   0x00000002   PAD
    0x08000820   0x08000820   0x0000000c   Code   RO          554    i.DMA1_Stream0_IRQHandler  stm32f4xx_it.o
    0x0800082c   0x0800082c   0x0000000c   Code   RO          555    i.DMA1_Stream7_IRQHandler  stm32f4xx_it.o
    0x08000838   0x08000838   0x00000028   Code   RO         1657    i.DMA_CalcBaseAndBitshift  stm32f4xx_hal_dma.o
    0x08000860   0x08000860   0x00000054   Code   RO         1658    i.DMA_CheckFifoParam  stm32f4xx_hal_dma.o
    0x080008b4   0x080008b4   0x00000028   Code   RO         1659    i.DMA_SetConfig     stm32f4xx_hal_dma.o
    0x080008dc   0x080008dc   0x00000002   Code   RO          556    i.DebugMon_Handler  stm32f4xx_it.o
    0x080008de   0x080008de   0x00000002   Code   RO          347    i.Error_Handler     main.o
    0x080008e0   0x080008e0   0x00000024   Code   RO         1661    i.HAL_DMA_Abort_IT  stm32f4xx_hal_dma.o
    0x08000904   0x08000904   0x000001a0   Code   RO         1665    i.HAL_DMA_IRQHandler  stm32f4xx_hal_dma.o
    0x08000aa4   0x08000aa4   0x000000d4   Code   RO         1666    i.HAL_DMA_Init      stm32f4xx_hal_dma.o
    0x08000b78   0x08000b78   0x0000006e   Code   RO         1670    i.HAL_DMA_Start_IT  stm32f4xx_hal_dma.o
    0x08000be6   0x08000be6   0x00000002   PAD
    0x08000be8   0x08000be8   0x00000024   Code   RO         2079    i.HAL_Delay         stm32f4xx_hal.o
    0x08000c0c   0x08000c0c   0x000001b8   Code   RO         1553    i.HAL_GPIO_Init     stm32f4xx_hal_gpio.o
    0x08000dc4   0x08000dc4   0x0000000a   Code   RO         1557    i.HAL_GPIO_WritePin  stm32f4xx_hal_gpio.o
    0x08000dce   0x08000dce   0x00000002   PAD
    0x08000dd0   0x08000dd0   0x0000000c   Code   RO         2085    i.HAL_GetTick       stm32f4xx_hal.o
    0x08000ddc   0x08000ddc   0x00000188   Code   RO          764    i.HAL_I2C_Init      stm32f4xx_hal_i2c.o
    0x08000f64   0x08000f64   0x0000012c   Code   RO          777    i.HAL_I2C_Master_Transmit  stm32f4xx_hal_i2c.o
    0x08001090   0x08001090   0x000001f8   Code   RO          782    i.HAL_I2C_Mem_Read  stm32f4xx_hal_i2c.o
    0x08001288   0x08001288   0x00000130   Code   RO          785    i.HAL_I2C_Mem_Write  stm32f4xx_hal_i2c.o
    0x080013b8   0x080013b8   0x00000068   Code   RO          675    i.HAL_I2C_MspInit   stm32f4xx_hal_msp.o
    0x08001420   0x08001420   0x00000010   Code   RO         2091    i.HAL_IncTick       stm32f4xx_hal.o
    0x08001430   0x08001430   0x00000034   Code   RO         2092    i.HAL_Init          stm32f4xx_hal.o
    0x08001464   0x08001464   0x00000040   Code   RO         2093    i.HAL_InitTick      stm32f4xx_hal.o
    0x080014a4   0x080014a4   0x00000030   Code   RO          676    i.HAL_MspInit       stm32f4xx_hal_msp.o
    0x080014d4   0x080014d4   0x0000001a   Code   RO         1942    i.HAL_NVIC_EnableIRQ  stm32f4xx_hal_cortex.o
    0x080014ee   0x080014ee   0x00000002   PAD
    0x080014f0   0x080014f0   0x00000040   Code   RO         1948    i.HAL_NVIC_SetPriority  stm32f4xx_hal_cortex.o
    0x08001530   0x08001530   0x00000024   Code   RO         1949    i.HAL_NVIC_SetPriorityGrouping  stm32f4xx_hal_cortex.o
    0x08001554   0x08001554   0x00000134   Code   RO         1199    i.HAL_RCC_ClockConfig  stm32f4xx_hal_rcc.o
    0x08001688   0x08001688   0x00000020   Code   RO         1206    i.HAL_RCC_GetPCLK1Freq  stm32f4xx_hal_rcc.o
    0x080016a8   0x080016a8   0x00000020   Code   RO         1207    i.HAL_RCC_GetPCLK2Freq  stm32f4xx_hal_rcc.o
    0x080016c8   0x080016c8   0x00000060   Code   RO         1208    i.HAL_RCC_GetSysClockFreq  stm32f4xx_hal_rcc.o
    0x08001728   0x08001728   0x0000035c   Code   RO         1211    i.HAL_RCC_OscConfig  stm32f4xx_hal_rcc.o
    0x08001a84   0x08001a84   0x00000028   Code   RO         1953    i.HAL_SYSTICK_Config  stm32f4xx_hal_cortex.o
    0x08001aac   0x08001aac   0x00000002   Code   RO         3007    i.HAL_TIMEx_BreakCallback  stm32f4xx_hal_tim_ex.o
    0x08001aae   0x08001aae   0x00000002   Code   RO         3008    i.HAL_TIMEx_CommutCallback  stm32f4xx_hal_tim_ex.o
    0x08001ab0   0x08001ab0   0x00000090   Code   RO         3025    i.HAL_TIMEx_MasterConfigSynchronization  stm32f4xx_hal_tim_ex.o
    0x08001b40   0x08001b40   0x00000036   Code   RO         2332    i.HAL_TIM_Base_Init  stm32f4xx_hal_tim.o
    0x08001b76   0x08001b76   0x00000002   PAD
    0x08001b78   0x08001b78   0x00000054   Code   RO          678    i.HAL_TIM_Base_MspInit  stm32f4xx_hal_msp.o
    0x08001bcc   0x08001bcc   0x000000d6   Code   RO         2341    i.HAL_TIM_ConfigClockSource  stm32f4xx_hal_tim.o
    0x08001ca2   0x08001ca2   0x00000098   Code   RO         2350    i.HAL_TIM_Encoder_Init  stm32f4xx_hal_tim.o
    0x08001d3a   0x08001d3a   0x00000002   PAD
    0x08001d3c   0x08001d3c   0x00000154   Code   RO          680    i.HAL_TIM_Encoder_MspInit  stm32f4xx_hal_msp.o
    0x08001e90   0x08001e90   0x00000034   Code   RO         2353    i.HAL_TIM_Encoder_Start  stm32f4xx_hal_tim.o
    0x08001ec4   0x08001ec4   0x00000002   Code   RO         2361    i.HAL_TIM_IC_CaptureCallback  stm32f4xx_hal_tim.o
    0x08001ec6   0x08001ec6   0x00000166   Code   RO         2375    i.HAL_TIM_IRQHandler  stm32f4xx_hal_tim.o
    0x0800202c   0x0800202c   0x00000074   Code   RO          681    i.HAL_TIM_MspPostInit  stm32f4xx_hal_msp.o
    0x080020a0   0x080020a0   0x00000002   Code   RO         2378    i.HAL_TIM_OC_DelayElapsedCallback  stm32f4xx_hal_tim.o
    0x080020a2   0x080020a2   0x000000d0   Code   RO         2399    i.HAL_TIM_PWM_ConfigChannel  stm32f4xx_hal_tim.o
    0x08002172   0x08002172   0x00000036   Code   RO         2402    i.HAL_TIM_PWM_Init  stm32f4xx_hal_tim.o
    0x080021a8   0x080021a8   0x00000002   Code   RO         2404    i.HAL_TIM_PWM_MspInit  stm32f4xx_hal_tim.o
    0x080021aa   0x080021aa   0x00000002   Code   RO         2405    i.HAL_TIM_PWM_PulseFinishedCallback  stm32f4xx_hal_tim.o
    0x080021ac   0x080021ac   0x00000044   Code   RO         2407    i.HAL_TIM_PWM_Start  stm32f4xx_hal_tim.o
    0x080021f0   0x080021f0   0x0000008c   Code   RO          348    i.HAL_TIM_PeriodElapsedCallback  main.o
    0x0800227c   0x0800227c   0x00000002   Code   RO         2418    i.HAL_TIM_TriggerCallback  stm32f4xx_hal_tim.o
    0x0800227e   0x0800227e   0x00000002   Code   RO         3279    i.HAL_UART_ErrorCallback  stm32f4xx_hal_uart.o
    0x08002280   0x08002280   0x00000114   Code   RO         3282    i.HAL_UART_IRQHandler  stm32f4xx_hal_uart.o
    0x08002394   0x08002394   0x00000062   Code   RO         3283    i.HAL_UART_Init     stm32f4xx_hal_uart.o
    0x080023f6   0x080023f6   0x00000002   PAD
    0x080023f8   0x080023f8   0x0000010c   Code   RO          683    i.HAL_UART_MspInit  stm32f4xx_hal_msp.o
    0x08002504   0x08002504   0x00000098   Code   RO         3287    i.HAL_UART_Receive_DMA  stm32f4xx_hal_uart.o
    0x0800259c   0x0800259c   0x0000002c   Code   RO          349    i.HAL_UART_RxCpltCallback  main.o
    0x080025c8   0x080025c8   0x00000002   Code   RO         3290    i.HAL_UART_RxHalfCpltCallback  stm32f4xx_hal_uart.o
    0x080025ca   0x080025ca   0x00000002   PAD
    0x080025cc   0x080025cc   0x00000080   Code   RO         3292    i.HAL_UART_Transmit_DMA  stm32f4xx_hal_uart.o
    0x0800264c   0x0800264c   0x00000002   Code   RO         3294    i.HAL_UART_TxCpltCallback  stm32f4xx_hal_uart.o
    0x0800264e   0x0800264e   0x00000002   Code   RO         3295    i.HAL_UART_TxHalfCpltCallback  stm32f4xx_hal_uart.o
    0x08002650   0x08002650   0x00000002   Code   RO          557    i.HardFault_Handler  stm32f4xx_it.o
    0x08002652   0x08002652   0x0000002e   Code   RO          806    i.I2C_IsAcknowledgeFailed  stm32f4xx_hal_i2c.o
    0x08002680   0x08002680   0x0000009c   Code   RO          810    i.I2C_MasterRequestWrite  stm32f4xx_hal_i2c.o
    0x0800271c   0x0800271c   0x000000fc   Code   RO          816    i.I2C_RequestMemoryRead  stm32f4xx_hal_i2c.o
    0x08002818   0x08002818   0x000000a8   Code   RO          817    i.I2C_RequestMemoryWrite  stm32f4xx_hal_i2c.o
    0x080028c0   0x080028c0   0x0000004c   Code   RO          820    i.I2C_WaitOnBTFFlagUntilTimeout  stm32f4xx_hal_i2c.o
    0x0800290c   0x0800290c   0x00000068   Code   RO          821    i.I2C_WaitOnFlagUntilTimeout  stm32f4xx_hal_i2c.o
    0x08002974   0x08002974   0x00000096   Code   RO          822    i.I2C_WaitOnMasterAddressFlagUntilTimeout  stm32f4xx_hal_i2c.o
    0x08002a0a   0x08002a0a   0x00000066   Code   RO          823    i.I2C_WaitOnRXNEFlagUntilTimeout  stm32f4xx_hal_i2c.o
    0x08002a70   0x08002a70   0x0000004c   Code   RO          824    i.I2C_WaitOnTXEFlagUntilTimeout  stm32f4xx_hal_i2c.o
    0x08002abc   0x08002abc   0x000000e4   Code   RO          350    i.MX_GPIO_Init      main.o
    0x08002ba0   0x08002ba0   0x00000060   Code   RO          351    i.MX_TIM1_Init      main.o
    0x08002c00   0x08002c00   0x00000098   Code   RO          352    i.MX_TIM2_Init      main.o
    0x08002c98   0x08002c98   0x00000060   Code   RO          353    i.MX_TIM3_Init      main.o
    0x08002cf8   0x08002cf8   0x00000060   Code   RO          354    i.MX_TIM4_Init      main.o
    0x08002d58   0x08002d58   0x00000060   Code   RO          355    i.MX_TIM5_Init      main.o
    0x08002db8   0x08002db8   0x00000002   Code   RO          558    i.MemManage_Handler  stm32f4xx_it.o
    0x08002dba   0x08002dba   0x00000002   Code   RO          559    i.NMI_Handler       stm32f4xx_it.o
    0x08002dbc   0x08002dbc   0x0000000a   Code   RO         3623    i.PCA9685_AutoIncrement  pca9685.o
    0x08002dc6   0x08002dc6   0x00000002   PAD
    0x08002dc8   0x08002dc8   0x00000020   Code   RO         3624    i.PCA9685_Init      pca9685.o
    0x08002de8   0x08002de8   0x0000000a   Code   RO         3625    i.PCA9685_RestartMode  pca9685.o
    0x08002df2   0x08002df2   0x00000002   PAD
    0x08002df4   0x08002df4   0x00000070   Code   RO         3626    i.PCA9685_SetBit    pca9685.o
    0x08002e64   0x08002e64   0x000000c4   Code   RO         3629    i.PCA9685_SetPwmFrequency  pca9685.o
    0x08002f28   0x08002f28   0x0000000a   Code   RO         3631    i.PCA9685_SleepMode  pca9685.o
    0x08002f32   0x08002f32   0x00000002   PAD
    0x08002f34   0x08002f34   0x00000028   Code   RO         3632    i.PCA9685_SoftwareReset  pca9685.o
    0x08002f5c   0x08002f5c   0x00000094   Code   RO          271    i.PIDCompute        pid_controller.o
    0x08002ff0   0x08002ff0   0x00000070   Code   RO          273    i.PIDInit           pid_controller.o
    0x08003060   0x08003060   0x00000068   Code   RO          275    i.PIDOutputLimitsSet  pid_controller.o
    0x080030c8   0x080030c8   0x00000060   Code   RO          280    i.PIDTuningsSet     pid_controller.o
    0x08003128   0x08003128   0x00000002   Code   RO          560    i.PendSV_Handler    stm32f4xx_it.o
    0x0800312a   0x0800312a   0x00000002   PAD
    0x0800312c   0x0800312c   0x00000088   Code   RO          356    i.Pre_Ack_Send      main.o
    0x080031b4   0x080031b4   0x00000002   Code   RO          561    i.SVC_Handler       stm32f4xx_it.o
    0x080031b6   0x080031b6   0x00000002   PAD
    0x080031b8   0x080031b8   0x00000020   Code   RO          562    i.SysTick_Handler   stm32f4xx_it.o
    0x080031d8   0x080031d8   0x00000080   Code   RO          357    i.SystemClock_Config  main.o
    0x08003258   0x08003258   0x0000001c   Code   RO         3585    i.SystemInit        system_stm32f4xx.o
    0x08003274   0x08003274   0x0000000c   Code   RO          563    i.TIM2_IRQHandler   stm32f4xx_it.o
    0x08003280   0x08003280   0x0000000c   Code   RO          564    i.TIM3_IRQHandler   stm32f4xx_it.o
    0x0800328c   0x0800328c   0x0000000c   Code   RO          565    i.TIM4_IRQHandler   stm32f4xx_it.o
    0x08003298   0x08003298   0x0000000c   Code   RO          566    i.TIM5_IRQHandler   stm32f4xx_it.o
    0x080032a4   0x080032a4   0x000000c8   Code   RO         2420    i.TIM_Base_SetConfig  stm32f4xx_hal_tim.o
    0x0800336c   0x0800336c   0x0000001a   Code   RO         2421    i.TIM_CCxChannelCmd  stm32f4xx_hal_tim.o
    0x08003386   0x08003386   0x00000014   Code   RO         2431    i.TIM_ETR_SetConfig  stm32f4xx_hal_tim.o
    0x0800339a   0x0800339a   0x00000010   Code   RO         2432    i.TIM_ITRx_SetConfig  stm32f4xx_hal_tim.o
    0x080033aa   0x080033aa   0x00000002   PAD
    0x080033ac   0x080033ac   0x00000060   Code   RO         2433    i.TIM_OC1_SetConfig  stm32f4xx_hal_tim.o
    0x0800340c   0x0800340c   0x0000006c   Code   RO         2434    i.TIM_OC2_SetConfig  stm32f4xx_hal_tim.o
    0x08003478   0x08003478   0x00000068   Code   RO         2435    i.TIM_OC3_SetConfig  stm32f4xx_hal_tim.o
    0x080034e0   0x080034e0   0x00000050   Code   RO         2436    i.TIM_OC4_SetConfig  stm32f4xx_hal_tim.o
    0x08003530   0x08003530   0x00000022   Code   RO         2438    i.TIM_TI1_ConfigInputStage  stm32f4xx_hal_tim.o
    0x08003552   0x08003552   0x00000024   Code   RO         2440    i.TIM_TI2_ConfigInputStage  stm32f4xx_hal_tim.o
    0x08003576   0x08003576   0x00000002   PAD
    0x08003578   0x08003578   0x0000000c   Code   RO          567    i.UART5_IRQHandler  stm32f4xx_it.o
    0x08003584   0x08003584   0x00000010   Code   RO         3296    i.UART_DMAAbortOnError  stm32f4xx_hal_uart.o
    0x08003594   0x08003594   0x0000004a   Code   RO         3297    i.UART_DMAError     stm32f4xx_hal_uart.o
    0x080035de   0x080035de   0x0000003c   Code   RO         3298    i.UART_DMAReceiveCplt  stm32f4xx_hal_uart.o
    0x0800361a   0x0800361a   0x0000000a   Code   RO         3300    i.UART_DMARxHalfCplt  stm32f4xx_hal_uart.o
    0x08003624   0x08003624   0x0000002e   Code   RO         3302    i.UART_DMATransmitCplt  stm32f4xx_hal_uart.o
    0x08003652   0x08003652   0x0000000a   Code   RO         3304    i.UART_DMATxHalfCplt  stm32f4xx_hal_uart.o
    0x0800365c   0x0800365c   0x0000001c   Code   RO         3306    i.UART_EndRxTransfer  stm32f4xx_hal_uart.o
    0x08003678   0x08003678   0x00000012   Code   RO         3307    i.UART_EndTxTransfer  stm32f4xx_hal_uart.o
    0x0800368a   0x0800368a   0x00000002   PAD
    0x0800368c   0x0800368c   0x00000190   Code   RO          358    i.UART_ReceiveData  main.o
    0x0800381c   0x0800381c   0x00000096   Code   RO         3308    i.UART_Receive_IT   stm32f4xx_hal_uart.o
    0x080038b2   0x080038b2   0x00000002   PAD
    0x080038b4   0x080038b4   0x0000002c   Code   RO          359    i.UART_SendAck      main.o
    0x080038e0   0x080038e0   0x000000f8   Code   RO          360    i.UART_SendData     main.o
    0x080039d8   0x080039d8   0x00000128   Code   RO         3309    i.UART_SetConfig    stm32f4xx_hal_uart.o
    0x08003b00   0x08003b00   0x00000062   Code   RO         3310    i.UART_Transmit_IT  stm32f4xx_hal_uart.o
    0x08003b62   0x08003b62   0x00000002   Code   RO          568    i.UsageFault_Handler  stm32f4xx_it.o
    0x08003b64   0x08003b64   0x00000020   Code   RO         1955    i.__NVIC_SetPriority  stm32f4xx_hal_cortex.o
    0x08003b84   0x08003b84   0x00000004   PAD
    0x08003b88   0x08003b88   0x00000118   Code   RO         3713    i.__hardfp_floor    m_wm.l(floor.o)
    0x08003ca0   0x08003ca0   0x0000000e   Code   RO         3836    i.__scatterload_copy  mc_w.l(handlers.o)
    0x08003cae   0x08003cae   0x00000002   Code   RO         3837    i.__scatterload_null  mc_w.l(handlers.o)
    0x08003cb0   0x08003cb0   0x0000000e   Code   RO         3838    i.__scatterload_zeroinit  mc_w.l(handlers.o)
    0x08003cbe   0x08003cbe   0x00000002   PAD
    0x08003cc0   0x08003cc0   0x0000023c   Code   RO          361    i.calc_pid_position  main.o
    0x08003efc   0x08003efc   0x000003b8   Code   RO          362    i.calc_pid_speed    main.o
    0x080042b4   0x080042b4   0x000000a4   Code   RO          363    i.calspeed          main.o
    0x08004358   0x08004358   0x00000084   Code   RO          364    i.check_flag        main.o
    0x080043dc   0x080043dc   0x00000030   Code   RO          365    i.checkpul          main.o
    0x0800440c   0x0800440c   0x00000050   Code   RO         3740    i.free              mc_w.l(malloc.o)
    0x0800445c   0x0800445c   0x0000020c   Code   RO          367    i.main              main.o
    0x08004668   0x08004668   0x0000006c   Code   RO         3741    i.malloc            mc_w.l(malloc.o)
    0x080046d4   0x080046d4   0x00000110   Code   RO          368    i.set_pwm           main.o
    0x080047e4   0x080047e4   0x000000a8   Code   RO          369    i.set_spin          main.o
    0x0800488c   0x0800488c   0x0000003c   Code   RO          371    i.stop              main.o
    0x080048c8   0x080048c8   0x00000008   Data   RO         1672    .constdata          stm32f4xx_hal_dma.o
    0x080048d0   0x080048d0   0x00000010   Data   RO         3586    .constdata          system_stm32f4xx.o
    0x080048e0   0x080048e0   0x00000008   Data   RO         3587    .constdata          system_stm32f4xx.o
    0x080048e8   0x080048e8   0x00000020   Data   RO         3834    Region$$Table       anon$$obj.o


    Execution Region RW_IRAM1 (Exec base: 0x20000000, Load base: 0x08004908, Size: 0x00000af0, Max: 0x00020000, ABSOLUTE)

    Exec Addr    Load Addr    Size         Type   Attr      Idx    E Section Name        Object

    0x20000000   0x08004908   0x000000cc   Data   RW          376    .data               main.o
    0x200000cc   0x080049d4   0x00000008   Data   RW          569    .data               stm32f4xx_it.o
    0x200000d4   0x080049dc   0x0000000c   Data   RW         2099    .data               stm32f4xx_hal.o
    0x200000e0   0x080049e8   0x00000004   Data   RW         3588    .data               system_stm32f4xx.o
    0x200000e4   0x080049ec   0x00000004   Data   RW         3634    .data               pca9685.o
    0x200000e8   0x080049f0   0x00000004   Data   RW         3808    .data               mc_w.l(mvars.o)
    0x200000ec   0x080049f4   0x00000004   Data   RW         3809    .data               mc_w.l(mvars.o)
    0x200000f0        -       0x0000033f   Zero   RW          372    .bss                main.o
    0x2000042f   0x080049f8   0x00000001   PAD
    0x20000430        -       0x00000060   Zero   RW          373    .bss                main.o
    0x20000490        -       0x00000060   Zero   RW          374    .bss                main.o
    0x200004f0        -       0x00000200   Zero   RW            2    HEAP                startup_stm32f407xx.o
    0x200006f0        -       0x00000400   Zero   RW            1    STACK               startup_stm32f407xx.o


==============================================================================

Image component sizes


      Code (inc. data)   RO Data    RW Data    ZI Data      Debug   Object Name

      4798        364          0        204       1023      24246   main.o
       410         54          0          4          0       4540   pca9685.o
       460          6          0          0          0       4140   pid_controller.o
         0          0          0          0          0     692268   servo.o
        36          8        392          0       1536        828   startup_stm32f407xx.o
       180         28          0         12          0       9349   stm32f4xx_hal.o
       198         14          0          0          0      33903   stm32f4xx_hal_cortex.o
       938         16          8          0          0       6406   stm32f4xx_hal_dma.o
       450         46          0          0          0       2372   stm32f4xx_hal_gpio.o
      2630         68          0          0          0      14828   stm32f4xx_hal_i2c.o
       960        102          0          0          0       4952   stm32f4xx_hal_msp.o
      1328         72          0          0          0       5180   stm32f4xx_hal_rcc.o
      1890         90          0          0          0      17317   stm32f4xx_hal_tim.o
       148         28          0          0          0       2425   stm32f4xx_hal_tim_ex.o
      1468         44          0          0          0      13196   stm32f4xx_hal_uart.o
       132         46          0          8          0       7444   stm32f4xx_it.o
        28          6         24          4          0       1107   system_stm32f4xx.o

    ----------------------------------------------------------------------
     16092        992        456        232       2560     844501   Object Totals
         0          0         32          0          0          0   (incl. Generated)
        38          0          0          0          1          0   (incl. Padding)

    ----------------------------------------------------------------------

      Code (inc. data)   RO Data    RW Data    ZI Data      Debug   Library Member Name

       280         28          0          0          0        156   floor.o
         0          0          0          0          0          0   entry.o
         0          0          0          0          0          0   entry10a.o
         0          0          0          0          0          0   entry11a.o
         8          4          0          0          0          0   entry2.o
         4          0          0          0          0          0   entry5.o
         0          0          0          0          0          0   entry7b.o
         0          0          0          0          0          0   entry8b.o
         8          4          0          0          0          0   entry9a.o
        30          0          0          0          0          0   handlers.o
        36          8          0          0          0         68   init.o
         0          0          0          0          0          0   iusefp.o
        30          0          0          0          0         68   llshl.o
        36          0          0          0          0         68   llsshr.o
        32          0          0          0          0         68   llushr.o
       188         20          0          0          0        160   malloc.o
        26          0          0          0          0         80   memcmp.o
        36          0          0          0          0        108   memseta.o
         0          0          0          8          0          0   mvars.o
        98          0          0          0          0         92   uldiv.o
        48          0          0          0          0         68   cdrcmple.o
        56          0          0          0          0         88   d2f.o
       334          0          0          0          0        148   dadd.o
       222          0          0          0          0        100   ddiv.o
       186          0          0          0          0        176   depilogue.o
        50          0          0          0          0         76   dfixui.o
        34          0          0          0          0         76   dflti.o
        26          0          0          0          0         76   dfltui.o
       228          0          0          0          0         96   dmul.o
        38          0          0          0          0         68   f2d.o
       110          0          0          0          0        168   fepilogue.o

    ----------------------------------------------------------------------
      2148         64          0          8          0       2008   Library Totals
         4          0          0          0          0          0   (incl. Padding)

    ----------------------------------------------------------------------

      Code (inc. data)   RO Data    RW Data    ZI Data      Debug   Library Name

       280         28          0          0          0        156   m_wm.l
       532         36          0          8          0        712   mc_w.l
      1332          0          0          0          0       1140   mf_w.l

    ----------------------------------------------------------------------
      2148         64          0          8          0       2008   Library Totals

    ----------------------------------------------------------------------

==============================================================================


      Code (inc. data)   RO Data    RW Data    ZI Data      Debug   

     18240       1056        456        240       2560     832929   Grand Totals
     18240       1056        456        240       2560     832929   ELF Image Totals
     18240       1056        456        240          0          0   ROM Totals

==============================================================================

    Total RO  Size (Code + RO Data)                18696 (  18.26kB)
    Total RW  Size (RW Data + ZI Data)              2800 (   2.73kB)
    Total ROM Size (Code + RO Data + RW Data)      18936 (  18.49kB)

==============================================================================

